/Users/lukeinkster/Documents/QualitasCorpus-20130901r/Systems/ant.debugger/src/org/netbeans/modules/ant/debugger/DebuggerBreakpointAnnotation.java
  attach(annotatable)
/Users/lukeinkster/Documents/QualitasCorpus-20130901r/Systems/ant.debugger/src/org/netbeans/modules/ant/debugger/IOManager.java
  debuggerIO.setFocusTaken(false)
/Users/lukeinkster/Documents/QualitasCorpus-20130901r/Systems/ant.debugger/src/org/netbeans/modules/ant/debugger/AdvancedActionPanel.java
  initComponents()
  initializeFields()
/Users/lukeinkster/Documents/QualitasCorpus-20130901r/Systems/ant.debugger/src/org/netbeans/modules/ant/debugger/VariablesModel.java
  debugger.setVariablesModel(this)
/Users/lukeinkster/Documents/QualitasCorpus-20130901r/Systems/ant.debugger/src/org/netbeans/modules/ant/debugger/WatchesModel.java
  debugger.setWatchesModel(this)
/Users/lukeinkster/Documents/QualitasCorpus-20130901r/Systems/ant.debugger/src/org/netbeans/modules/ant/debugger/DebuggerAnnotation.java
  attach(annotatable)
/Users/lukeinkster/Documents/QualitasCorpus-20130901r/Systems/ant.debugger/src/org/netbeans/modules/ant/debugger/RunTargetsAction.java
  super.setEnabled(project!=null)
/Users/lukeinkster/Documents/QualitasCorpus-20130901r/Systems/ant.freeform/src/org/netbeans/modules/ant/freeform/FreeformSources.java
  initSources()
/Users/lukeinkster/Documents/QualitasCorpus-20130901r/Systems/ant.freeform/src/org/netbeans/modules/ant/freeform/ui/BasicProjectInfoWizardPanel.java
  getComponent().setName(NbBundle.getMessage(BasicProjectInfoWizardPanel.class,"WizardPanel_NameAndLocation"))
/Users/lukeinkster/Documents/QualitasCorpus-20130901r/Systems/ant.freeform/src/org/netbeans/modules/ant/freeform/ui/UnboundTargetAlert.java
  initComponents()
  listTargets()
  initComponents()
/Users/lukeinkster/Documents/QualitasCorpus-20130901r/Systems/ant.freeform/src/org/netbeans/modules/ant/freeform/FreeformSharabilityQuery.java
  helper.addAntProjectListener(this)
/Users/lukeinkster/Documents/QualitasCorpus-20130901r/Systems/ant.freeform/src/org/netbeans/modules/ant/freeform/ui/GeneralInformationPanel.java
  initComponents()
  projectFolderTextField.setText(FileUtil.getFileDisplayName(helper.getProjectDirectory()))
/Users/lukeinkster/Documents/QualitasCorpus-20130901r/Systems/ant.freeform/src/org/netbeans/modules/ant/freeform/Actions.java
  setEnabled(false)
  putValue(DynamicMenuContent.HIDE_WHEN_DISABLED,true)
/Users/lukeinkster/Documents/QualitasCorpus-20130901r/Systems/ant.freeform/src/org/netbeans/modules/ant/freeform/ui/TargetMappingWizardPanel.java
  getComponent().setName(NbBundle.getMessage(TargetMappingWizardPanel.class,"WizardPanel_BuildAndRunActions"))
/Users/lukeinkster/Documents/QualitasCorpus-20130901r/Systems/ant.freeform/src/org/netbeans/modules/ant/freeform/FreeformEvaluator.java
  init()
  project.helper().addAntProjectListener(this)
/Users/lukeinkster/Documents/QualitasCorpus-20130901r/Systems/ant.freeform/src/org/netbeans/modules/ant/freeform/FreeformProject.java
  lookup=initLookup()
  Logger.getLogger(FreeformProject.class.getName()).log(Level.FINER,"Initializing project in {0} with {1}",newObject[]{helper,lookup})
  helper.addAntProjectListener(this)
/Users/lukeinkster/Documents/QualitasCorpus-20130901r/Systems/ant.freeform/src/org/netbeans/modules/ant/freeform/ui/FolderNodeFactory.java
  VisibilityQuery.getDefault().addChangeListener(this)
/Users/lukeinkster/Documents/QualitasCorpus-20130901r/Systems/ant.freeform/src/org/netbeans/modules/ant/freeform/ui/TargetMappingPanel.java
  this(newArrayList<TargetDescriptor>(),advancedPart)
  initComponents()
  customTargets.setModel(customTargetsModel)
  customTargets.getTableHeader().setReorderingAllowed(false)
  addTargets(extraTargets)
  showAdvancedPart(advancedPart)
  this(extraTargets,true)
  antScript=defaultAntScript(evaluator)
  initMappings(FreeformProjectGenerator.getTargetMappings(helper),antScript)
  customTargetsModel.fireTableDataChanged()
  updateButtons()
/Users/lukeinkster/Documents/QualitasCorpus-20130901r/Systems/ant.freeform/src/org/netbeans/modules/ant/freeform/FreeformFileEncodingQueryImpl.java
  evaluator.addPropertyChangeListener(this)
/Users/lukeinkster/Documents/QualitasCorpus-20130901r/Systems/antlr4-4.0/tool/src/org/antlr/v4/codegen/model/ListenerFile.java
  grammarName=g.name
/Users/lukeinkster/Documents/QualitasCorpus-20130901r/Systems/antlr4-4.0/runtime/Java/src/org/antlr/v4/runtime/CommonTokenStream.java
  this(tokenSource)
/Users/lukeinkster/Documents/QualitasCorpus-20130901r/Systems/antlr4-4.0/runtime/Java/src/org/antlr/v4/runtime/misc/Array2DHashSet.java
  this(null,INITAL_CAPACITY,INITAL_BUCKET_CAPACITY)
  this(comparator,INITAL_CAPACITY,INITAL_BUCKET_CAPACITY)
  this.buckets=createBuckets(initialCapacity)
/Users/lukeinkster/Documents/QualitasCorpus-20130901r/Systems/antlr4-4.0/tool/src/org/antlr/v4/codegen/model/RuleFunction.java
  this.name=r.name
  index=r.index
  addContextGetters(factory,r)
  frequencies.push(newFrequencySet<String>())
/Users/lukeinkster/Documents/QualitasCorpus-20130901r/Systems/antlr4-4.0/antlr4-maven-plugin/src/main/java/org/antlr/mojo/antlr4/Antlr4Mojo.java
  addListener(newAntlr4ErrorLog(getLog()))
/Users/lukeinkster/Documents/QualitasCorpus-20130901r/Systems/antlr4-4.0/tool/src/org/antlr/v4/codegen/model/decl/StructDecl.java
  addDispatchMethods(r)
  derivedFromName=r.name
/Users/lukeinkster/Documents/QualitasCorpus-20130901r/Systems/antlr4-4.0/runtime/Java/src/org/antlr/v4/runtime/misc/FlexibleHashMap.java
  this(null,INITAL_CAPACITY,INITAL_BUCKET_CAPACITY)
  this(comparator,INITAL_CAPACITY,INITAL_BUCKET_CAPACITY)
  this.buckets=createEntryListArray(initialBucketCapacity)
/Users/lukeinkster/Documents/QualitasCorpus-20130901r/Systems/antlr4-4.0/runtime/Java/src/org/antlr/v4/runtime/tree/gui/TreeViewer.java
  setTreeTextProvider(newDefaultTreeTextProvider(ruleNames))
  updatePreferredSize()
  setFont(font)
/Users/lukeinkster/Documents/QualitasCorpus-20130901r/Systems/antlr4-4.0/tool/src/org/antlr/v4/tool/interp/LexerInterpreter.java
  this(g)
  setInput(inputString)
  antlr.process(g,false)
/Users/lukeinkster/Documents/QualitasCorpus-20130901r/Systems/antlr4-4.0/runtime/Java/src/org/antlr/v4/runtime/ANTLRInputStream.java
  this(r,INITIAL_BUFFER_SIZE,READ_BUFFER_SIZE)
  this(r,initialSize,READ_BUFFER_SIZE)
  load(r,initialSize,readChunkSize)
  this(newInputStreamReader(input),INITIAL_BUFFER_SIZE)
  this(newInputStreamReader(input),initialSize)
  this(newInputStreamReader(input),initialSize,readChunkSize)
/Users/lukeinkster/Documents/QualitasCorpus-20130901r/Systems/antlr4-4.0/tool/src/org/antlr/v4/tool/ast/GrammarRootAST.java
  this.grammarType=node.grammarType
  this.hasErrors=node.hasErrors
  this.tokenStream=node.tokenStream
/Users/lukeinkster/Documents/QualitasCorpus-20130901r/Systems/antlr4-4.0/tool/src/org/antlr/v4/codegen/model/LL1OptionalBlockSingleAlt.java
  this.decision=((DecisionState)blkAST.atnState).decision
  altLook=getAltLookaheadAsStringLists(altLookSets)
  this.error=getThrowNoViableAlt(factory,blkAST,expecting)
  expr=addCodeForLookaheadTempVar(look)
/Users/lukeinkster/Documents/QualitasCorpus-20130901r/Systems/antlr4-4.0/tool/src/org/antlr/v4/codegen/model/RuleActionFunction.java
  name=r.name
  ruleIndex=r.index
/Users/lukeinkster/Documents/QualitasCorpus-20130901r/Systems/antlr4-4.0/tool/src/org/antlr/v4/tool/Grammar.java
  this.tokenStream=ast.tokenStream
  initTokenSymbolTables()
  this(GRAMMAR_FROM_STRING_NAME,grammarText,null)
  this(GRAMMAR_FROM_STRING_NAME,grammarText,listener)
  this(fileName,grammarText,null)
  this.tool.addListener(listener)
  this.tokenStream=ast.tokenStream
  v.visit(ast,newTreeVisitorAction(){@OverridepublicObjectpre(Objectt){((GrammarAST)t).g=thiz;returnt;}@OverridepublicObjectpost(Objectt){returnt;}})
  initTokenSymbolTables()
  tool.process(this,false)
/Users/lukeinkster/Documents/QualitasCorpus-20130901r/Systems/antlr4-4.0/runtime/Java/src/org/antlr/v4/runtime/atn/LexerATNConfig.java
  this.lexerActionIndex=c.lexerActionIndex
  this.passedThroughNonGreedyDecision=checkNonGreedyDecision(c,state)
  this.passedThroughNonGreedyDecision=checkNonGreedyDecision(c,state)
  this.lexerActionIndex=c.lexerActionIndex
  this.passedThroughNonGreedyDecision=checkNonGreedyDecision(c,state)
/Users/lukeinkster/Documents/QualitasCorpus-20130901r/Systems/antlr4-4.0/tool/src/org/antlr/v4/codegen/Target.java
  addBadWords()
/Users/lukeinkster/Documents/QualitasCorpus-20130901r/Systems/antlr4-4.0/tool/src/org/antlr/v4/codegen/model/PlusBlock.java
  blockStartStateNumber=blkStart.stateNumber
  loopBackStateNumber=loop.stateNumber
  this.error=getThrowNoViableAlt(factory,plusRoot,null)
  decision=loop.decision
/Users/lukeinkster/Documents/QualitasCorpus-20130901r/Systems/antlr4-4.0/tool/src/org/antlr/v4/tool/ast/AltAST.java
  this.alt=node.alt
  this.altLabel=node.altLabel
  this.leftRecursiveAltInfo=node.leftRecursiveAltInfo
/Users/lukeinkster/Documents/QualitasCorpus-20130901r/Systems/antlr4-4.0/tool/src/org/antlr/v4/tool/interp/ParserInterpreter.java
  antlr.process(g,false)
/Users/lukeinkster/Documents/QualitasCorpus-20130901r/Systems/antlr4-4.0/runtime/Java/src/org/antlr/v4/runtime/atn/ParserATNSimulator.java
  this(null,atn,decisionToDFA,sharedContextCache)
/Users/lukeinkster/Documents/QualitasCorpus-20130901r/Systems/antlr4-4.0/tool/src/org/antlr/v4/codegen/model/OutputModelObject.java
  this(factory,null)
/Users/lukeinkster/Documents/QualitasCorpus-20130901r/Systems/antlr4-4.0/tool/src/org/antlr/v4/codegen/model/StarBlock.java
  decision=star.decision
/Users/lukeinkster/Documents/QualitasCorpus-20130901r/Systems/antlr4-4.0/runtime/Java/src/org/antlr/v4/runtime/dfa/DFA.java
  this(atnStartState,0)
/Users/lukeinkster/Documents/QualitasCorpus-20130901r/Systems/antlr4-4.0/tool/src/org/antlr/v4/Tool.java
  this(fieldName,name,OptionArgType.NONE,description)
  this(null)
  errMgr.setFormat(msgFormat)
  handleArgs()
/Users/lukeinkster/Documents/QualitasCorpus-20130901r/Systems/antlr4-4.0/tool/src/org/antlr/v4/codegen/model/LL1AltBlock.java
  this.decision=((DecisionState)blkAST.atnState).decision
  altLook=getAltLookaheadAsStringLists(altLookSets)
  this.error=getThrowNoViableAlt(factory,blkAST,expecting)
/Users/lukeinkster/Documents/QualitasCorpus-20130901r/Systems/antlr4-4.0/tool/src/org/antlr/v4/analysis/LeftRecursiveRuleTransformer.java
  this.tool=g.tool
/Users/lukeinkster/Documents/QualitasCorpus-20130901r/Systems/antlr4-4.0/tool/src/org/antlr/v4/tool/ast/StarBlockAST.java
  _greedy=node._greedy
  _greedy=nongreedy==null
/Users/lukeinkster/Documents/QualitasCorpus-20130901r/Systems/antlr4-4.0/tool/src/org/antlr/v4/tool/ast/PlusBlockAST.java
  _greedy=node._greedy
  _greedy=nongreedy==null
/Users/lukeinkster/Documents/QualitasCorpus-20130901r/Systems/antlr4-4.0/tool/src/org/antlr/v4/codegen/CodeGenerator.java
  this(g.tool,g,g.getOptionString("language"))
  loadLanguageTarget(language)
  loadTemplates(language)
/Users/lukeinkster/Documents/QualitasCorpus-20130901r/Systems/antlr4-4.0/tool/src/org/antlr/v4/tool/ast/GrammarAST.java
  this.g=node.g
  this.atnState=node.atnState
  this.textOverride=node.textOverride
  this(newCommonToken(type,t.getText()))
  token.setInputStream(t.getInputStream())
  token.setLine(t.getLine())
  token.setCharPositionInLine(t.getCharPositionInLine())
  token.setTokenIndex(t.getTokenIndex())
  this(newCommonToken(type,text))
  token.setInputStream(t.getInputStream())
  token.setLine(t.getLine())
  token.setCharPositionInLine(t.getCharPositionInLine())
  token.setTokenIndex(t.getTokenIndex())
/Users/lukeinkster/Documents/QualitasCorpus-20130901r/Systems/antlr4-4.0/runtime/Java/src/org/antlr/v4/runtime/tree/gui/PostScriptDocument.java
  this(DEFAULT_FONT,12)
  header()
  setFont(fontName,fontSize)
/Users/lukeinkster/Documents/QualitasCorpus-20130901r/Systems/antlr4-4.0/runtime/Java/src/org/antlr/v4/runtime/TokenStreamRewriter.java
  programs.put(DEFAULT_PROGRAM_NAME,newArrayList<RewriteOperation>(PROGRAM_INIT_SIZE))
/Users/lukeinkster/Documents/QualitasCorpus-20130901r/Systems/antlr4-4.0/tool/src/org/antlr/v4/tool/ast/GrammarASTWithOptions.java
  this.options=node.options
/Users/lukeinkster/Documents/QualitasCorpus-20130901r/Systems/antlr4-4.0/tool/src/org/antlr/v4/automata/LexerATNFactory.java
  codegenTemplates=gen.templates
/Users/lukeinkster/Documents/QualitasCorpus-20130901r/Systems/antlr4-4.0/runtime/Java/src/org/antlr/v4/runtime/misc/ParseCancellationException.java
  initCause(cause)
  initCause(cause)
/Users/lukeinkster/Documents/QualitasCorpus-20130901r/Systems/antlr4-4.0/tool/src/org/antlr/v4/codegen/model/SrcOp.java
  this(factory,null)
/Users/lukeinkster/Documents/QualitasCorpus-20130901r/Systems/antlr4-4.0/runtime/Java/src/org/antlr/v4/runtime/InputMismatchException.java
  this.setOffendingToken(recognizer.getCurrentToken())
/Users/lukeinkster/Documents/QualitasCorpus-20130901r/Systems/antlr4-4.0/tool/src/org/antlr/v4/analysis/LeftRecursiveRuleAltInfo.java
  this(altNum,altText,null,null,null)
/Users/lukeinkster/Documents/QualitasCorpus-20130901r/Systems/antlr4-4.0/runtime/Java/src/org/antlr/v4/runtime/UnbufferedTokenStream.java
  this(tokenSource,256)
  fill(1)
/Users/lukeinkster/Documents/QualitasCorpus-20130901r/Systems/antlr4-4.0/tool/src/org/antlr/v4/codegen/model/AltBlock.java
  decision=((BlockStartState)blkOrEbnfRootAST.atnState).decision
/Users/lukeinkster/Documents/QualitasCorpus-20130901r/Systems/antlr4-4.0/tool/src/org/antlr/v4/codegen/model/Parser.java
  grammarName=g.name
/Users/lukeinkster/Documents/QualitasCorpus-20130901r/Systems/antlr4-4.0/tool/src/org/antlr/v4/analysis/LeftRecursiveRuleAnalyzer.java
  loadPrecRuleTemplates()
/Users/lukeinkster/Documents/QualitasCorpus-20130901r/Systems/antlr4-4.0/tool/src/org/antlr/v4/tool/ANTLRMessage.java
  this(errorType,(Throwable)null)
  this(errorType,null,args)
/Users/lukeinkster/Documents/QualitasCorpus-20130901r/Systems/antlr4-4.0/runtime/Java/src/org/antlr/v4/runtime/atn/ActionTransition.java
  this(target,ruleIndex,-1,false)
/Users/lukeinkster/Documents/QualitasCorpus-20130901r/Systems/antlr4-4.0/tool/src/org/antlr/v4/codegen/model/OutputFile.java
  grammarFileName=g.fileName
  ANTLRVersion=Tool.VERSION
/Users/lukeinkster/Documents/QualitasCorpus-20130901r/Systems/antlr4-4.0/tool/src/org/antlr/v4/tool/ast/ActionAST.java
  this.resolver=node.resolver
  this.chunks=node.chunks
/Users/lukeinkster/Documents/QualitasCorpus-20130901r/Systems/antlr4-4.0/tool/src/org/antlr/v4/tool/ast/OptionalBlockAST.java
  _greedy=node._greedy
  _greedy=nongreedy==null
/Users/lukeinkster/Documents/QualitasCorpus-20130901r/Systems/antlr4-4.0/runtime/Java/src/org/antlr/v4/runtime/UnbufferedCharStream.java
  this(256)
  this(input,256)
  this(input,256)
  this(bufferSize)
  fill(1)
  this(bufferSize)
  fill(1)
/Users/lukeinkster/Documents/QualitasCorpus-20130901r/Systems/antlr4-4.0/runtime/Java/src/org/antlr/v4/runtime/misc/TestRig.java
  grammarName=args[i]
  startRuleName=args[i]
/Users/lukeinkster/Documents/QualitasCorpus-20130901r/Systems/antlr4-4.0/tool/src/org/antlr/v4/tool/Attribute.java
  this(name,null)
/Users/lukeinkster/Documents/QualitasCorpus-20130901r/Systems/antlr4-4.0/runtime/Java/src/org/antlr/v4/runtime/Parser.java
  setInputStream(input)
/Users/lukeinkster/Documents/QualitasCorpus-20130901r/Systems/antlr4-4.0/tool/src/org/antlr/v4/codegen/model/decl/Decl.java
  this(factory,name)
/Users/lukeinkster/Documents/QualitasCorpus-20130901r/Systems/antlr4-4.0/tool/src/org/antlr/v4/codegen/model/LL1PlusBlockSingleAlt.java
  blockStartStateNumber=blkStart.stateNumber
  loopExpr=addCodeForLoopLookaheadTempVar(loopBackLook)
/Users/lukeinkster/Documents/QualitasCorpus-20130901r/Systems/antlr4-4.0/runtime/Java/src/org/antlr/v4/runtime/NoViableAltException.java
  this(recognizer,recognizer.getInputStream(),recognizer.getCurrentToken(),recognizer.getCurrentToken(),null,recognizer._ctx)
  this.setOffendingToken(offendingToken)
/Users/lukeinkster/Documents/QualitasCorpus-20130901r/Systems/antlr4-4.0/runtime/Java/src/org/antlr/v4/runtime/atn/ATNConfigSet.java
  this(true)
  this(old.fullCtx)
  addAll(old)
  this.uniqueAlt=old.uniqueAlt
  this.conflictingAlts=old.conflictingAlts
  this.hasSemanticContext=old.hasSemanticContext
  this.dipsIntoOuterContext=old.dipsIntoOuterContext
  this(comparator,16,2)
/Users/lukeinkster/Documents/QualitasCorpus-20130901r/Systems/antlr4-4.0/runtime/Java/src/org/antlr/v4/runtime/atn/LexerATNSimulator.java
  this(null,atn,decisionToDFA,sharedContextCache)
/Users/lukeinkster/Documents/QualitasCorpus-20130901r/Systems/antlr4-4.0/runtime/Java/src/org/antlr/v4/runtime/tree/gui/TreePostScriptGenerator.java
  this(ruleNames,root,PostScriptDocument.DEFAULT_FONT,11)
  setTreeTextProvider(newTreeViewer.DefaultTreeTextProvider(ruleNames))
/Users/lukeinkster/Documents/QualitasCorpus-20130901r/Systems/antlr4-4.0/tool/src/org/antlr/v4/codegen/model/LL1StarBlock.java
  this.decision=star.decision
  System.arraycopy(altLookSets,0,copy,0,altLookSets.length-1)
  altLook=getAltLookaheadAsStringLists(altLookSets)
/Users/lukeinkster/Documents/QualitasCorpus-20130901r/Systems/antlr4-4.0/tool/src/org/antlr/v4/codegen/DefaultOutputModelFactory.java
  this.g=gen.g
/Users/lukeinkster/Documents/QualitasCorpus-20130901r/Systems/antlr4-4.0/runtime/Java/src/org/antlr/v4/runtime/CommonTokenFactory.java
  this(false)
/Users/lukeinkster/Documents/QualitasCorpus-20130901r/Systems/antlr4-4.0/tool/src/org/antlr/v4/codegen/model/MatchSet.java
  factory.getCurrentRuleFunction().addLocalDecl(d)
/Users/lukeinkster/Documents/QualitasCorpus-20130901r/Systems/antlr4-4.0/runtime/Java/src/org/antlr/v4/runtime/misc/IntegerList.java
  _size=list._size
  this(list.size())
/Users/lukeinkster/Documents/QualitasCorpus-20130901r/Systems/antlr4-4.0/tool/src/org/antlr/v4/codegen/model/Action.java
  chunks.add(newActionTemplate(ctx,actionST))
/Users/lukeinkster/Documents/QualitasCorpus-20130901r/Systems/antlr4-4.0/tool/src/org/antlr/v4/codegen/model/LL1StarBlockSingleAlt.java
  this.decision=star.decision
  loopExpr=addCodeForLoopLookaheadTempVar(enterLook)
/Users/lukeinkster/Documents/QualitasCorpus-20130901r/Systems/antlr4-4.0/runtime/Java/src/org/antlr/v4/runtime/FailedPredicateException.java
  this(recognizer,null)
  this(recognizer,predicate,null)
  this.ruleIndex=trans.ruleIndex
  this.predicateIndex=trans.predIndex
  this.setOffendingToken(recognizer.getCurrentToken())
/Users/lukeinkster/Documents/QualitasCorpus-20130901r/Systems/antlr4-4.0/tool/src/org/antlr/v4/codegen/model/Loop.java
  exitAlt=nongreedy?1:alts.size()+1
/Users/lukeinkster/Documents/QualitasCorpus-20130901r/Systems/antlr4-4.0/tool/src/org/antlr/v4/codegen/model/LL1PlusBlock.java
  blockStartStateNumber=blkStart.stateNumber
  this.decision=blkStart.decision
  altLook=getAltLookaheadAsStringLists(altLookSets)
  this.error=getThrowNoViableAlt(factory,plusRoot,all)
  loopExpr=addCodeForLoopLookaheadTempVar(all)
/Users/lukeinkster/Documents/QualitasCorpus-20130901r/Systems/antlr4-4.0/tool/src/org/antlr/v4/codegen/model/VisitorFile.java
  grammarName=g.name
/Users/lukeinkster/Documents/QualitasCorpus-20130901r/Systems/antlr4-4.0/runtime/Java/src/org/antlr/v4/runtime/misc/IntervalSet.java
  this()
  addAll(set)
/Users/lukeinkster/Documents/QualitasCorpus-20130901r/Systems/antlr4-4.0/runtime/Java/src/org/antlr/v4/runtime/atn/ArrayPredictionContext.java
  this(newPredictionContext[]{a.parent},newint[]{a.returnState})
/Users/lukeinkster/Documents/QualitasCorpus-20130901r/Systems/antlr4-4.0/runtime/Java/src/org/antlr/v4/runtime/atn/ATNConfig.java
  this.state=old.state
  this.alt=old.alt
  this.context=old.context
  this.semanticContext=old.semanticContext
  this.reachesIntoOuterContext=old.reachesIntoOuterContext
  this(state,alt,context,SemanticContext.NONE)
  this(c,state,c.context,c.semanticContext)
  this(c,state,c.context,semanticContext)
  this(c,c.state,c.context,semanticContext)
  this(c,state,context,c.semanticContext)
  this.alt=c.alt
  this.reachesIntoOuterContext=c.reachesIntoOuterContext
/Users/lukeinkster/Documents/QualitasCorpus-20130901r/Systems/antlr4-4.0/runtime/Java/src/org/antlr/v4/runtime/ANTLRFileStream.java
  this(fileName,null)
  load(fileName,encoding)
/Users/lukeinkster/Documents/QualitasCorpus-20130901r/Systems/AoIsrc281/ArtOfIllusion/src/artofillusion/CameraFilterDialog.java
  setContent(content)
  content.add(filtersPanel,0,0,fillLayout)
  content.add(previewPanel,1,0,newLayoutInfo())
  content.add(okPanel,0,1,2,1,newLayoutInfo())
  preview.addEventLink(RepaintEvent.class,this,"paintPreview")
  preview.setPreferredSize(newDimension(PREVIEW_WIDTH,PREVIEW_HEIGHT))
  previewPanel.add(preview,BorderContainer.CENTER)
  previewPanel.add(Translate.button("configurePreview",this,"doConfigure"),BorderContainer.SOUTH,newLayoutInfo())
  okPanel.add(Translate.button("ok",this,"doOk"))
  okPanel.add(Translate.button("cancel",this,"doCancel"))
  configureRenderer(recordedConfig,previewRenderer)
  renderPreview()
  pack()
  UIUtilities.centerDialog(this,parent.getFrame())
  setVisible(true)
  editorPane.setPreferredViewSize(newDimension(200,150))
  add(listsPanel,0,0,fillLayout)
  add(BOutline.createBevelBorder(editorPane,false),0,1,newLayoutInfo(LayoutInfo.CENTER,LayoutInfo.BOTH,newInsets(2,2,2,2),null))
  listsPanel.add(UIUtilities.createScrollingList(allFiltersList=newBList()),0,0,fillLayout)
  listsPanel.add(buttonsPanel,1,0)
  listsPanel.add(UIUtilities.createScrollingList(cameraFiltersList=newBList()),2,0,fillLayout)
  buttonsPanel.setDefaultLayout(newLayoutInfo(LayoutInfo.CENTER,LayoutInfo.HORIZONTAL,newInsets(2,2,2,2),null))
  buttonsPanel.add(addButton=Translate.button("add"," >>",this,"doAdd"))
  buttonsPanel.add(deleteButton=Translate.button("delete",this,"doDelete"))
  buttonsPanel.add(upButton=Translate.button("moveUp",this,"doMoveUp"))
  buttonsPanel.add(downButton=Translate.button("moveDown",this,"doMoveDown"))
  allFiltersList.addEventLink(SelectionChangedEvent.class,this,"updateComponents")
  cameraFiltersList.addEventLink(SelectionChangedEvent.class,this,"updateComponents")
  allFiltersList.setMultipleSelectionEnabled(false)
  cameraFiltersList.setMultipleSelectionEnabled(false)
  rebuildFilterList()
  ((BScrollPane)cameraFiltersList.getParent()).setPreferredViewSize(allFiltersList.getPreferredSize())
  updateComponents()
/Users/lukeinkster/Documents/QualitasCorpus-20130901r/Systems/AoIsrc281/ArtOfIllusion/src/artofillusion/TexturesDialog.java
  setContent(BOutline.createEmptyBorder(content,UIUtilities.getStandardDialogInsets()))
  buttons.setDefaultLayout(newLayoutInfo(LayoutInfo.CENTER,LayoutInfo.HORIZONTAL,null,null))
  content.add(buttons,BorderContainer.WEST)
  buttons.add(b[0]=Translate.button("new","...",this,"doNew"))
  buttons.add(b[1]=Translate.button("copy","...",this,"doCopy"))
  buttons.add(b[2]=Translate.button("delete","...",this,"doDelete"))
  buttons.add(b[3]=Translate.button("import","...",this,"doImport"))
  buttons.add(b[4]=Translate.button("edit","...",this,"doEdit"))
  buttons.add(b[5]=Translate.button("close",this,"dispose"))
  texList.setMultipleSelectionEnabled(false)
  content.add(UIUtilities.createScrollingList(texList),BorderContainer.CENTER)
  texList.addEventLink(SelectionChangedEvent.class,this,"hilightButtons")
  texList.addEventLink(MouseClickedEvent.class,this,"mouseClicked")
  sc.addTextureListener(this)
  addEventLink(WindowClosingEvent.class,this,"dispose")
  hilightButtons()
  pack()
  UIUtilities.centerDialog(this,parent)
/Users/lukeinkster/Documents/QualitasCorpus-20130901r/Systems/AoIsrc281/ArtOfIllusion/src/artofillusion/ScaleMeshTool.java
  initButton("scalePoints")
  manipulator.addEventLink(HandlePressedEvent.class,this,"handlePressed")
  manipulator.addEventLink(HandleDraggedEvent.class,this,"handleDragged")
  manipulator.addEventLink(HandleReleasedEvent.class,this,"handleReleased")
/Users/lukeinkster/Documents/QualitasCorpus-20130901r/Systems/AoIsrc281/ArtOfIllusion/src/artofillusion/ObjectViewer.java
  buildChoices(p)
/Users/lukeinkster/Documents/QualitasCorpus-20130901r/Systems/AoIsrc281/ArtOfIllusion/src/artofillusion/texture/FaceVertexParameterValue.java
  setValue(val)
/Users/lukeinkster/Documents/QualitasCorpus-20130901r/Systems/AoIsrc281/Renderers/src/artofillusion/raytracer/RTDisplacedTriangle.java
  minheight=Double.MAX_VALUE
  d=1.0/divisions
  bounds.outset(0.5*tol)
/Users/lukeinkster/Documents/QualitasCorpus-20130901r/Systems/AoIsrc281/Tools/src/artofillusion/tools/ArrayDialog.java
  setContent(BOutline.createEmptyBorder(content,UIUtilities.getStandardDialogInsets()))
  content.setDefaultLayout(newLayoutInfo(LayoutInfo.CENTER,LayoutInfo.NONE,newInsets(0,0,15,0),null))
  content.add(newBLabel("Create Array of Selected Objects:"),newLayoutInfo())
  content.add(createLinearPanel())
  content.add(createCurvePanel())
  content.add(createOptionsPanel())
  content.add(createFinishPanel())
  updateSpec()
  pack()
  UIUtilities.centerDialog(this,window)
  setVisible(true)
/Users/lukeinkster/Documents/QualitasCorpus-20130901r/Systems/AoIsrc281/ArtOfIllusion/src/artofillusion/object/SceneCamera.java
  focalDist=Camera.DEFAULT_DISTANCE_TO_SCREEN
  this(in.readDouble(),in.readDouble(),in.readDouble())
/Users/lukeinkster/Documents/QualitasCorpus-20130901r/Systems/AoIsrc281/ArtOfIllusion/src/artofillusion/CreateVertexTool.java
  initButton("createVertex")
/Users/lukeinkster/Documents/QualitasCorpus-20130901r/Systems/AoIsrc281/ArtOfIllusion/src/artofillusion/animation/TextureTrack.java
  smoothingMethod=Timecourse.INTERPOLATING
/Users/lukeinkster/Documents/QualitasCorpus-20130901r/Systems/AoIsrc281/ArtOfIllusion/src/artofillusion/animation/ProceduralPositionTrack.java
  smoothingMethod=Timecourse.INTERPOLATING
/Users/lukeinkster/Documents/QualitasCorpus-20130901r/Systems/AoIsrc281/ArtOfIllusion/src/artofillusion/procedural/Module.java
  layout()
/Users/lukeinkster/Documents/QualitasCorpus-20130901r/Systems/AoIsrc281/Renderers/src/artofillusion/raytracer/EllipsoidPhotonSource.java
  rx=obj.rx
  ry=obj.ry
  rz=obj.rz
  fromLocal=obj.fromLocal
  param=obj.param
  texMap.getTexture().getAverageSpec(spec,map.getRaytracer().time,obj.param)
  color.copy(spec.emissive)
  rx=ry=rz=obj.r
  fromLocal=obj.fromLocal
  param=obj.param
  texMap.getTexture().getAverageSpec(spec,map.getRaytracer().time,obj.param)
  color.copy(spec.emissive)
/Users/lukeinkster/Documents/QualitasCorpus-20130901r/Systems/AoIsrc281/ArtOfIllusion/src/artofillusion/UndoRecord.java
  this(win,isRedo)
  addCommand(theCommand,commandData)
/Users/lukeinkster/Documents/QualitasCorpus-20130901r/Systems/AoIsrc281/ArtOfIllusion/src/artofillusion/animation/distortion/ShatterTrack.java
  gravityAxis=ShatterDistortion.Y_AXIS
/Users/lukeinkster/Documents/QualitasCorpus-20130901r/Systems/AoIsrc281/ArtOfIllusion/src/artofillusion/image/MIPMappedImage.java
  init(im)
  init(im)
  this(in,in.readShort())
  findAverage()
/Users/lukeinkster/Documents/QualitasCorpus-20130901r/Systems/AoIsrc281/ArtOfIllusion/src/artofillusion/RotateMeshTool.java
  initButton("rotatePoints")
  manipulator.addEventLink(HandlePressedEvent.class,this,"handlePressed")
  manipulator.addEventLink(HandleDraggedEvent.class,this,"handleDragged")
  manipulator.addEventLink(HandleReleasedEvent.class,this,"handleReleased")
/Users/lukeinkster/Documents/QualitasCorpus-20130901r/Systems/AoIsrc281/ArtOfIllusion/src/artofillusion/animation/ProceduralRotationTrack.java
  smoothingMethod=Timecourse.INTERPOLATING
/Users/lukeinkster/Documents/QualitasCorpus-20130901r/Systems/AoIsrc281/HelpPlugin/src/ChatTextArea.java
  this("",0,0,false)
  this(text,0,0,false)
  this("",rows,cols,hangingIndent)
  setLayout(newBorderLayout())
  add("East",mScrollbar)
  mScrollbar.setValues(0,1,0,100)
  mScrollbar.setUnitIncrement(10)
  mScrollbar.setUnitIncrement(30)
  repaint()
  mScrollbar.addAdjustmentListener(newAdjustmentListener(){publicvoidadjustmentValueChanged(AdjustmentEvente){computeScrollbar(false);repaint();}})
/Users/lukeinkster/Documents/QualitasCorpus-20130901r/Systems/AoIsrc281/ArtOfIllusion/src/artofillusion/RenderingDialog.java
  layoutDialog(parent,cam)
  rend.renderScene(sc,cam,this,scm)
  setVisible(true)
  layoutDialog(parent,cam)
  sc.setTime(start)
  theCamera.setCameraCoordinates(sceneCamera.getCoords().duplicate())
  cam.setScreenTransform(scm.getScreenTransform(w,h),w,h)
  rend.renderScene(sc,theCamera,this,scm)
  setVisible(true)
/Users/lukeinkster/Documents/QualitasCorpus-20130901r/Systems/AoIsrc281/ArtOfIllusion/src/artofillusion/animation/ConstraintTrack.java
  xType=yType=zType=orientType=NONE
  setContent(BOutline.createEmptyBorder(content,UIUtilities.getStandardDialogInsets()))
  content.setDefaultLayout(newLayoutInfo(LayoutInfo.CENTER,LayoutInfo.HORIZONTAL,null,null))
  content.add(Translate.label("trackName"),0,0)
  content.add(nameField=newBTextField(ConstraintTrack.this.getName()),1,0,2,1)
  content.add(newBLabel("X "+constraint),0,1)
  content.add(newBLabel("Y "+constraint),0,2)
  content.add(newBLabel("Z "+constraint),0,3)
  content.add(xChoice=newBComboBox(constraintOpt),1,1)
  content.add(yChoice=newBComboBox(constraintOpt),1,2)
  content.add(zChoice=newBComboBox(constraintOpt),1,3)
  xChoice.setSelectedIndex(xType)
  yChoice.setSelectedIndex(yType)
  zChoice.setSelectedIndex(zType)
  xChoice.addEventLink(ValueChangedEvent.class,this,"updateComponents")
  yChoice.addEventLink(ValueChangedEvent.class,this,"updateComponents")
  zChoice.addEventLink(ValueChangedEvent.class,this,"updateComponents")
  content.add(xField=newValueField(pos.x,ValueField.NONE,5),2,1)
  content.add(yField=newValueField(pos.y,ValueField.NONE,5),2,2)
  content.add(zField=newValueField(pos.z,ValueField.NONE,5),2,3)
  content.add(Translate.label("Orientation"),0,4)
  content.add(orientChoice,1,4)
  orientChoice.setSelectedIndex(orientType)
  orientChoice.addEventLink(ValueChangedEvent.class,this,"updateComponents")
  content.add(orientModeChoice,2,4)
  orientModeChoice.setSelectedIndex(orientMode)
  orientModeChoice.addEventLink(ValueChangedEvent.class,this,"updateComponents")
  orientPanel.add(xyzRow)
  xyzRow.add(newBLabel("X"))
  xyzRow.add(orientXField=newValueField(orient.x,ValueField.NONE,5))
  xyzRow.add(newBLabel("Y"))
  xyzRow.add(orientYField=newValueField(orient.y,ValueField.NONE,5))
  xyzRow.add(newBLabel("Z"))
  xyzRow.add(orientZField=newValueField(orient.z,ValueField.NONE,5))
  orientPanel.add(objSelector)
  content.add(orientPanel,0,5,3,1,newLayoutInfo())
  buttons.add(Translate.button("ok",this,"doOk"))
  buttons.add(Translate.button("cancel",this,"dispose"))
  content.add(buttons,0,6,3,1,newLayoutInfo())
  pack()
  UIUtilities.centerDialog(this,win)
  updateComponents()
  setVisible(true)
/Users/lukeinkster/Documents/QualitasCorpus-20130901r/Systems/AoIsrc281/ArtOfIllusion/src/artofillusion/TriMeshEditorWindow.java
  setContent(content)
  content.setDefaultLayout(newLayoutInfo(LayoutInfo.CENTER,LayoutInfo.BOTH,null,null))
  content.add(helpText=newBLabel(),0,1,2,1)
  content.add(viewsContainer,1,0)
  buttons.add(Translate.button("ok",this,"doOk"))
  buttons.add(Translate.button("cancel",this,"doCancel"))
  content.add(buttons,0,2,2,1,newLayoutInfo())
  toolsContainer.setDefaultLayout(newLayoutInfo(LayoutInfo.NORTH,LayoutInfo.BOTH))
  content.add(toolsContainer,0,0)
  toolsContainer.add(tools=newToolPalette(1,allowTopology?11:9),0,0)
  tools.addTool(defaultTool=newReshapeMeshTool(this,this))
  tools.addTool(newScaleMeshTool(this,this))
  tools.addTool(newRotateMeshTool(this,this,false))
  tools.addTool(newSkewMeshTool(this,this))
  tools.addTool(newTaperMeshTool(this,this))
  tools.addTool(newThickenMeshTool(this,this))
  tools.addTool(compoundTool=newMoveScaleRotateMeshTool(this,this))
  tools.addTool(newSkeletonTool(this,true))
  tools.addTool(metaTool=newMoveViewTool(this))
  tools.addTool(altTool=newRotateViewTool(this))
  tools.setDefaultTool(defaultTool)
  tools.selectTool(defaultTool)
  toolsContainer.add(modes=newToolPalette(1,3),0,1)
  modes.addTool(newGenericTool(this,"point",Translate.text("pointSelectionModeTool.tipText")))
  modes.addTool(newGenericTool(this,"edge",Translate.text("edgeSelectionModeTool.tipText")))
  modes.addTool(newGenericTool(this,"face",Translate.text("faceSelectionModeTool.tipText")))
  setSelectionMode(modes.getSelection())
  createEditMenu((TriangleMesh)obj.getObject())
  createMeshMenu((TriangleMesh)obj.getObject())
  createSkeletonMenu((TriangleMesh)obj.getObject())
  createViewMenu()
  recursivelyAddListeners(this)
  UIUtilities.applyDefaultFont(content)
  UIUtilities.applyDefaultBackground(content)
  setBounds(newRectangle((screenBounds.width-windowDim.width)/2,(screenBounds.height-windowDim.height)/2,windowDim.width,windowDim.height))
  tools.requestFocus()
  findQuads()
  findSelectionDistance()
  addExtraParameters()
  updateMenus()
/Users/lukeinkster/Documents/QualitasCorpus-20130901r/Systems/AoIsrc281/ArtOfIllusion/src/artofillusion/object/ProceduralPointLight.java
  procedure=createProcedure()
  findParameters()
  initThreadLocal()
  procedure=createProcedure()
  procedure.readFromStream(in,theScene)
  findParameters()
  initThreadLocal()
  this((ProceduralPointLight)((ObjectInfo)parent).getObject())
/Users/lukeinkster/Documents/QualitasCorpus-20130901r/Systems/AoIsrc281/ArtOfIllusion/src/artofillusion/procedural/ExprModule.java
  setExpr("x")
  layout()
/Users/lukeinkster/Documents/QualitasCorpus-20130901r/Systems/AoIsrc281/ArtOfIllusion/src/artofillusion/ObjectPropertiesPanel.java
  rebuildContents()
  window.addEventLink(SceneChangedEvent.class,this,"rebuildContents")
  nameField.addEventLink(FocusLostEvent.class,this,"nameChanged")
  nameField.addEventLink(KeyPressedEvent.class,this,"nameChanged")
  xPosField.addEventLink(ValueChangedEvent.class,this,"coordinatesChanged")
  yPosField.addEventLink(ValueChangedEvent.class,this,"coordinatesChanged")
  zPosField.addEventLink(ValueChangedEvent.class,this,"coordinatesChanged")
  xRotField.addEventLink(ValueChangedEvent.class,this,"coordinatesChanged")
  yRotField.addEventLink(ValueChangedEvent.class,this,"coordinatesChanged")
  zRotField.addEventLink(ValueChangedEvent.class,this,"coordinatesChanged")
  textureChoice.addEventLink(ValueChangedEvent.class,this,"textureChanged")
  materialChoice.addEventLink(ValueChangedEvent.class,this,"materialChanged")
/Users/lukeinkster/Documents/QualitasCorpus-20130901r/Systems/AoIsrc281/ArtOfIllusion/src/artofillusion/procedural/ImageModule.java
  xscale=yscale=xinv=yinv=1.0
  tilex=tiley=true
/Users/lukeinkster/Documents/QualitasCorpus-20130901r/Systems/AoIsrc281/ArtOfIllusion/src/artofillusion/animation/RotationKeyframe.java
  set(xrot,yrot,zrot)
  set(angle[0],angle[1],angle[2])
  this(in.readDouble(),in.readDouble(),in.readDouble())
/Users/lukeinkster/Documents/QualitasCorpus-20130901r/Systems/AoIsrc281/ArtOfIllusion/src/artofillusion/object/Cube.java
  halfx=xsize/2.0
  halfy=ysize/2.0
  halfz=zsize/2.0
/Users/lukeinkster/Documents/QualitasCorpus-20130901r/Systems/AoIsrc281/ArtOfIllusion/src/artofillusion/CreatePolygonTool.java
  initButton("polygon")
  tabulateSines()
/Users/lukeinkster/Documents/QualitasCorpus-20130901r/Systems/AoIsrc281/ArtOfIllusion/src/artofillusion/ui/ValueSelector.java
  add(field=newValueField(value,ValueField.NONE))
  field.setValueChecker(newValueChecker(){publicbooleanisValid(doubleval){return(val>=minimum&&val<=maximum);}})
  field.addEventLink(ValueChangedEvent.class,this,"dispatchValueChanged")
  adjuster.addEventLink(RepaintEvent.class,this,"paintDial")
  adjuster.setPreferredSize(newDimension(DIAL_IMAGE.getIconWidth(),DIAL_IMAGE.getIconHeight()))
  add(adjuster)
  drag.addEventLink(MousePressedEvent.class,this,"mousePressed")
  drag.addEventLink(MouseDraggedEvent.class,this,"mouseDragged")
  drag.addEventLink(MouseReleasedEvent.class,this,"mouseReleased")
/Users/lukeinkster/Documents/QualitasCorpus-20130901r/Systems/AoIsrc281/ArtOfIllusion/src/artofillusion/PreferencesWindow.java
  tabs.add(createGeneralPanel(),Translate.text("general"))
  tabs.add(keystrokePanel,Translate.text("shortcuts"))
  tabs.setSelectedTab(lastTab)
  prefs.setInteractiveSurfaceError(interactiveTolField.getValue())
  prefs.setUndoLevels((int)undoField.getValue())
  prefs.setLocale(languages[localeChoice.getSelectedIndex()])
  prefs.setUseOpenGL(glBox.getState())
  prefs.setKeepBackupFiles(backupBox.getState())
  prefs.setReverseZooming(reverseZoomBox.getState())
  prefs.setUseCompoundMeshTool(toolChoice.getSelectedIndex()==1)
  ThemeManager.setSelectedTheme(themes.get(themeChoice.getSelectedIndex()))
  ThemeManager.setSelectedColorSet(ThemeManager.getSelectedTheme().getColorSets()[colorChoice.getSelectedIndex()])
  prefs.savePreferences()
  keystrokePanel.saveChanges()
/Users/lukeinkster/Documents/QualitasCorpus-20130901r/Systems/AoIsrc281/Renderers/src/artofillusion/raster/Raster.java
  tol=(basez>context.camera.getDistToScreen())?smoothScale*basez:smoothScale
/Users/lukeinkster/Documents/QualitasCorpus-20130901r/Systems/AoIsrc281/ArtOfIllusion/src/artofillusion/object/PointLight.java
  this(theColor,theIntensity,theRadius,TYPE_NORMAL,0.25f)
  setParameters(theColor.duplicate(),theIntensity,type,decay)
  setRadius(theRadius)
  setParameters(newRGBColor(in),in.readFloat(),version==0?(in.readBoolean()?TYPE_AMBIENT:TYPE_NORMAL):in.readShort(),in.readFloat())
  setRadius(in.readDouble())
  this(newRGBColor(in),in.readFloat(),in.readFloat(),in.readDouble())
/Users/lukeinkster/Documents/QualitasCorpus-20130901r/Systems/AoIsrc281/ArtOfIllusion/src/artofillusion/TextureMappingDialog.java
  setContent(BOutline.createEmptyBorder(content,UIUtilities.getStandardDialogInsets()))
  content.add(preview=newMaterialPreviewer(tex,obj.getMaterial(),obj.duplicate(),160,160),0,0,newLayoutInfo(LayoutInfo.CENTER,LayoutInfo.BOTH,newInsets(0,50,0,50),null))
  setPreviewMapping(map)
  content.add(choiceRow,0,1)
  choiceRow.add(newBLabel(Translate.text("Mapping")+":"))
  choiceRow.add(mapChoice=newBComboBox())
  mapChoice.addEventLink(ValueChangedEvent.class,this,"mappingChanged")
  content.add(editingPanel=map.getEditingPanel(editObj,preview),0,2)
  content.add(row,0,3)
  row.add(Translate.button("ok",this,"doOk"))
  row.add(Translate.button("cancel",this,"dispose"))
  pack()
  UIUtilities.centerDialog(this,parent)
  setVisible(true)
/Users/lukeinkster/Documents/QualitasCorpus-20130901r/Systems/AoIsrc281/SPManager/src/artofillusion/spmanager/SPMSplitPane.java
  initialize(s)
  initialize(s)
/Users/lukeinkster/Documents/QualitasCorpus-20130901r/Systems/AoIsrc281/ArtOfIllusion/src/artofillusion/RenderSetupDialog.java
  showDialog()
/Users/lukeinkster/Documents/QualitasCorpus-20130901r/Systems/AoIsrc281/ArtOfIllusion/src/artofillusion/animation/PathFromCurveDialog.java
  objList.setMultipleSelectionEnabled(false)
  curveList.setMultipleSelectionEnabled(false)
  objList.setSelected(0,true)
  curveList.setSelected(0,true)
  objList.addEventLink(SelectionChangedEvent.class,this,"selectionChanged")
  curveList.addEventLink(SelectionChangedEvent.class,this,"selectionChanged")
  setContent(BOutline.createEmptyBorder(content,UIUtilities.getStandardDialogInsets()))
  content.setDefaultLayout(newLayoutInfo(LayoutInfo.CENTER,LayoutInfo.NONE,newInsets(2,2,2,2),null))
  content.add(Translate.label("setPathOf"),0,0)
  content.add(UIUtilities.createScrollingList(objList),1,0)
  content.add(Translate.label("fromCurve"),2,0)
  content.add(UIUtilities.createScrollingList(curveList),3,0)
  content.add(orientBox=newBCheckBox(Translate.text("orientFollowsCurve"),true),0,1,4,1)
  orientBox.addEventLink(ValueChangedEvent.class,this,"selectionChanged")
  content.add(keyRow,0,2,4,1)
  keyRow.add(Translate.label("keyframeSpacing"))
  keyRow.add(spacingChoice=newBComboBox(newString[]{Translate.text("uniformSpacing"),Translate.text("constantSpeed"),Translate.text("constantAccel")}))
  spacingChoice.setSelectedIndex(1)
  spacingChoice.addEventLink(ValueChangedEvent.class,this,"selectionChanged")
  content.add(fieldPanel,0,3,4,1)
  fieldPanel.add(lengthLabel=Translate.label("curveLength"),0,0,leftLayout)
  fieldPanel.add(newBLabel(Translate.text("StartTime")+":"),0,1,leftLayout)
  fieldPanel.add(newBLabel(Translate.text("EndTime")+":"),0,2,leftLayout)
  fieldPanel.add(speedLabel=Translate.label("initialSpeed"),0,3,leftLayout)
  fieldPanel.add(Translate.label("finalSpeed"),0,4,leftLayout)
  fieldPanel.add(Translate.label("acceleration"),0,5,leftLayout)
  fieldPanel.add(lengthLabel=newBLabel(),1,0,rightLayout)
  fieldPanel.add(startTimeField=newValueField(0.0,ValueField.NONE,5),1,1,rightLayout)
  fieldPanel.add(endTimeField=newValueField(1.0,ValueField.NONE,5),1,2,rightLayout)
  fieldPanel.add(startSpeedField=newValueField(1.0,ValueField.NONE,5),1,3,rightLayout)
  fieldPanel.add(endSpeedField=newValueField(1.0,ValueField.NONE,5),1,4,rightLayout)
  fieldPanel.add(accelField=newValueField(0.0,ValueField.NONE,5),1,5,rightLayout)
  startTimeField.addEventLink(ValueChangedEvent.class,this,"adjustTextFields")
  endTimeField.addEventLink(ValueChangedEvent.class,this,"adjustTextFields")
  startSpeedField.addEventLink(ValueChangedEvent.class,this,"adjustTextFields")
  endSpeedField.addEventLink(ValueChangedEvent.class,this,"adjustTextFields")
  accelField.addEventLink(ValueChangedEvent.class,this,"adjustTextFields")
  endTimeField.setValue(curveLength)
  content.add(buttons,0,4,4,1)
  buttons.add(okButton=Translate.button("ok",this,"doOk"))
  buttons.add(cancelButton=Translate.button("cancel",this,"dispose"))
  pack()
  updateComponents()
  UIUtilities.centerDialog(this,win)
  setVisible(true)
/Users/lukeinkster/Documents/QualitasCorpus-20130901r/Systems/AoIsrc281/HelpPlugin/src/WebTextPane.java
  init()
  init()
  init()
  display(url)
/Users/lukeinkster/Documents/QualitasCorpus-20130901r/Systems/AoIsrc281/Renderers/src/artofillusion/raytracer/SpotlightPhotonSource.java
  light.getLight(color,newVec3(0.0,0.0,radius))
  color.scale(1.0f/lightIntensity)
/Users/lukeinkster/Documents/QualitasCorpus-20130901r/Systems/AoIsrc281/ArtOfIllusion/src/artofillusion/ui/Compound3DManipulator.java
  setViewMode(XYZ_MODE)
  this(view,handleType,axis,screenBounds,selectionBounds,event,transform)
  this(view,handleType,axis,screenBounds,selectionBounds,event,transform)
/Users/lukeinkster/Documents/QualitasCorpus-20130901r/Systems/AoIsrc281/ArtOfIllusion/src/artofillusion/CreateCubeTool.java
  initButton("cube")
/Users/lukeinkster/Documents/QualitasCorpus-20130901r/Systems/AoIsrc281/ArtOfIllusion/src/artofillusion/ui/ValueField.java
  this(value,constraints,5)
  this((double)value,constraints,5)
  this((double)value,constraints,columns)
  setValue(value)
/Users/lukeinkster/Documents/QualitasCorpus-20130901r/Systems/AoIsrc281/ArtOfIllusion/src/artofillusion/material/UniformMaterial.java
  recalcColors()
  recalcColors()
/Users/lukeinkster/Documents/QualitasCorpus-20130901r/Systems/AoIsrc281/ArtOfIllusion/src/artofillusion/ObjectTextureDialog.java
  editObj.setObject(editObj.object.duplicate())
  setContent(BOutline.createEmptyBorder(content,UIUtilities.getStandardDialogInsets()))
  northPanel.add(newBLabel(title),0,0)
  typeRow.add(Translate.label("Type"))
  typeRow.add(typeChoice=newBComboBox(newString[]{Translate.text("simpleTexture"),Translate.text("layeredTexture")}))
  typeChoice.setSelectedIndex((oldTextureinstanceofLayeredTexture)?1:0)
  typeChoice.addEventLink(ValueChangedEvent.class,this,"typeChanged")
  content.add(northPanel,BorderContainer.NORTH)
  texList.setMultipleSelectionEnabled(false)
  buildList()
  texList.addEventLink(SelectionChangedEvent.class,this,"selectionChanged")
  texList.addEventLink(MouseClickedEvent.class,this,"textureClicked")
  listPanel.add(UIUtilities.createScrollingList(texList),0,0,newLayoutInfo(LayoutInfo.CENTER,LayoutInfo.BOTH,null,null))
  texButtonRow.add(newTextureButton=Translate.button("newTexture",this,"doNewTexture"))
  texButtonRow.add(editTexturesButton=Translate.button("textures",this,"doEditTextures"))
  listPanel.add(texButtonRow,0,1)
  layerPanel.setDefaultLayout(newLayoutInfo(LayoutInfo.CENTER,LayoutInfo.HORIZONTAL,newInsets(2,2,2,2),null))
  layerPanel.add(addLayerButton=Translate.button("add"," >>",this,"doAddLayer"),0,0)
  layerPanel.add(deleteLayerButton=Translate.button("delete",this,"doDeleteLayer"),0,1)
  layerPanel.add(moveUpButton=Translate.button("moveUp",this,"doMoveLayerUp"),0,2)
  layerPanel.add(moveDownButton=Translate.button("moveDown",this,"doMoveLayerDown"),0,3)
  layerList.setMultipleSelectionEnabled(false)
  layerList.addEventLink(SelectionChangedEvent.class,this,"selectionChanged")
  layerPanel.add(UIUtilities.createScrollingList(layerList),1,0,1,4,newLayoutInfo(LayoutInfo.CENTER,LayoutInfo.BOTH,null,null))
  layerPanel.add(Translate.label("blendingMode"),2,0)
  blendChoice.addEventLink(ValueChangedEvent.class,this,"blendTypeChanged")
  layerPanel.add(blendChoice,2,1)
  preview.setMaterial(editObj.getObject().getMaterial(),editObj.getObject().getMaterialMapping())
  updatePreviewParameterValues()
  content.add(buttons,BorderContainer.SOUTH,newLayoutInfo())
  buttons.add(mapButton=Translate.button("editMapping",this,"doEditMapping"))
  buttons.add(Translate.button("ok",this,"doOk"))
  buttons.add(Translate.button("cancel",this,"doCancel"))
  paramsPanel.setDefaultLayout(newLayoutInfo(LayoutInfo.CENTER,LayoutInfo.BOTH,null,null))
  paramsPanel.add(Translate.label("textureParameters"),0,0)
  paramsPanel.add(BOutline.createBevelBorder(paramsScroller=newBScrollPane(),false),0,1)
  paramsScroller.setPreferredViewSize(newDimension(300,80))
  paramsScroller.getVerticalScrollBar().setUnitIncrement(10)
  buildParamList()
  pack()
  setResizable(false)
  addEventLink(WindowClosingEvent.class,this,"dispose")
  UIUtilities.centerDialog(this,parent)
  updateComponents()
  scene.addTextureListener(this)
  setVisible(true)
/Users/lukeinkster/Documents/QualitasCorpus-20130901r/Systems/AoIsrc281/ArtOfIllusion/src/artofillusion/animation/IKTrack.java
  setContent(content)
  content.setDefaultLayout(newLayoutInfo(LayoutInfo.CENTER,LayoutInfo.BOTH,null,null))
  content.add(Translate.label("trackName"),0,0)
  content.add(Translate.label("constraints"),0,1)
  content.add(nameField=newBTextField(IKTrack.this.getName(),30),1,0)
  content.add(UIUtilities.createScrollingList(constraintList=newBList()),1,1)
  constraintList.setPreferredVisibleRows(5)
  constraintList.addEventLink(SelectionChangedEvent.class,this,"selectionChanged")
  constraintList.addEventLink(MouseClickedEvent.class,this,"mouseClicked")
  buildConstraintList()
  content.add(gesturesBox=newBCheckBox(Translate.text("useGesturesToShapeMesh"),useGestures),0,2,2,1)
  gesturesBox.setEnabled(Actor.getActor(info.getObject())!=null)
  content.add(buttons,0,3,2,1,newLayoutInfo())
  buttons.add(Translate.button("add","...",this,"doAdd"))
  buttons.add(editButton=Translate.button("edit","...",this,"doEdit"))
  buttons.add(deleteButton=Translate.button("delete",this,"doDelete"))
  buttons.add(Translate.button("ok",this,"doOk"))
  buttons.add(Translate.button("cancel",this,"dispose"))
  pack()
  UIUtilities.centerDialog(this,win)
  editButton.setEnabled(false)
  deleteButton.setEnabled(false)
  setVisible(true)
/Users/lukeinkster/Documents/QualitasCorpus-20130901r/Systems/AoIsrc281/ArtOfIllusion/src/artofillusion/object/SpotLight.java
  this(theColor,theIntensity,theAngle,falloffRate,theRadius,TYPE_NORMAL,0.25f)
  setParameters(theColor.duplicate(),theIntensity,type,decay)
  setRadius(theRadius)
  setAngle(theAngle)
  setFalloff(falloffRate)
  setParameters(newRGBColor(in),in.readFloat(),version==0?(in.readBoolean()?TYPE_AMBIENT:TYPE_NORMAL):in.readShort(),in.readFloat())
  setRadius(in.readDouble())
  setAngle(in.readDouble())
  setFalloff(in.readDouble())
  this(newRGBColor(in),in.readFloat(),in.readFloat(),in.readDouble(),in.readDouble(),in.readDouble())
  setPreferredSize(newDimension(size,size))
  imageSource.setAnimated(true)
  addEventLink(RepaintEvent.class,this,"paint")
  updateImage(angle,falloff)
/Users/lukeinkster/Documents/QualitasCorpus-20130901r/Systems/AoIsrc281/ArtOfIllusion/src/artofillusion/ObjectEditorWindow.java
  objInfo.getCoords().setOrigin(newVec3())
  objInfo.getCoords().setOrientation(Vec3.vz(),Vec3.vy())
  objInfo.clearDistortion()
/Users/lukeinkster/Documents/QualitasCorpus-20130901r/Systems/AoIsrc281/HelpPlugin/src/ActiveLink.java
  addActionListener(this)
/Users/lukeinkster/Documents/QualitasCorpus-20130901r/Systems/AoIsrc281/Tools/src/artofillusion/tools/SkinDialog.java
  setContent(BOutline.createEmptyBorder(content,UIUtilities.getStandardDialogInsets()))
  content.setDefaultLayout(newLayoutInfo(LayoutInfo.CENTER,LayoutInfo.BOTH,null,null))
  content.add(UIUtilities.createScrollingList(curveList=newBList()),0,0)
  curveList.setMultipleSelectionEnabled(false)
  curveList.setSelected(0,true)
  curveList.addEventLink(SelectionChangedEvent.class,this,"selectionChanged")
  content.add(col,1,0)
  col.setDefaultLayout(newLayoutInfo(LayoutInfo.CENTER,LayoutInfo.HORIZONTAL,newInsets(2,2,2,2),null))
  col.add(upButton=newBButton("Move Up"))
  upButton.addEventLink(CommandEvent.class,this,"doMoveUp")
  col.add(downButton=newBButton("Move Down"))
  downButton.addEventLink(CommandEvent.class,this,"doMoveDown")
  col.add(reverseBox=newBCheckBox("Reverse Direction",false))
  reverseBox.addEventLink(ValueChangedEvent.class,this,"selectionChanged")
  content.add(preview=newObjectPreviewCanvas(null),2,0)
  preview.setPreferredSize(newDimension(150,150))
  content.add(buttons,0,1,3,1,newLayoutInfo())
  buttons.add(okButton=Translate.button("ok",this,"doOk"))
  buttons.add(cancelButton=Translate.button("cancel",this,"dispose"))
  makeObject()
  pack()
  UIUtilities.centerDialog(this,window)
  updateComponents()
  setVisible(true)
/Users/lukeinkster/Documents/QualitasCorpus-20130901r/Systems/AoIsrc281/ArtOfIllusion/src/artofillusion/animation/RotationTrack.java
  this(info,"Rotation",true,true,true,true)
  tc.setSubdivideAdaptively(!useQuaternion)
  smoothingMethod=Timecourse.INTERPOLATING
/Users/lukeinkster/Documents/QualitasCorpus-20130901r/Systems/AoIsrc281/ArtOfIllusion/src/artofillusion/LayoutWindow.java
  createItemList()
  theView[1].setOrientation(2)
  theView[2].setOrientation(4)
  theView[3].setOrientation(6)
  theView[3].setPerspective(true)
  theView[currentView].setDrawFocus(true)
  viewsContainer.setDefaultLayout(newLayoutInfo(LayoutInfo.CENTER,LayoutInfo.BOTH,null,null))
  viewsContainer.add(viewPanel[0],0,0)
  viewsContainer.add(viewPanel[1],1,0)
  viewsContainer.add(viewPanel[2],0,1)
  viewsContainer.add(viewPanel[3],1,1)
  centerContainer.setDefaultLayout(newLayoutInfo(LayoutInfo.CENTER,LayoutInfo.BOTH,null,null))
  centerContainer.add(viewsContainer,1,0,1,3)
  centerContainer.add(helpText,0,3,2,1)
  setContent(dock[3])
  propertiesScroller.getVerticalScrollBar().setUnitIncrement(10)
  propertiesScroller.setBackground(ThemeManager.getAppBackgroundColor())
  getDockingContainer(BTabbedPane.RIGHT).addDockableWidget(newDefaultDockableWidget(itemTreeScroller,Translate.text("Objects")))
  getDockingContainer(BTabbedPane.RIGHT).addDockableWidget(newDefaultDockableWidget(propertiesScroller,Translate.text("Properties")),0,1)
  getDockingContainer(BTabbedPane.BOTTOM).addDockableWidget(newDefaultDockableWidget(theScore,Translate.text("Score")))
  tools.addTool(defaultTool=newMoveObjectTool(this))
  tools.addTool(newRotateObjectTool(this))
  tools.addTool(newScaleObjectTool(this))
  tools.addTool(compoundTool=newMoveScaleRotateObjectTool(this))
  tools.addTool(newCreateCubeTool(this))
  tools.addTool(newCreateSphereTool(this))
  tools.addTool(newCreateCylinderTool(this))
  tools.addTool(newCreateSplineMeshTool(this))
  tools.addTool(newCreatePolygonTool(this))
  tools.addTool(newCreateCurveTool(this))
  tools.addTool(newCreateCameraTool(this))
  tools.addTool(newCreateLightTool(this))
  tools.addTool(metaTool=newMoveViewTool(this))
  tools.addTool(altTool=newRotateViewTool(this))
  tools.setDefaultTool(defaultTool)
  tools.selectTool(defaultTool)
  centerContainer.add(tools,0,0)
  centerContainer.add(timeFrameLabel=newBLabel(Translate.text("timeFrameLabel","0.0","0"),BLabel.CENTER),0,2,newLayoutInfo(LayoutInfo.CENTER,LayoutInfo.BOTH,null,null))
  setMenuBar(menubar)
  createFileMenu()
  createEditMenu()
  createSceneMenu()
  createObjectMenu()
  createAnimationMenu()
  createToolsMenu()
  createPopupMenu()
  loadPreferences()
  toggleViewsCommand()
  KeyboardFocusManager.getCurrentKeyboardFocusManager().addKeyEventPostProcessor(keyEventHandler)
  addEventLink(WindowActivatedEvent.class,this,"updateMenus")
  addEventLink(WindowClosingEvent.class,newObject(){voidprocessEvent(){ArtOfIllusion.closeWindow(LayoutWindow.this);}})
  itemTree.setPopupMenuManager(this)
  UIUtilities.applyDefaultFont(getContent())
  UIUtilities.applyDefaultBackground(centerContainer)
  itemTreeScroller.setBackground(Color.white)
  setBounds(screenBounds)
  tools.requestFocus()
/Users/lukeinkster/Documents/QualitasCorpus-20130901r/Systems/AoIsrc281/ArtOfIllusion/src/artofillusion/animation/JointEditorDialog.java
  setContent(content)
  nameRow.add(Translate.label("Name"))
  nameRow.add(nameField=newBTextField(joint.name,20))
  content.add(nameRow,BorderContainer.NORTH,newLayoutInfo())
  center.setDefaultLayout(newLayoutInfo(LayoutInfo.CENTER,LayoutInfo.NONE,newInsets(5,5,5,5),null))
  center.add(makeBorder(ang1Panel=newDOFPanel("X Bend",-180.0,180.0,joint.angle1)),0,0)
  center.add(ang1Panel.getGraph(),1,0)
  center.add(makeBorder(ang2Panel=newDOFPanel("Y Bend",-180.0,180.0,joint.angle2)),2,0)
  center.add(ang2Panel.getGraph(),3,0)
  center.add(makeBorder(twistPanel=newDOFPanel("Twist",-180.0,180.0,joint.twist)),0,1)
  center.add(twistPanel.getGraph(),1,1)
  center.add(makeBorder(lengthPanel=newDOFPanel("Length",0.0,Double.MAX_VALUE,joint.length)),2,1)
  content.add(center,BorderContainer.CENTER)
  buttons.add(okButton=Translate.button("ok",this,"doOk"))
  buttons.add(cancelButton=Translate.button("cancel",this,"doCancel"))
  content.add(buttons,BorderContainer.SOUTH,newLayoutInfo())
  setResizable(false)
  pack()
  setVisible(true)
  valField.setValueChecker(newValueChecker(){publicbooleanisValid(doubleval){doublelower=(rangeBox.getState()?minField.getValue():DOFPanel.this.min);doubleupper=(rangeBox.getState()?maxField.getValue():DOFPanel.this.max);return(val>=lower&&val<=upper);}})
  minField.setValueChecker(newValueChecker(){publicbooleanisValid(doubleval){if(!rangeBox.getState())returntrue;if(comfortBox.getState()&&val>minComfortField.getValue())returnfalse;return(val<=valField.getValue()&&val>=DOFPanel.this.min);}})
  maxField.setValueChecker(newValueChecker(){publicbooleanisValid(doubleval){if(!rangeBox.getState())returntrue;if(comfortBox.getState()&&val<maxComfortField.getValue())returnfalse;return(val>=valField.getValue()&&val<=DOFPanel.this.max);}})
  minComfortField.setValueChecker(newValueChecker(){publicbooleanisValid(doubleval){if(!comfortBox.getState()||!rangeBox.getState())returntrue;doublelower=minField.getValue();doubleupper=Math.min(maxField.getValue(),maxComfortField.getValue());return(val>=lower&&val<=upper);}})
  maxComfortField.setValueChecker(newValueChecker(){publicbooleanisValid(doubleval){if(!comfortBox.getState()||!rangeBox.getState())returntrue;doublelower=Math.max(minField.getValue(),minComfortField.getValue());doubleupper=maxField.getValue();return(val>=lower&&val<=upper);}})
  valField.addEventLink(ValueChangedEvent.class,tl)
  minField.addEventLink(ValueChangedEvent.class,tl)
  maxField.addEventLink(ValueChangedEvent.class,tl)
  minComfortField.addEventLink(ValueChangedEvent.class,tl)
  maxComfortField.addEventLink(ValueChangedEvent.class,tl)
  valField.sendValidEventsOnly(false)
  minField.sendValidEventsOnly(false)
  maxField.sendValidEventsOnly(false)
  minComfortField.sendValidEventsOnly(false)
  maxComfortField.sendValidEventsOnly(false)
  fixedBox.addEventLink(ValueChangedEvent.class,this,"checkboxChanged")
  rangeBox.addEventLink(ValueChangedEvent.class,this,"checkboxChanged")
  comfortBox.addEventLink(ValueChangedEvent.class,this,"checkboxChanged")
  add(newBLabel(name),0,0)
  add(valField,1,0)
  add(fixedBox,2,0)
  add(rangeBox,0,1,3,1)
  add(minField,0,2)
  add(Translate.label("to"),1,2)
  add(maxField,2,2)
  add(comfortBox,0,3,3,1)
  add(minComfortField,0,4)
  add(Translate.label("to"),1,4)
  add(maxComfortField,2,4)
  add(newBLabel("Stiffness"),0,5,3,1)
  add(stiffnessSlider,0,6,3,1)
  updateComponents()
  addEventLink(MousePressedEvent.class,this,"mousePressed")
  addEventLink(MouseReleasedEvent.class,this,"mouseReleased")
  addEventLink(MouseDraggedEvent.class,this,"mouseDragged")
  addEventLink(RepaintEvent.class,this,"paint")
  setPreferredSize(newDimension(SIZE+2*OFFSET1,SIZE+2*OFFSET1))
/Users/lukeinkster/Documents/QualitasCorpus-20130901r/Systems/AoIsrc281/ArtOfIllusion/src/artofillusion/animation/PositionTrack.java
  this(info,"Position",true,true,true)
  smoothingMethod=Timecourse.INTERPOLATING
/Users/lukeinkster/Documents/QualitasCorpus-20130901r/Systems/AoIsrc281/ArtOfIllusion/src/artofillusion/animation/Smoothness.java
  s1=s2=1.0
  s1=s2=s
/Users/lukeinkster/Documents/QualitasCorpus-20130901r/Systems/AoIsrc281/ArtOfIllusion/src/artofillusion/ui/FloatingDialog.java
  this(parent,null,false)
  this(parent,null,modal)
  this(parent,title,false)
  addEventLink(WindowActivatedEvent.class,this,"windowActivated")
/Users/lukeinkster/Documents/QualitasCorpus-20130901r/Systems/AoIsrc281/ArtOfIllusion/src/artofillusion/object/ReferenceImage.java
  width=0.01*image.getWidth(null)
  height=0.01*image.getHeight(null)
  in.readFully(imageData)
/Users/lukeinkster/Documents/QualitasCorpus-20130901r/Systems/AoIsrc281/ArtOfIllusion/src/artofillusion/MoveViewTool.java
  initButton("moveView")
/Users/lukeinkster/Documents/QualitasCorpus-20130901r/Systems/AoIsrc281/ArtOfIllusion/src/artofillusion/object/TriangleMesh.java
  edges=v.edges
  firstEdge=v.firstEdge
  smoothness=v.smoothness
  setSkeleton(newSkeleton())
  setShape(vt,faces)
  setSkeleton(newSkeleton())
  setShape(v,faces)
  this()
/Users/lukeinkster/Documents/QualitasCorpus-20130901r/Systems/AoIsrc281/ArtOfIllusion/src/artofillusion/math/RGBColor.java
  setRGB(r,g,b)
  setRGB(r,g,b)
/Users/lukeinkster/Documents/QualitasCorpus-20130901r/Systems/AoIsrc281/ArtOfIllusion/src/artofillusion/image/ImagesDialog.java
  setContent(content)
  content.add(sp,BorderContainer.CENTER)
  sp.setContent(ic=newImagesCanvas(5))
  content.add(buttons,BorderContainer.SOUTH)
  buttons.add(b[0]=Translate.button("load","...",this,"doLoad"))
  buttons.add(b[1]=Translate.button("delete","...",this,"doDelete"))
  buttons.add(b[2]=Translate.button("selectNone",this,"doSelectNone"))
  buttons.add(b[3]=Translate.button("ok",this,"dispose"))
  hilightButtons()
  sp.setPreferredViewSize(newDimension(ic.getGridWidth()*5+4,ic.getGridHeight()*4+4))
  pack()
  setResizable(false)
  addEventLink(WindowClosingEvent.class,this,"dispose")
  ic.imagesChanged()
  ic.scrollToSelection()
  UIUtilities.centerDialog(this,fr)
  setVisible(true)
  sp.getVerticalScrollBar().setUnitIncrement(gridh)
  addEventLink(RepaintEvent.class,this,"paint")
  addEventLink(MouseClickedEvent.class,this,"mouseClicked")
/Users/lukeinkster/Documents/QualitasCorpus-20130901r/Systems/AoIsrc281/ArtOfIllusion/src/artofillusion/MaterialsDialog.java
  setContent(BOutline.createEmptyBorder(content,UIUtilities.getStandardDialogInsets()))
  buttons.setDefaultLayout(newLayoutInfo(LayoutInfo.CENTER,LayoutInfo.HORIZONTAL,null,null))
  content.add(buttons,BorderContainer.WEST)
  buttons.add(b[0]=Translate.button("new","...",this,"doNew"))
  buttons.add(b[1]=Translate.button("copy","...",this,"doCopy"))
  buttons.add(b[2]=Translate.button("delete","...",this,"doDelete"))
  buttons.add(b[3]=Translate.button("import","...",this,"doImport"))
  buttons.add(b[4]=Translate.button("edit","...",this,"doEdit"))
  buttons.add(b[5]=Translate.button("close",this,"dispose"))
  matList.setMultipleSelectionEnabled(false)
  content.add(UIUtilities.createScrollingList(matList),BorderContainer.CENTER)
  matList.addEventLink(SelectionChangedEvent.class,this,"hilightButtons")
  matList.addEventLink(MouseClickedEvent.class,this,"mouseClicked")
  sc.addMaterialListener(this)
  addEventLink(WindowClosingEvent.class,this,"dispose")
  hilightButtons()
  pack()
  UIUtilities.centerDialog(this,parent)
/Users/lukeinkster/Documents/QualitasCorpus-20130901r/Systems/AoIsrc281/ArtOfIllusion/src/artofillusion/animation/distortion/CustomDistortionTrack.java
  smoothingMethod=Timecourse.INTERPOLATING
/Users/lukeinkster/Documents/QualitasCorpus-20130901r/Systems/AoIsrc281/Translators/src/artofillusion/translators/TextureImageInfo.java
  minu=minv=Double.MAX_VALUE
  maxu=maxv=-Double.MAX_VALUE
/Users/lukeinkster/Documents/QualitasCorpus-20130901r/Systems/AoIsrc281/ArtOfIllusion/src/artofillusion/texture/LayeredTexture.java
  mapping.theTexture=this
/Users/lukeinkster/Documents/QualitasCorpus-20130901r/Systems/AoIsrc281/ArtOfIllusion/src/artofillusion/procedural/JitterModule.java
  xamp=yamp=zamp=0.1
  xscale=yscale=zscale=invxscale=invyscale=invzscale=1.0
/Users/lukeinkster/Documents/QualitasCorpus-20130901r/Systems/AoIsrc281/SPManager/src/artofillusion/spmanager/SPMParameters.java
  repositories.add("http://aoisp.sourceforge.net/AoIRepository/")
  filters.put("beta","mark")
  filters.put("earlyAccess","confirm")
  filters.put("experimental","hide")
  loadPropertiesFile()
  initHttp()
/Users/lukeinkster/Documents/QualitasCorpus-20130901r/Systems/AoIsrc281/ArtOfIllusion/src/artofillusion/texture/ProceduralTexture2D.java
  proc=createProcedure()
  initThreadLocal()
  setName(in.readUTF())
  proc=createProcedure()
  proc.readFromStream(in,theScene)
  initThreadLocal()
/Users/lukeinkster/Documents/QualitasCorpus-20130901r/Systems/AoIsrc281/ArtOfIllusion/src/artofillusion/animation/TimeAxis.java
  nf.setMinimumFractionDigits(1)
  nf.setMaximumFractionDigits(2)
  addEventLink(MousePressedEvent.class,this,"mousePressed")
  addEventLink(MouseReleasedEvent.class,this,"mouseReleased")
  addEventLink(MouseDraggedEvent.class,this,"mouseDragged")
  addEventLink(RepaintEvent.class,this,"paint")
/Users/lukeinkster/Documents/QualitasCorpus-20130901r/Systems/AoIsrc281/ArtOfIllusion/src/artofillusion/animation/ObjectRefSelector.java
  add(setButton=Translate.button("set",this,"buttonPressed"))
  add(nameLabel=newBLabel(obj.toString()){publicDimensiongetPreferredSize(){Dimensiondim=super.getPreferredSize();if(dim.width<150)dim.width=150;returndim;}})
/Users/lukeinkster/Documents/QualitasCorpus-20130901r/Systems/AoIsrc281/HelpPlugin/src/ChatTextPane.java
  this("",0,0,false)
  this(text,0,0,false)
  this("",rows,cols,hangingIndent)
  setEditable(false)
  setContentType("text/html")
/Users/lukeinkster/Documents/QualitasCorpus-20130901r/Systems/AoIsrc281/ArtOfIllusion/src/artofillusion/texture/SphericalMapping.java
  findCoefficients()
  findCoefficients()
  add(Translate.label("Width"),0,0,leftLayout)
  add(xscaleField=newValueField(xscale,ValueField.NONZERO,5),1,0)
  add(newBLabel("("+Translate.text("degrees")+")"),2,0,rightLayout)
  add(Translate.label("Height"),0,1,leftLayout)
  add(yscaleField=newValueField(yscale,ValueField.NONZERO,5),1,1)
  add(newBLabel("("+Translate.text("degrees")+")"),2,1,rightLayout)
  add(Translate.label("Offset"),0,2,leftLayout)
  add(ytransField=newValueField(offset,ValueField.NONE,5),1,2)
  add(newBLabel("("+Translate.text("degrees")+")"),2,2,rightLayout)
  add(newBLabel(Translate.text("Rotation")+":"),0,3,3,1)
  rotationRow.add(newBLabel("X"))
  rotationRow.add(xrotField=newValueField(angles[0],ValueField.NONE,5))
  rotationRow.add(newBLabel("Y"))
  rotationRow.add(yrotField=newValueField(angles[1],ValueField.NONE,5))
  rotationRow.add(newBLabel("Z"))
  rotationRow.add(zrotField=newValueField(angles[2],ValueField.NONE,5))
  add(rotationRow,0,4,3,1)
  applyRow.add(newBLabel(Translate.text("applyTo")+":"))
  applyRow.add(applyToChoice=newBComboBox(newString[]{Translate.text("frontAndBackFaces"),Translate.text("frontFacesOnly"),Translate.text("backFacesOnly")}))
  add(applyRow,0,5,3,1)
  applyToChoice.setSelectedIndex(appliesTo())
  add(coordsFromParamsBox=newBCheckBox(Translate.text("bindTexToSurface"),coordsFromParams),0,7,3,1)
  coordsFromParamsBox.setEnabled(theObjectinstanceofMesh||theObjectinstanceofActor)
  xscaleField.addEventLink(ValueChangedEvent.class,this)
  yscaleField.addEventLink(ValueChangedEvent.class,this)
  ytransField.addEventLink(ValueChangedEvent.class,this)
  xrotField.addEventLink(ValueChangedEvent.class,this)
  yrotField.addEventLink(ValueChangedEvent.class,this)
  zrotField.addEventLink(ValueChangedEvent.class,this)
  coordsFromParamsBox.addEventLink(ValueChangedEvent.class,this)
  applyToChoice.addEventLink(ValueChangedEvent.class,this)
/Users/lukeinkster/Documents/QualitasCorpus-20130901r/Systems/AoIsrc281/Renderers/src/artofillusion/raytracer/PointPhotonSource.java
  light.getLight(color,newVec3(radius,0.0,0.0))
  color.scale(1.0f/lightIntensity)
/Users/lukeinkster/Documents/QualitasCorpus-20130901r/Systems/AoIsrc281/ArtOfIllusion/src/artofillusion/image/ImageOrValue.java
  preview.setPreferredSize(newDimension(ImageMap.PREVIEW_WIDTH,ImageMap.PREVIEW_HEIGHT))
  preview.addEventLink(RepaintEvent.class,this,"paint")
  preview.addEventLink(MouseClickedEvent.class,this,"previewClicked")
  componentChoice.addEventLink(ValueChangedEvent.class,this,"valueChanged")
  slider.addEventLink(ValueChangedEvent.class,this,"valueChanged")
  add(preview,0,0,1,2)
  add(valueLabel,1,0)
  add(componentLabel,2,0)
  add(slider,1,1)
  add(componentChoice,2,1)
  updateComponents()
/Users/lukeinkster/Documents/QualitasCorpus-20130901r/Systems/AoIsrc281/ArtOfIllusion/src/artofillusion/ApplicationPreferences.java
  initDefaultPreferences()
  initDefaultPreferences()
/Users/lukeinkster/Documents/QualitasCorpus-20130901r/Systems/AoIsrc281/ArtOfIllusion/src/artofillusion/CreateCylinderTool.java
  initButton("cylinder")
/Users/lukeinkster/Documents/QualitasCorpus-20130901r/Systems/AoIsrc281/Renderers/src/artofillusion/raytracer/Ray.java
  id=nextid++
/Users/lukeinkster/Documents/QualitasCorpus-20130901r/Systems/AoIsrc281/ArtOfIllusion/src/artofillusion/CreateCurveTool.java
  initButton("interpCurve")
  smoothing=Mesh.APPROXIMATING
/Users/lukeinkster/Documents/QualitasCorpus-20130901r/Systems/AoIsrc281/ArtOfIllusion/src/artofillusion/ReshapeMeshTool.java
  initButton("movePoints")
/Users/lukeinkster/Documents/QualitasCorpus-20130901r/Systems/AoIsrc281/ArtOfIllusion/src/artofillusion/keystroke/KeystrokePreferencesPanel.java
  table.setColumnWidth(0,100)
  table.setColumnWidth(1,250)
  table.setColumnsReorderable(false)
  table.addEventLink(SelectionChangedEvent.class,this,"selectionChanged")
  table.addEventLink(MouseClickedEvent.class,this,"tableClicked")
  table.getTableHeader().addEventLink(MouseClickedEvent.class,newObject(){voidprocessEvent(MouseClickedEventev){intcol=table.findColumn(ev.getPoint());if(col>-1){sortColumn=col;sortRecords();}}})
  scroll.setPreferredViewSize(newDimension(350,table.getRowCount()==0?150:15*table.getRowHeight(0)))
  add(scroll,0,0,newLayoutInfo(LayoutInfo.CENTER,LayoutInfo.BOTH))
  add(buttons,0,1,newLayoutInfo())
  buttons.add(editButton=Translate.button("edit","...",this,"editRecord"))
  buttons.add(addButton=Translate.button("add","...",this,"addRecord"))
  buttons.add(deleteButton=Translate.button("delete",this,"deleteRecords"))
  selectionChanged()
/Users/lukeinkster/Documents/QualitasCorpus-20130901r/Systems/AoIsrc281/ArtOfIllusion/src/artofillusion/animation/distortion/ScaleTrack.java
  smoothingMethod=Timecourse.INTERPOLATING
/Users/lukeinkster/Documents/QualitasCorpus-20130901r/Systems/AoIsrc281/ArtOfIllusion/src/artofillusion/CreateCameraTool.java
  initButton("camera")
/Users/lukeinkster/Documents/QualitasCorpus-20130901r/Systems/AoIsrc281/SPManager/src/artofillusion/spmanager/ManageSplitPane.java
  buttonRow.add(deleteButton=SPMTranslate.bButton("deleteFile",this,"doDelete"),layout)
  deleteButton.setIcon(newImageIcon(getClass().getResource("/artofillusion/spmanager/icons/Delete16.gif")))
  deleteButton.setText(SPMTranslate.text("deleteScript"))
  deleteButton.setEnabled(false)
  updateTree()
/Users/lukeinkster/Documents/QualitasCorpus-20130901r/Systems/AoIsrc281/ArtOfIllusion/src/artofillusion/SkewMeshTool.java
  initButton("skewPoints")
  manipulator.addEventLink(HandlePressedEvent.class,this,"handlePressed")
  manipulator.addEventLink(HandleDraggedEvent.class,this,"handleDragged")
  manipulator.addEventLink(HandleReleasedEvent.class,this,"handleReleased")
/Users/lukeinkster/Documents/QualitasCorpus-20130901r/Systems/AoIsrc281/ArtOfIllusion/src/artofillusion/math/BoundingBox.java
  minx=b.minx
  miny=b.miny
  minz=b.minz
  maxx=b.maxx
  maxy=b.maxy
  maxz=b.maxz
/Users/lukeinkster/Documents/QualitasCorpus-20130901r/Systems/AoIsrc281/ArtOfIllusion/src/artofillusion/object/ProceduralDirectionalLight.java
  procedure=createProcedure()
  findParameters()
  initThreadLocal()
  procedure=createProcedure()
  procedure.readFromStream(in,theScene)
  findParameters()
  initThreadLocal()
  this((ProceduralDirectionalLight)((ObjectInfo)parent).getObject())
/Users/lukeinkster/Documents/QualitasCorpus-20130901r/Systems/AoIsrc281/Renderers/src/artofillusion/raytracer/RTCylinder.java
  height=size.y
  halfh=height/2.0
  rx2=rx*rx
  rz2=rz*rz
  sz=rx2/rz2
  r1x=point1.x
  r1y=point1.y
  r1z=point1.z
  r2x=point2.x
  r2y=point2.y
  r2z=point2.z
/Users/lukeinkster/Documents/QualitasCorpus-20130901r/Systems/AoIsrc281/ArtOfIllusion/src/artofillusion/ui/TreeList.java
  buildState()
  addEventLink(MousePressedEvent.class,this,"mousePressed")
  addEventLink(MouseReleasedEvent.class,this,"mouseReleased")
  addEventLink(MouseDraggedEvent.class,this,"mouseDragged")
  addEventLink(MouseClickedEvent.class,this,"mouseClicked")
  addEventLink(RepaintEvent.class,this,"paint")
/Users/lukeinkster/Documents/QualitasCorpus-20130901r/Systems/AoIsrc281/ArtOfIllusion/src/artofillusion/CSGEditorWindow.java
  initialize()
  theScene.addObject(obj.getObject1().getObject().duplicate(),obj.getObject1().getCoords().duplicate(),obj.getObject1().getName(),null)
  theScene.addObject(obj.getObject2().getObject().duplicate(),obj.getObject2().getCoords().duplicate(),obj.getObject2().getName(),null)
  setContent(content)
  content.setDefaultLayout(newLayoutInfo(LayoutInfo.CENTER,LayoutInfo.BOTH,null,null))
  content.add(helpText=newBLabel(),0,1,2,1)
  content.add(viewsContainer,1,0)
  buttons.add(Translate.button("ok",this,"doOk"))
  buttons.add(Translate.button("cancel",this,"doCancel"))
  content.add(buttons,0,2,2,1,newLayoutInfo())
  content.add(tools=newToolPalette(1,5),0,0)
  tools.addTool(defaultTool=newMoveObjectTool(this))
  tools.addTool(newRotateObjectTool(this))
  tools.addTool(newScaleObjectTool(this))
  tools.addTool(metaTool=newMoveViewTool(this))
  tools.addTool(altTool=newRotateViewTool(this))
  tools.selectTool(defaultTool)
  UIUtilities.applyDefaultFont(content)
  UIUtilities.applyDefaultBackground(content)
  createEditMenu()
  createObjectMenu()
  createViewMenu()
  recursivelyAddListeners(this)
  setBounds(newRectangle((screenBounds.width-windowDim.width)/2,(screenBounds.height-windowDim.height)/2,windowDim.width,windowDim.height))
  tools.requestFocus()
  updateMenus()
  setVisible(true)
/Users/lukeinkster/Documents/QualitasCorpus-20130901r/Systems/AoIsrc281/ArtOfIllusion/src/artofillusion/procedural/SpectrumModule.java
  calcCoefficients()
  setContent(BOutline.createEmptyBorder(content,UIUtilities.getStandardDialogInsets()))
  content.add(Translate.label("functionModuleInstructions"),0,0)
  content.add(canvas=newCustomWidget(),0,1,newLayoutInfo(LayoutInfo.CENTER,LayoutInfo.BOTH,null,null))
  canvas.setPreferredSize(newDimension(200,30+rows*HANDLE_SIZE))
  canvas.addEventLink(RepaintEvent.class,this,"paintCanvas")
  canvas.addEventLink(KeyPressedEvent.class,this,"keyPressed")
  canvas.addEventLink(MousePressedEvent.class,this,"mousePressed")
  canvas.addEventLink(MouseReleasedEvent.class,this,"mouseReleased")
  canvas.addEventLink(MouseDraggedEvent.class,this,"mouseDragged")
  content.add(row,0,2)
  row.add(newBLabel(Translate.text("Value")+":"))
  row.add(indexField=newValueField(Double.NaN,ValueField.NONE))
  indexField.setValueChecker(newValueChecker(){publicbooleanisValid(doubleval){return(val>=0.0&&val<=1.0);}})
  indexField.addEventLink(ValueChangedEvent.class,this,"indexChanged")
  row.add(newBLabel(Translate.text("Color")+":"))
  row.add(preview=color[0].getSample(30,20))
  preview.addEventLink(MouseClickedEvent.class,this,"selectColor")
  row.add(Translate.button("add",this,"doAdd"))
  row.add(deleteButton=Translate.button("delete",this,"doDelete"))
  content.add(repeatBox=newBCheckBox(Translate.text("functionIsPeriodic"),repeat),0,3)
  content.add(buttons,0,4)
  buttons.add(Translate.button("ok",this,"doOk"))
  buttons.add(Translate.button("cancel",this,"doCancel"))
  adjustComponents()
  pack()
  UIUtilities.centerDialog(this,parent)
  setVisible(true)
/Users/lukeinkster/Documents/QualitasCorpus-20130901r/Systems/AoIsrc281/ArtOfIllusion/src/artofillusion/animation/PoseTrack.java
  smoothingMethod=Timecourse.INTERPOLATING
  info.getObject().configurePoseTrack(this)
/Users/lukeinkster/Documents/QualitasCorpus-20130901r/Systems/AoIsrc281/ArtOfIllusion/src/artofillusion/animation/distortion/TwistTrack.java
  smoothingMethod=Timecourse.INTERPOLATING
  axis=TwistDistortion.Y_AXIS
/Users/lukeinkster/Documents/QualitasCorpus-20130901r/Systems/AoIsrc281/ArtOfIllusion/src/artofillusion/SceneViewer.java
  this(s,p,fr,false)
  addEventLink(MouseClickedEvent.class,this,"mouseClicked")
  draggingBox=draggingSelectionBox=false
  buildChoices(p)
  rebuildCameraList()
  setRenderMode(ArtOfIllusion.getPreferences().getDefaultDisplayMode())
/Users/lukeinkster/Documents/QualitasCorpus-20130901r/Systems/AoIsrc281/ArtOfIllusion/src/artofillusion/image/ImageSaver.java
  init(parent,Integer.MIN_VALUE)
  init(parent,startFrameNumber)
/Users/lukeinkster/Documents/QualitasCorpus-20130901r/Systems/AoIsrc281/ArtOfIllusion/src/artofillusion/ui/MessageDialog.java
  this(parent,UIUtilities.breakString(message))
  this(parent,UIUtilities.breakString(message),choices)
  this(parent,message,newString[]{Translate.text("button.ok")})
  setContent(content)
  content.setDefaultLayout(newLayoutInfo(LayoutInfo.CENTER,LayoutInfo.NONE,newInsets(10,10,10,10),null))
  content.add(buttons,BorderContainer.SOUTH)
  content.add(msg,BorderContainer.CENTER)
  number=choices.length
  addEventLink(WindowClosingEvent.class,newObject(){voidprocessEvent(){pressed=number-1;dispose();}})
  pack()
  setResizable(false)
  UIUtilities.centerDialog(this,parent)
  setVisible(true)
/Users/lukeinkster/Documents/QualitasCorpus-20130901r/Systems/AoIsrc281/ArtOfIllusion/src/artofillusion/SplineMeshEditorWindow.java
  setContent(content)
  content.setDefaultLayout(newLayoutInfo(LayoutInfo.CENTER,LayoutInfo.BOTH,null,null))
  content.add(helpText=newBLabel(),0,1,2,1)
  content.add(viewsContainer,1,0)
  buttons.add(Translate.button("ok",this,"doOk"))
  buttons.add(Translate.button("cancel",this,"doCancel"))
  content.add(buttons,0,2,2,1,newLayoutInfo())
  toolsContainer.setDefaultLayout(newLayoutInfo(LayoutInfo.NORTH,LayoutInfo.BOTH))
  content.add(toolsContainer,0,0)
  toolsContainer.add(tools=newToolPalette(1,9),0,0)
  tools.addTool(defaultTool=newReshapeMeshTool(this,this))
  tools.addTool(newScaleMeshTool(this,this))
  tools.addTool(newRotateMeshTool(this,this,false))
  tools.addTool(newSkewMeshTool(this,this))
  tools.addTool(newTaperMeshTool(this,this))
  tools.addTool(newThickenMeshTool(this,this))
  tools.addTool(compoundTool=newMoveScaleRotateMeshTool(this,this))
  tools.addTool(newSkeletonTool(this,true))
  tools.addTool(metaTool=newMoveViewTool(this))
  tools.addTool(altTool=newRotateViewTool(this))
  tools.setDefaultTool(defaultTool)
  tools.selectTool(defaultTool)
  toolsContainer.add(modes=newToolPalette(1,2),0,1)
  modes.addTool(newGenericTool(this,"point",Translate.text("pointSelectionModeTool.tipText")))
  modes.addTool(newGenericTool(this,"curve",Translate.text("curveSelectionModeTool.tipText")))
  setSelectionMode(modes.getSelection())
  createEditMenu()
  createMeshMenu((SplineMesh)obj.getObject())
  createSkeletonMenu((SplineMesh)obj.getObject())
  createViewMenu()
  recursivelyAddListeners(this)
  UIUtilities.applyDefaultFont(content)
  UIUtilities.applyDefaultBackground(content)
  setBounds(newRectangle((screenBounds.width-windowDim.width)/2,(screenBounds.height-windowDim.height)/2,windowDim.width,windowDim.height))
  tools.requestFocus()
  findSelectionDistance()
  addExtraParameters()
  updateMenus()
/Users/lukeinkster/Documents/QualitasCorpus-20130901r/Systems/AoIsrc281/ArtOfIllusion/src/artofillusion/MaterialPreviewer.java
  initObject(tex,mat,objInfo)
  init(objInfo,width,height)
  initObject(tex,mat,objInfo)
  init(objInfo,width,height)
  init(obj.duplicate(),width,height)
/Users/lukeinkster/Documents/QualitasCorpus-20130901r/Systems/AoIsrc281/ArtOfIllusion/src/artofillusion/ui/PropertyEditor.java
  setPreferredSize(newDimension(30,15))
  setMaximumSize(newDimension(30,15))
  setBackground(color.getColor())
  ((JComponent)getComponent()).setBorder(BorderFactory.createLoweredBevelBorder())
  addEventLink(MouseClickedEvent.class,this)
/Users/lukeinkster/Documents/QualitasCorpus-20130901r/Systems/AoIsrc281/ArtOfIllusion/src/artofillusion/object/MeshVertex.java
  ikJoint=v.ikJoint
  ikWeight=v.ikWeight
/Users/lukeinkster/Documents/QualitasCorpus-20130901r/Systems/AoIsrc281/ArtOfIllusion/src/artofillusion/animation/ObjectRefTreeElement.java
  setEnabled(info!=exclude)
/Users/lukeinkster/Documents/QualitasCorpus-20130901r/Systems/AoIsrc281/HelpPlugin/src/ChatFrame.java
  this(clientColor,clientFont,itsMe,idyou,bHeader,false)
  this.setBackground(clientColor)
  this.setFont(clientFont)
  setBackground(newjava.awt.Color(255,255,255))
  settingsPane.add(col1)
  settingsPane.add(col2)
  col1.add(newLabel("open links in"))
  col2.add((browseBox=newCheckbox("browser",null,false)))
  col1.add(newLabel("create new browser"))
  col2.add((tabBox=newCheckbox("tab",null,false)))
  txtChatHistory.addHyperlinkListener(this)
  txtChatHistory.setFont(clientFont)
  txtChatHistory.append(sTime,COLOR_STATUS)
  txtChatHistory.addFocusListener(this)
  session.add(txtChatHistory)
  chatHistory(sTime,COLOR_STATUS)
  txtSendMsg.addActionListener(this)
  txtSendMsg.addKeyListener(this)
  txtSendMsg.addFocusListener(this)
  btnSend.addActionListener(this)
  btnSend.addFocusListener(this)
  btnInvite.addActionListener(this)
  btnInvite.addFocusListener(this)
  btnRecord.addActionListener(this)
  btnRecord.addFocusListener(this)
  setLayout(newGridBagLayout())
  gbConstraints.fill=GridBagConstraints.HORIZONTAL
  gbConstraints.fill=GridBagConstraints.BOTH
  add(tabs,gbConstraints)
  tabs.addTab(null,icoChat,newWebTextPane(txtChatHistory))
  gbConstraints.fill=GridBagConstraints.BOTH
  add(userList,gbConstraints)
  gbConstraints.fill=GridBagConstraints.HORIZONTAL
  add(txtSendMsg,gbConstraints)
  gbConstraints.fill=GridBagConstraints.NONE
  add(btnSend,gbConstraints)
  gbConstraints.fill=GridBagConstraints.NONE
  add(btnRecord,gbConstraints)
  addWindowListener(this)
  this.addComponentListener(aSymComponent)
  pack()
/Users/lukeinkster/Documents/QualitasCorpus-20130901r/Systems/AoIsrc281/ArtOfIllusion/src/artofillusion/animation/distortion/SkeletonShapeTrack.java
  smoothingMethod=Timecourse.INTERPOLATING
/Users/lukeinkster/Documents/QualitasCorpus-20130901r/Systems/AoIsrc281/ArtOfIllusion/src/artofillusion/object/CSGObject.java
  obj1.setObject(obj1.getObject().duplicate())
  obj2.setObject(obj2.getObject().duplicate())
  obj1.setVisible(obj2.visible=true)
  obj1.getObject().setTexture(getTexture(),getTextureMapping())
  obj2.getObject().setTexture(getTexture(),getTextureMapping())
/Users/lukeinkster/Documents/QualitasCorpus-20130901r/Systems/AoIsrc281/ArtOfIllusion/src/artofillusion/ui/PanelDialog.java
  setContent(content)
  content.setDefaultLayout(newLayoutInfo(LayoutInfo.CENTER,LayoutInfo.NONE,newInsets(10,10,10,10),null))
  content.add(thePanel,BorderContainer.CENTER)
  content.add(buttons,BorderContainer.SOUTH)
  buttons.add(okButton=Translate.button("ok",this,"buttonPressed"))
  buttons.add(Translate.button("cancel",this,"buttonPressed"))
  addEventLink(WindowClosingEvent.class,newObject(){voidprocessEvent(){ok=false;closeWindow();}})
  addAsListener(this)
  setDefaultButton(okButton)
  pack()
  setResizable(false)
  UIUtilities.centerDialog(this,parent)
  setVisible(true)
/Users/lukeinkster/Documents/QualitasCorpus-20130901r/Systems/AoIsrc281/ArtOfIllusion/src/artofillusion/TransformDialog.java
  initialValues=finalValues=values
  layoutDialog(transformLabels,extraOptions)
  pack()
  setResizable(false)
  UIUtilities.centerDialog(this,parent)
  fields[0].requestFocus()
  setVisible(true)
  this(parent,title,newdouble[]{Double.NaN,Double.NaN,Double.NaN,Double.NaN,Double.NaN,Double.NaN,Double.NaN,Double.NaN,Double.NaN},transformLabels,extraOptions)
/Users/lukeinkster/Documents/QualitasCorpus-20130901r/Systems/AoIsrc281/ArtOfIllusion/src/artofillusion/math/CoordinateSystem.java
  this(newVec3(),Vec3.vz(),Vec3.vy())
  zdir.normalize()
  updir.normalize()
  findRotationAngles()
  setOrientation(x,y,z)
/Users/lukeinkster/Documents/QualitasCorpus-20130901r/Systems/AoIsrc281/ArtOfIllusion/src/artofillusion/animation/TracksPanel.java
  setPreferredSize(newDimension(200,100))
  addEventLink(MousePressedEvent.class,this,"mousePressed")
  addEventLink(MouseReleasedEvent.class,this,"mouseReleased")
  addEventLink(MouseDraggedEvent.class,this,"mouseDragged")
  addEventLink(MouseClickedEvent.class,this,"mouseClicked")
  addEventLink(RepaintEvent.class,this,"paint")
/Users/lukeinkster/Documents/QualitasCorpus-20130901r/Systems/AoIsrc281/Renderers/src/artofillusion/raytracer/CubePhotonSource.java
  bottomP=xzarea*invArea
  topP=bottomP+xzarea*invArea
  leftP=topP+yzarea*invArea
  rightP=leftP+yzarea*invArea
  backP=rightP+xyarea*invArea
  fromLocal=obj.fromLocal
  param=obj.param
  texMap.getTexture().getAverageSpec(spec,map.getRaytracer().time,obj.param)
  color.copy(spec.emissive)
/Users/lukeinkster/Documents/QualitasCorpus-20130901r/Systems/AoIsrc281/ArtOfIllusion/src/artofillusion/procedural/FunctionModule.java
  calcCoefficients()
  setContent(BOutline.createEmptyBorder(content,UIUtilities.getStandardDialogInsets()))
  content.add(Translate.label("functionModuleInstructions"),0,0)
  content.add(canvas=newCustomWidget(),0,1,newLayoutInfo(LayoutInfo.CENTER,LayoutInfo.BOTH,null,null))
  canvas.setPreferredSize(newDimension(200,150))
  canvas.setBackground(Color.white)
  canvas.addEventLink(RepaintEvent.class,this,"paintCanvas")
  canvas.addEventLink(KeyPressedEvent.class,this,"keyPressed")
  canvas.addEventLink(MousePressedEvent.class,this,"mousePressed")
  canvas.addEventLink(MouseReleasedEvent.class,this,"mouseReleased")
  canvas.addEventLink(MouseDraggedEvent.class,this,"mouseDragged")
  content.add(row,0,2)
  row.add(newBLabel("X:"))
  row.add(xField=newValueField(Double.NaN,ValueField.NONE))
  xField.setValueChecker(newValueChecker(){publicbooleanisValid(doubleval){return(val>=0.0&&val<=1.0);}})
  row.add(newBLabel("Y:"))
  row.add(yField=newValueField(Double.NaN,ValueField.NONE))
  xField.addEventLink(ValueChangedEvent.class,this,"textChanged")
  yField.addEventLink(ValueChangedEvent.class,this,"textChanged")
  row.add(Translate.button("add",this,"doAdd"))
  row.add(deleteButton=Translate.button("delete",this,"doDelete"))
  content.add(checkboxRow,0,3)
  checkboxRow.add(repeatBox=newBCheckBox(Translate.text("functionIsPeriodic"),repeat))
  checkboxRow.add(smoothBox=newBCheckBox(Translate.text("smoothCurve"),shape==SMOOTH_INTERPOLATE))
  repeatBox.addEventLink(ValueChangedEvent.class,this,"functionChanged")
  smoothBox.addEventLink(ValueChangedEvent.class,this,"functionChanged")
  content.add(buttons,0,4)
  buttons.add(Translate.button("ok",this,"doOk"))
  buttons.add(Translate.button("cancel",this,"dispose"))
  x=editModule.x
  y=editModule.y
  hFormat.setMaximumFractionDigits(1)
  findRange()
  adjustComponents()
  pack()
  UIUtilities.centerDialog(this,parent)
  setVisible(true)
/Users/lukeinkster/Documents/QualitasCorpus-20130901r/Systems/AoIsrc281/ArtOfIllusion/src/artofillusion/util/IconGenerator.java
  compile(macro)
  compile(macro)
/Users/lukeinkster/Documents/QualitasCorpus-20130901r/Systems/AoIsrc281/ArtOfIllusion/src/artofillusion/procedural/ColorModule.java
  this(position,newRGBColor(1.0f,1.0f,1.0f))
/Users/lukeinkster/Documents/QualitasCorpus-20130901r/Systems/AoIsrc281/ArtOfIllusion/src/artofillusion/texture/UVMapping.java
  setAppliesTo(in.readShort())
  add(Translate.button("editUVCoords",this,"doEdit"),0,0)
  applyRow.add(newBLabel(Translate.text("applyTo")+":"))
  applyRow.add(applyToChoice=newBComboBox(newString[]{Translate.text("frontAndBackFaces"),Translate.text("frontFacesOnly"),Translate.text("backFacesOnly")}))
  add(applyRow,0,1)
  applyToChoice.setSelectedIndex(appliesTo())
  applyToChoice.addEventLink(ValueChangedEvent.class,this,"applyToChanged")
/Users/lukeinkster/Documents/QualitasCorpus-20130901r/Systems/AoIsrc281/ArtOfIllusion/src/artofillusion/animation/IKSolver.java
  findDownstreamJoints()
  findJointBehaviors(locked,moving)
  findForbiddenDOF()
/Users/lukeinkster/Documents/QualitasCorpus-20130901r/Systems/AoIsrc281/ArtOfIllusion/src/artofillusion/material/ProceduralMaterial3D.java
  proc=createProcedure()
  initThreadLocal()
  setName(in.readUTF())
  proc=createProcedure()
  setIndexOfRefraction(in.readDouble())
  proc.readFromStream(in,theScene)
  initThreadLocal()
/Users/lukeinkster/Documents/QualitasCorpus-20130901r/Systems/AoIsrc281/Renderers/src/artofillusion/raytracer/DisplacedTrianglePhotonSource.java
  tri.tri.getTextureSpec(spec,1.0,third,third,third,avgSize,map.getRaytracer().time)
  color.copy(spec.emissive)
  tri.tri.getTextureSpec(spec,-1.0,third,third,third,avgSize,map.getRaytracer().time)
  color.add(spec.emissive)
/Users/lukeinkster/Documents/QualitasCorpus-20130901r/Systems/AoIsrc281/ArtOfIllusion/src/artofillusion/object/Tube.java
  this()
/Users/lukeinkster/Documents/QualitasCorpus-20130901r/Systems/AoIsrc281/ArtOfIllusion/src/artofillusion/view/SmoothVertexShader.java
  object.getTexture().getAverageSpec(spec,time,object.getAverageParameterValues())
  meshColor.clip()
/Users/lukeinkster/Documents/QualitasCorpus-20130901r/Systems/AoIsrc281/ArtOfIllusion/src/artofillusion/procedural/CoordinateModule.java
  this(position,X)
/Users/lukeinkster/Documents/QualitasCorpus-20130901r/Systems/AoIsrc281/Renderers/src/artofillusion/raytracer/RTImplicitObject.java
  minx=bounds.minx
  miny=bounds.miny
  minz=bounds.minz
  maxx=bounds.maxx
  maxy=bounds.maxy
  maxz=bounds.maxz
/Users/lukeinkster/Documents/QualitasCorpus-20130901r/Systems/AoIsrc281/ArtOfIllusion/src/artofillusion/math/Vec3.java
  x=v.x
  y=v.y
  z=v.z
/Users/lukeinkster/Documents/QualitasCorpus-20130901r/Systems/AoIsrc281/ArtOfIllusion/src/artofillusion/util/ThreadManager.java
  this(0,null)
/Users/lukeinkster/Documents/QualitasCorpus-20130901r/Systems/AoIsrc281/SPManager/src/artofillusion/spmanager/SPMObjectInfo.java
  separatorChar=File.separatorChar
  getName()
  getName()
  getName()
  readInfoFromDocumentNode(n)
/Users/lukeinkster/Documents/QualitasCorpus-20130901r/Systems/AoIsrc281/ArtOfIllusion/src/artofillusion/animation/SkeletonTool.java
  initButton("skeleton")
/Users/lukeinkster/Documents/QualitasCorpus-20130901r/Systems/AoIsrc281/ArtOfIllusion/src/artofillusion/animation/distortion/BendTrack.java
  smoothingMethod=Timecourse.INTERPOLATING
  axis=BendDistortion.X_AXIS
  direction=BendDistortion.Y_AXIS
/Users/lukeinkster/Documents/QualitasCorpus-20130901r/Systems/AoIsrc281/HelpPlugin/src/StringEditor.java
  compile(cmd)
/Users/lukeinkster/Documents/QualitasCorpus-20130901r/Systems/AoIsrc281/Renderers/src/artofillusion/raytracer/RTCube.java
  r1x=point1.x
  r1y=point1.y
  r1z=point1.z
  r2x=point2.x
  r2y=point2.y
  r2z=point2.z
  normx=trueNorm.x
  normy=trueNorm.y
  normz=trueNorm.z
/Users/lukeinkster/Documents/QualitasCorpus-20130901r/Systems/AoIsrc281/ArtOfIllusion/src/artofillusion/MoveObjectTool.java
  initButton("move")
/Users/lukeinkster/Documents/QualitasCorpus-20130901r/Systems/AoIsrc281/ArtOfIllusion/src/artofillusion/ui/AutoScroller.java
  pane.getContent().addEventLink(MousePressedEvent.class,this,"mousePressed")
  pane.getContent().addEventLink(MouseReleasedEvent.class,this,"mouseReleased")
  pane.getContent().addEventLink(MouseDraggedEvent.class,this,"mouseDragged")
/Users/lukeinkster/Documents/QualitasCorpus-20130901r/Systems/AoIsrc281/ArtOfIllusion/src/artofillusion/ScaleObjectTool.java
  initButton("resize")
/Users/lukeinkster/Documents/QualitasCorpus-20130901r/Systems/AoIsrc281/ArtOfIllusion/src/artofillusion/view/ViewerOrientationControl.java
  setSelectedIndex(0)
  view.addEventLink(ViewChangedEvent.class,this,"viewChanged")
  addEventLink(ValueChangedEvent.class,this,"valueChanged")
/Users/lukeinkster/Documents/QualitasCorpus-20130901r/Systems/AoIsrc281/ArtOfIllusion/src/artofillusion/animation/TrackGraph.java
  setBackground(Color.white)
  setPreferredSize(newDimension(200,100))
  addEventLink(MousePressedEvent.class,this,"mousePressed")
  addEventLink(MouseReleasedEvent.class,this,"mouseReleased")
  addEventLink(MouseDraggedEvent.class,this,"mouseDragged")
  addEventLink(MouseClickedEvent.class,this,"mouseClicked")
  addEventLink(RepaintEvent.class,this,"paint")
  findValues()
/Users/lukeinkster/Documents/QualitasCorpus-20130901r/Systems/AoIsrc281/ArtOfIllusion/src/artofillusion/procedural/ProcedureEditor.java
  parent.setContent(content)
  content.add(scroll=newBScrollPane(this),BorderContainer.CENTER)
  scroll.setPreferredViewSize(newDimension(600,600))
  setBackground(Color.white)
  addEventLink(KeyPressedEvent.class,this,"keyPressed")
  addEventLink(MousePressedEvent.class,this,"mousePressed")
  addEventLink(MouseReleasedEvent.class,this,"mouseReleased")
  addEventLink(MouseClickedEvent.class,this,"mouseClicked")
  addEventLink(MouseDraggedEvent.class,this,"mouseDragged")
  addEventLink(RepaintEvent.class,this,"paint")
  top.setDefaultLayout(newLayoutInfo(LayoutInfo.CENTER,LayoutInfo.HORIZONTAL,newInsets(0,0,0,5),null))
  top.add(Translate.button("properties",this,"actionPerformed"),0,0)
  top.add(Translate.button("ok",this,"doOk"),3,0)
  top.add(Translate.button("cancel",this,"actionPerformed"),4,0)
  parent.addEventLink(WindowClosingEvent.class,this,"doOk")
  content.add(top,BorderContainer.NORTH)
  parent.setMenuBar(mb)
  mb.add(getEditMenu())
  mb.add(getInsertMenu())
  updateMenus()
  parent.pack()
  scroll.getHorizontalScrollBar().setBlockIncrement(100)
  scroll.getVerticalScrollBar().setBlockIncrement(100)
  scroll.getHorizontalScrollBar().setUnitIncrement(10)
  scroll.getVerticalScrollBar().setUnitIncrement(10)
  parent.setVisible(true)
  scroll.getHorizontalScrollBar().setValue(getBounds().width-scroll.getViewSize().width)
/Users/lukeinkster/Documents/QualitasCorpus-20130901r/Systems/AoIsrc281/ArtOfIllusion/src/artofillusion/Scene.java
  defTex.setName("Default Texture")
  textures.addElement(defTex)
  showGrid=snapToGrid=false
  initFromStream(in,fullScene)
  in.close()
  setName(f.getName())
  setDirectory(f.getParent())
  initFromStream(in,fullScene)
/Users/lukeinkster/Documents/QualitasCorpus-20130901r/Systems/AoIsrc281/Renderers/src/artofillusion/raytracer/OctreeNode.java
  subdivide(objBounds)
/Users/lukeinkster/Documents/QualitasCorpus-20130901r/Systems/AoIsrc281/ArtOfIllusion/src/artofillusion/CreateSplineMeshTool.java
  initButton("splineMesh")
/Users/lukeinkster/Documents/QualitasCorpus-20130901r/Systems/AoIsrc281/ArtOfIllusion/src/artofillusion/object/Object3D.java
  setParameterValues(paramValue)
/Users/lukeinkster/Documents/QualitasCorpus-20130901r/Systems/AoIsrc281/ArtOfIllusion/src/artofillusion/animation/VerticalAxis.java
  setGraphRange(0.0,1.0)
  setPreferredSize(newDimension(50,0))
  addEventLink(RepaintEvent.class,this,"paint")
/Users/lukeinkster/Documents/QualitasCorpus-20130901r/Systems/AoIsrc281/ArtOfIllusion/src/artofillusion/object/Cylinder.java
  this(in.readDouble(),in.readDouble(),in.readDouble(),in.readDouble())
/Users/lukeinkster/Documents/QualitasCorpus-20130901r/Systems/AoIsrc281/ArtOfIllusion/src/artofillusion/ExternalObjectEditingWindow.java
  setContent(BOutline.createEmptyBorder(content,UIUtilities.getStandardDialogInsets()))
  content.setDefaultLayout(newLayoutInfo(LayoutInfo.CENTER,LayoutInfo.HORIZONTAL,newInsets(2,2,2,2),null))
  content.add(Translate.label("externalObject.sceneFile"),0,0,labelLayout)
  content.add(fileField=newBTextField(theObject.getExternalSceneFile().getAbsolutePath(),30),1,0)
  content.add(Translate.button("browse",this,"doBrowseFile"),2,0)
  fileField.setEditable(false)
  itemTree.setPreferredSize(newDimension(130,100))
  itemTree.setAllowMultiple(false)
  itemTree.addEventLink(SelectionChangedEvent.class,this,"selectionChanged")
  itemTreeScroller.setForceWidth(true)
  itemTreeScroller.setForceHeight(true)
  itemTreeScroller.getVerticalScrollBar().setUnitIncrement(10)
  content.add(itemTreeScroller,0,1,3,1)
  content.add(includeChildrenBox,0,2,3,1)
  content.add(buttons,0,3,3,1,newLayoutInfo())
  buttons.add(okButton=Translate.button("ok",this,"doOk"))
  buttons.add(Translate.button("cancel",this,"dispose"))
  loadExternalScene()
  buildObjectTree()
  selectionChanged()
  pack()
  UIUtilities.centerDialog(this,parentWindow.getFrame())
  setVisible(true)
/Users/lukeinkster/Documents/QualitasCorpus-20130901r/Systems/AoIsrc281/ArtOfIllusion/src/artofillusion/image/ImageMap.java
  id=nextID++
/Users/lukeinkster/Documents/QualitasCorpus-20130901r/Systems/AoIsrc281/ArtOfIllusion/src/artofillusion/script/ScriptedObjectEditorWindow.java
  setContent(content)
  content.add(BOutline.createBevelBorder(scriptText.createContainer(),false),BorderContainer.CENTER)
  content.add(buttons,BorderContainer.SOUTH,newLayoutInfo())
  buttons.add(Translate.button("ok",this,"commitChanges"))
  buttons.add(Translate.button("Load","...",this,"loadScript"))
  buttons.add(Translate.button("Save","...",this,"saveScript"))
  buttons.add(Translate.button("scriptParameters",this,"editParameters"))
  buttons.add(Translate.button("cancel",this,"dispose"))
  addEventLink(WindowClosingEvent.class,this,"commitChanges")
  scriptText.setCaretPosition(0)
  pack()
  UIUtilities.centerWindow(this)
  setVisible(true)
  content.setDefaultLayout(newLayoutInfo(LayoutInfo.CENTER,LayoutInfo.HORIZONTAL,null,null))
  setContent(content)
  content.add(UIUtilities.createScrollingList(paramList=newBList()),0,0,2,1,newLayoutInfo(LayoutInfo.CENTER,LayoutInfo.BOTH,null,null))
  paramList.setPreferredVisibleRows(5)
  buildParameterList()
  paramList.addEventLink(SelectionChangedEvent.class,this,"selectionChanged")
  content.add(Translate.label("Name"),0,1)
  content.add(Translate.label("Value"),0,2)
  content.add(nameField=newBTextField(),1,1)
  nameField.addEventLink(ValueChangedEvent.class,this,"textChanged")
  nameField.addEventLink(FocusLostEvent.class,this,"focusLost")
  content.add(valueField=newValueField(0.0,ValueField.NONE),1,2)
  valueField.addEventLink(ValueChangedEvent.class,this,"textChanged")
  content.add(buttons,0,3,2,1,newLayoutInfo())
  buttons.add(Translate.button("add",this,"doAdd"))
  buttons.add(Translate.button("remove",this,"doRemove"))
  buttons.add(Translate.button("ok",this,"doOk"))
  buttons.add(Translate.button("cancel",this,"dispose"))
  setSelectedParameter(name.length==0?-1:0)
  pack()
  UIUtilities.centerDialog(this,ScriptedObjectEditorWindow.this)
  setVisible(true)
/Users/lukeinkster/Documents/QualitasCorpus-20130901r/Systems/AoIsrc281/ArtOfIllusion/src/artofillusion/ui/ToolPalette.java
  addEventLink(MousePressedEvent.class,this,"mousePressed")
  addEventLink(MouseClickedEvent.class,this,"mouseClicked")
  addEventLink(MouseEnteredEvent.class,this,"mouseEntered")
  addEventLink(MouseExitedEvent.class,this,"mouseExited")
  addEventLink(MouseMovedEvent.class,this,"mouseMoved")
  addEventLink(RepaintEvent.class,this,"paint")
  addEventLink(ToolTipEvent.class,this,"showToolTip")
  setBackground(ThemeManager.getPaletteBackgroundColor())
/Users/lukeinkster/Documents/QualitasCorpus-20130901r/Systems/AoIsrc281/ArtOfIllusion/src/artofillusion/ui/ImageFileChooser.java
  preview.setPreferredSize(newDimension(PREVIEW_SIZE+2*INSET,PREVIEW_SIZE+2*INSET))
  preview.setHorizontalAlignment(JLabel.CENTER)
  preview.setVerticalAlignment(JLabel.CENTER)
  ((JFileChooser)getComponent()).setAccessory(preview)
  addEventLink(SelectionChangedEvent.class,this,"selectionChanged")
  selectionChanged()
/Users/lukeinkster/Documents/QualitasCorpus-20130901r/Systems/AoIsrc281/SPManager/src/artofillusion/spmanager/StatusDialog.java
  cc.add(label=SPMTranslate.bLabel("status"),layout)
  label.setText(SPMTranslate.text("scanningPlugins"))
  cc.add(progressBar=newBProgressBar(0,100),layout)
  progressBar.setShowProgressText(true)
  setContent(cc)
  pack()
  centerAndSizeWindow()
  setVisible(true)
  layoutChildren()
  addEventLink(WindowClosingEvent.class,this,"doClose")
/Users/lukeinkster/Documents/QualitasCorpus-20130901r/Systems/AoIsrc281/ArtOfIllusion/src/artofillusion/SafeFileOutputStream.java
  open(path,mode)
  open(file,mode)
/Users/lukeinkster/Documents/QualitasCorpus-20130901r/Systems/AoIsrc281/ArtOfIllusion/src/artofillusion/texture/ProceduralTexture3D.java
  proc=createProcedure()
  initThreadLocal()
  setName(in.readUTF())
  proc=createProcedure()
  proc.readFromStream(in,theScene)
  initThreadLocal()
/Users/lukeinkster/Documents/QualitasCorpus-20130901r/Systems/AoIsrc281/ArtOfIllusion/src/artofillusion/CurveEditorWindow.java
  setContent(content)
  content.setDefaultLayout(newLayoutInfo(LayoutInfo.CENTER,LayoutInfo.BOTH,null,null))
  content.add(helpText=newBLabel(),0,1,2,1)
  content.add(viewsContainer,1,0)
  buttons.add(Translate.button("ok",this,"doOk"))
  buttons.add(Translate.button("cancel",this,"doCancel"))
  content.add(buttons,0,2,2,1,newLayoutInfo())
  content.add(tools=newToolPalette(1,7),0,0,newLayoutInfo(LayoutInfo.NORTH,LayoutInfo.NONE,null,null))
  tools.addTool(defaultTool=newReshapeMeshTool(this,this))
  tools.addTool(newScaleMeshTool(this,this))
  tools.addTool(newRotateMeshTool(this,this,false))
  tools.addTool(newSkewMeshTool(this,this))
  tools.addTool(newTaperMeshTool(this,this))
  tools.addTool(compoundTool=newMoveScaleRotateMeshTool(this,this))
  tools.addTool(metaTool=newMoveViewTool(this))
  tools.addTool(altTool=newRotateViewTool(this))
  tools.setDefaultTool(defaultTool)
  tools.selectTool(defaultTool)
  createEditMenu()
  createMeshMenu((Curve)obj.getObject())
  createViewMenu()
  recursivelyAddListeners(this)
  UIUtilities.applyDefaultFont(content)
  UIUtilities.applyDefaultBackground(content)
  setBounds(newRectangle((screenBounds.width-windowDim.width)/2,(screenBounds.height-windowDim.height)/2,windowDim.width,windowDim.height))
  tools.requestFocus()
  findSelectionDistance()
  updateMenus()
/Users/lukeinkster/Documents/QualitasCorpus-20130901r/Systems/AoIsrc281/ArtOfIllusion/src/artofillusion/ui/ColorChooser.java
  setContent(BOutline.createEmptyBorder(content,UIUtilities.getStandardDialogInsets()))
  buttons.add(Translate.button("ok",this,"doOk"))
  buttons.add(Translate.button("cancel",this,"dispose"))
  content.add(buttons,BorderContainer.SOUTH,newLayoutInfo())
  center.setDefaultLayout(newLayoutInfo(LayoutInfo.WEST,LayoutInfo.HORIZONTAL,null,null))
  content.add(center,BorderContainer.CENTER)
  center.add(label1=Translate.label("Red"),0,0,2,1)
  center.add(label2=Translate.label("Green"),0,2,2,1)
  center.add(label3=Translate.label("Blue"),0,4,2,1)
  center.add(slider1=newValueSlider(0.0,componentMax,100,(double)newColor.getRed()),0,1,2,1,sliderLayout)
  center.add(slider2=newValueSlider(0.0,componentMax,100,(double)newColor.getGreen()),0,3,2,1,sliderLayout)
  center.add(slider3=newValueSlider(0.0,componentMax,100,(double)newColor.getBlue()),0,5,2,1,sliderLayout)
  slider1.addEventLink(ValueChangedEvent.class,this,"valueChanged")
  slider2.addEventLink(ValueChangedEvent.class,this,"valueChanged")
  slider3.addEventLink(ValueChangedEvent.class,this,"valueChanged")
  center.add(choicesRow,0,6,3,1)
  choicesRow.add(Translate.label("colorModel"))
  choicesRow.add(modeC=newBComboBox(newString[]{"RGB","HSV","HLS"}),newLayoutInfo(LayoutInfo.WEST,LayoutInfo.NONE,newInsets(0,0,0,8),null))
  choicesRow.add(Translate.label("colorComponentRange"))
  modeC.addEventLink(ValueChangedEvent.class,this,"modeChanged")
  modeC.setSelectedIndex(mode)
  choicesRow.add(rangeC=newBComboBox(newString[]{"0 to 1","0 to 255"}),newLayoutInfo(LayoutInfo.WEST,LayoutInfo.NONE,null,null))
  rangeC.addEventLink(ValueChangedEvent.class,this,"rangeChanged")
  rangeC.setSelectedIndex(rangeMode)
  center.add(Translate.label("originalColor"),2,0,patchLayout)
  center.add(oldColorPatch=oldColor.getSample(50,30),2,1,patchLayout)
  center.add(Translate.label("newColor"),2,2,patchLayout)
  center.add(newColorPatch=newColor.getSample(50,30),2,3,patchLayout)
  center.add(Translate.label("recentColors"),0,7,3,1)
  center.add(recentColorRow,0,8,3,1)
  addAsListener(this)
  modeChanged()
  pack()
  setResizable(false)
  UIUtilities.centerDialog(this,parent)
  setVisible(true)
/Users/lukeinkster/Documents/QualitasCorpus-20130901r/Systems/AoIsrc281/ArtOfIllusion/src/artofillusion/image/TIFFEncoder.java
  recordData()
  samplesPerPixel=transparent?4:3
  makeDescriptionString()
/Users/lukeinkster/Documents/QualitasCorpus-20130901r/Systems/AoIsrc281/ArtOfIllusion/src/artofillusion/texture/CylindricalMapping.java
  findCoefficients()
  findCoefficients()
  add(Translate.label("Width"),0,0,leftLayout)
  add(xscaleField=newValueField(xscale,ValueField.NONZERO,5),1,0)
  add(newBLabel("("+Translate.text("degrees")+")"),2,0,rightLayout)
  add(Translate.label("Height"),0,1,leftLayout)
  add(yscaleField=newValueField(yscale,ValueField.NONZERO,5),1,1)
  add(Translate.label("Offset"),0,2,leftLayout)
  add(ytransField=newValueField(dy,ValueField.NONZERO,5),1,2)
  add(newBLabel(Translate.text("Rotation")+":"),0,3,3,1)
  rotationRow.add(newBLabel("X"))
  rotationRow.add(xrotField=newValueField(angles[0],ValueField.NONE,5))
  rotationRow.add(newBLabel("Y"))
  rotationRow.add(yrotField=newValueField(angles[1],ValueField.NONE,5))
  rotationRow.add(newBLabel("Z"))
  rotationRow.add(zrotField=newValueField(angles[2],ValueField.NONE,5))
  add(rotationRow,0,4,3,1)
  applyRow.add(newBLabel(Translate.text("applyTo")+":"))
  applyRow.add(applyToChoice=newBComboBox(newString[]{Translate.text("frontAndBackFaces"),Translate.text("frontFacesOnly"),Translate.text("backFacesOnly")}))
  add(applyRow,0,5,3,1)
  applyToChoice.setSelectedIndex(appliesTo())
  add(coordsFromParamsBox=newBCheckBox(Translate.text("bindTexToSurface"),coordsFromParams),0,7,3,1)
  coordsFromParamsBox.setEnabled(theObjectinstanceofMesh||theObjectinstanceofActor)
  xscaleField.addEventLink(ValueChangedEvent.class,this)
  yscaleField.addEventLink(ValueChangedEvent.class,this)
  ytransField.addEventLink(ValueChangedEvent.class,this)
  xrotField.addEventLink(ValueChangedEvent.class,this)
  yrotField.addEventLink(ValueChangedEvent.class,this)
  zrotField.addEventLink(ValueChangedEvent.class,this)
  coordsFromParamsBox.addEventLink(ValueChangedEvent.class,this)
  applyToChoice.addEventLink(ValueChangedEvent.class,this)
/Users/lukeinkster/Documents/QualitasCorpus-20130901r/Systems/AoIsrc281/ArtOfIllusion/src/artofillusion/TriMeshSimplifier.java
  tol=tolerance*tolerance
  buildDataStructures(selection)
/Users/lukeinkster/Documents/QualitasCorpus-20130901r/Systems/AoIsrc281/ArtOfIllusion/src/artofillusion/animation/ActorEditorWindow.java
  setContent(content)
  content.setDefaultLayout(newLayoutInfo(LayoutInfo.CENTER,LayoutInfo.BOTH,null,null))
  content.add(UIUtilities.createScrollingList(gestureList=newBList()),0,0,newLayoutInfo(LayoutInfo.CENTER,LayoutInfo.BOTH))
  gestureList.setPreferredVisibleRows(10)
  gestureList.setMultipleSelectionEnabled(false)
  gestureList.addEventLink(SelectionChangedEvent.class,this,"updateComponents")
  gestureList.addEventLink(MouseClickedEvent.class,newObject(){voidprocessEvent(MouseClickedEventev){if(ev.getClickCount()==2)doEdit();}})
  content.add(leftPanel,0,1)
  leftPanel.setDefaultLayout(newLayoutInfo(LayoutInfo.CENTER,LayoutInfo.HORIZONTAL,newInsets(2,2,2,2),null))
  leftPanel.add(editButton=Translate.button("edit",this,"doEdit"),0,1)
  leftPanel.add(renameButton=Translate.button("rename",this,"doRename"),0,2)
  leftPanel.add(copyButton=Translate.button("duplicate",this,"doDuplicate"),0,3)
  leftPanel.add(deleteButton=Translate.button("delete",this,"doDelete"),0,4)
  leftPanel.add(saveButton=Translate.button("save","...",this,"doSave"),0,6)
  leftPanel.add(extractButton=Translate.button("extract","...",this,"doExtract"),0,7)
  content.add(addRemovePanel,1,0)
  addRemovePanel.setDefaultLayout(newLayoutInfo(LayoutInfo.CENTER,LayoutInfo.HORIZONTAL,newInsets(2,2,2,2),null))
  addRemovePanel.add(addButton=Translate.button("add",">>",this,"doAdd"))
  addRemovePanel.add(removeButton=newBButton("<< "+Translate.text("button.remove")))
  removeButton.addEventLink(CommandEvent.class,this,"doRemove")
  currentPoseTable.setMultipleSelectionEnabled(false)
  currentPoseTable.addEventLink(SelectionChangedEvent.class,this,"updateComponents")
  column.setCellEditor(newValueEditor())
  column.setCellRenderer(renderer)
  column.setMinWidth(renderer.getPreferredSize().width)
  column.setMaxWidth(renderer.getPreferredSize().width)
  ((JTable)currentPoseTable.getComponent()).setRowHeight(renderer.getPreferredSize().height)
  tableScrollPane.setPreferredViewSize(newDimension(250,5*renderer.getPreferredSize().height))
  content.add(BOutline.createBevelBorder(tableScrollPane,false),2,0)
  content.add(preview=newObjectPreviewCanvas(newObjectInfo(theObject,newCoordinateSystem(),"")),1,1,2,1,newLayoutInfo(LayoutInfo.CENTER,LayoutInfo.BOTH,null,null))
  preview.setPreferredSize(newDimension(300,300))
  content.add(bottomPanel,0,2,3,1,newLayoutInfo())
  bottomPanel.add(okButton=Translate.button("ok",this,"doOk"))
  bottomPanel.add(cancelButton=Translate.button("cancel",this,"dispose"))
  pack()
  UIUtilities.centerDialog(this,parent.getFrame())
  updateComponents()
  setVisible(true)
  selector.setBackground(((JTable)currentPoseTable.getComponent()).getSelectionBackground())
  selector.addEventLink(ValueChangedEvent.class,newObject(){voidprocessEvent(){processor.addEvent(newRunnable(){publicvoidrun(){currentPose.weight[currentRow]=selector.getValue();updateDisplay();}});}})
/Users/lukeinkster/Documents/QualitasCorpus-20130901r/Systems/AoIsrc281/ArtOfIllusion/src/artofillusion/MoveScaleRotateMeshTool.java
  initButton("moveScaleRotate")
  manipulator.addEventLink(HandlePressedEvent.class,this,"handlePressed")
  manipulator.addEventLink(HandleDraggedEvent.class,this,"handleDragged")
  manipulator.addEventLink(HandleReleasedEvent.class,this,"handleReleased")
/Users/lukeinkster/Documents/QualitasCorpus-20130901r/Systems/AoIsrc281/ArtOfIllusion/src/artofillusion/object/DirectionalLight.java
  this(theColor,theIntensity,1.0)
  setParameters(theColor.duplicate(),theIntensity,TYPE_NORMAL,0.5f)
  setRadius(theRadius)
  setParameters(newRGBColor(in),in.readFloat(),version==0?TYPE_NORMAL:in.readShort(),0.0f)
  setRadius(version>1?in.readDouble():0.0)
  this(newRGBColor(in),in.readFloat(),in.readFloat())
/Users/lukeinkster/Documents/QualitasCorpus-20130901r/Systems/AoIsrc281/ArtOfIllusion/src/artofillusion/RotateViewTool.java
  initButton("rotateView")
/Users/lukeinkster/Documents/QualitasCorpus-20130901r/Systems/AoIsrc281/Renderers/src/artofillusion/raytracer/DirectionalPhotonSource.java
  minx=bounds.minx
  maxx=bounds.maxx
  miny=bounds.miny
  maxy=bounds.maxy
  light.getLight(color,newVec3())
  color.scale(1.0f/lightIntensity)
/Users/lukeinkster/Documents/QualitasCorpus-20130901r/Systems/AoIsrc281/SPManager/src/artofillusion/spmanager/SPMSetupFrame.java
  setTitle(SPMTranslate.text("SPManagerSetup"))
  addEventLink(WindowClosingEvent.class,this,"doCancel")
  cc.add(SPMTranslate.bLabel("chooseRepository"),topLayout)
  cc.add(repositoriesCB=newBComboBox((Object[])(rep=parameters.getRepositories())),layout)
  repositoriesCB.addEventLink(ValueChangedEvent.class,this,"doRepositoriesCBChanged")
  repositoriesCB.setSelectedIndex(parameters.getCurrentRepositoryIndex())
  cc.add(useCacheCB,newLayoutInfo(LayoutInfo.CENTER,LayoutInfo.NONE,newInsets(2,3,2,3),newDimension(0,0)))
  fm.add(useProxyCB,0,0,formLayout)
  fm.add(proxyHostLabel=SPMTranslate.bLabel("proxyHost"),0,1,formLayout)
  fm.add(proxyHostEntry,1,1,formLayout)
  fm.add(proxyPortLabel=SPMTranslate.bLabel("proxyPort"),0,2,formLayout)
  fm.add(proxyPortEntry,1,2,formLayout)
  fm.add(usernameLabel=SPMTranslate.bLabel("username"),0,3,formLayout)
  fm.add(usernameEntry,1,3,formLayout)
  fm.add(passwordLabel=SPMTranslate.bLabel("password"),0,4,formLayout)
  fm.add(passwordEntry,1,4,formLayout)
  cc.add(fm,rcLayout)
  buttons.add(okButton=SPMTranslate.bButton("ok",this,"doOK"))
  buttons.add(cancelButton=SPMTranslate.bButton("cancel",this,"doCancel"))
  cc.add(buttons,newLayoutInfo())
  setContent(cc)
  addEventLink(WindowClosingEvent.class,this,"doCancel")
  pack()
  ((JDialog)getComponent()).setLocationRelativeTo(frame.getComponent())
  parameters.setChanged(false)
  setVisible(true)
/Users/lukeinkster/Documents/QualitasCorpus-20130901r/Systems/AoIsrc281/ArtOfIllusion/src/artofillusion/ui/ObjectTreeElement.java
  this(info,null,tree,true)
/Users/lukeinkster/Documents/QualitasCorpus-20130901r/Systems/AoIsrc281/HelpPlugin/src/ComponentsWindow.java
  this(parent,prompt,components,labels,null,null)
  init(prompt,components,labels,parent,onOK,onCancel)
  init(prompt,components,labels,null,null,null)
  init(prompt,components,labels,null,onOK,onCancel)
/Users/lukeinkster/Documents/QualitasCorpus-20130901r/Systems/AoIsrc281/ArtOfIllusion/src/artofillusion/texture/LinearMapping3D.java
  xscale=yscale=zscale=1.0
  dx=dy=dz=0.0
  findCoefficients()
  findCoefficients()
  setDefaultLayout(newLayoutInfo(LayoutInfo.CENTER,LayoutInfo.NONE,newInsets(0,0,0,5),null))
  add(newBLabel(Translate.text("Scale")+":"),0,0,6,1)
  add(newBLabel("X"),0,1)
  add(xscaleField=newValueField(xscale,ValueField.NONZERO,5),1,1)
  add(newBLabel("Y"),2,1)
  add(yscaleField=newValueField(yscale,ValueField.NONZERO,5),3,1)
  add(newBLabel("Z"),4,1)
  add(zscaleField=newValueField(zscale,ValueField.NONZERO,5),5,1)
  add(newBLabel(Translate.text("Center")+":"),0,2,6,1)
  add(newBLabel("X"),0,3)
  add(xtransField=newValueField(dx,ValueField.NONE,5),1,3)
  add(newBLabel("Y"),2,3)
  add(ytransField=newValueField(dy,ValueField.NONE,5),3,3)
  add(newBLabel("Z"),4,3)
  add(ztransField=newValueField(dz,ValueField.NONE,5),5,3)
  add(newBLabel(Translate.text("Rotation")+":"),0,4,6,1)
  add(newBLabel("X"),0,5)
  add(xrotField=newValueField(angles[0],ValueField.NONE,5),1,5)
  add(newBLabel("Y"),2,5)
  add(yrotField=newValueField(angles[1],ValueField.NONE,5),3,5)
  add(newBLabel("Z"),4,5)
  add(zrotField=newValueField(angles[2],ValueField.NONE,5),5,5)
  applyRow.add(newBLabel(Translate.text("applyTo")+":"))
  applyRow.add(applyToChoice=newBComboBox(newString[]{Translate.text("frontAndBackFaces"),Translate.text("frontFacesOnly"),Translate.text("backFacesOnly")}))
  add(applyRow,0,6,6,1)
  applyToChoice.setSelectedIndex(appliesTo())
  add(coordsFromParamsBox=newBCheckBox(Translate.text("bindTexToSurface"),coordsFromParams),0,7,6,1)
  add(scaleToObjectBox=newBCheckBox(Translate.text("scaleTexToObject"),scaleToObject),0,8,6,1)
  coordsFromParamsBox.setEnabled(theObjectinstanceofMesh||theObjectinstanceofActor)
  xscaleField.addEventLink(ValueChangedEvent.class,this)
  yscaleField.addEventLink(ValueChangedEvent.class,this)
  zscaleField.addEventLink(ValueChangedEvent.class,this)
  xtransField.addEventLink(ValueChangedEvent.class,this)
  ytransField.addEventLink(ValueChangedEvent.class,this)
  ztransField.addEventLink(ValueChangedEvent.class,this)
  xrotField.addEventLink(ValueChangedEvent.class,this)
  yrotField.addEventLink(ValueChangedEvent.class,this)
  zrotField.addEventLink(ValueChangedEvent.class,this)
  coordsFromParamsBox.addEventLink(ValueChangedEvent.class,this)
  scaleToObjectBox.addEventLink(ValueChangedEvent.class,this)
  applyToChoice.addEventLink(ValueChangedEvent.class,this)
/Users/lukeinkster/Documents/QualitasCorpus-20130901r/Systems/AoIsrc281/ArtOfIllusion/src/artofillusion/MaterialMappingDialog.java
  setContent(BOutline.createEmptyBorder(content,UIUtilities.getStandardDialogInsets()))
  content.add(preview=newMaterialPreviewer(obj.getTexture(),obj.getMaterial(),obj.duplicate(),160,160),0,0,newLayoutInfo(LayoutInfo.CENTER,LayoutInfo.BOTH,newInsets(0,50,0,50),null))
  preview.setMaterial(obj.getMaterial(),obj.getMaterialMapping())
  content.add(choiceRow,0,1)
  choiceRow.add(newBLabel(Translate.text("Mapping")+":"))
  choiceRow.add(mapChoice=newBComboBox())
  mapChoice.addEventLink(ValueChangedEvent.class,this,"mappingChanged")
  content.add(editingPanel=map.getEditingPanel(obj,preview),0,2)
  content.add(row,0,3)
  row.add(Translate.button("ok",this,"dispose"))
  row.add(Translate.button("cancel",this,"doCancel"))
  pack()
  UIUtilities.centerDialog(this,parent)
  setVisible(true)
/Users/lukeinkster/Documents/QualitasCorpus-20130901r/Systems/AoIsrc281/Tools/src/artofillusion/tools/LatheDialog.java
  setContent(BOutline.createEmptyBorder(content,UIUtilities.getStandardDialogInsets()))
  content.setDefaultLayout(newLayoutInfo(LayoutInfo.WEST,LayoutInfo.NONE,newInsets(0,0,0,5),null))
  content.add(newBLabel("Select Lathe Axis:"),0,0,2,1)
  content.add(xBox=newBRadioButton("X axis",false,axisGroup),0,1,2,1)
  content.add(yBox=newBRadioButton("Y axis",true,axisGroup),0,2,2,1)
  content.add(zBox=newBRadioButton("Z axis",false,axisGroup),0,3,2,1)
  content.add(endsBox=newBRadioButton("Line through endpoints",false,axisGroup),0,4,2,1)
  axisGroup.addEventLink(SelectionChangedEvent.class,this,"makeObject")
  content.add(newBLabel("Total Rotation Angle:"),0,5,2,1)
  content.add(angleSlider=newValueSlider(0.0,360.0,180,360.0),0,6,2,1)
  angleSlider.addEventLink(ValueChangedEvent.class,this,"makeObject")
  content.add(newBLabel("Radius:"),0,7)
  content.add(newBLabel("Segments:"),0,8)
  content.add(radiusField=newValueField(0.0,ValueField.NONE),1,7)
  content.add(segmentsField=newValueField(8.0,ValueField.POSITIVE+ValueField.INTEGER),1,8)
  radiusField.addEventLink(ValueChangedEvent.class,this,"makeObject")
  segmentsField.addEventLink(ValueChangedEvent.class,this,"makeObject")
  content.add(preview=newObjectPreviewCanvas(null),2,0,1,9)
  preview.setPreferredSize(newDimension(150,150))
  buttons.add(okButton=Translate.button("ok",this,"doOk"))
  buttons.add(cancelButton=Translate.button("cancel",this,"dispose"))
  content.add(buttons,0,9,3,1,newLayoutInfo())
  selectDefaults()
  makeObject()
  pack()
  UIUtilities.centerDialog(this,window)
  setVisible(true)
/Users/lukeinkster/Documents/QualitasCorpus-20130901r/Systems/AoIsrc281/ArtOfIllusion/src/artofillusion/object/SplineMesh.java
  setSkeleton(newSkeleton())
  setShape(vert,usmoothness,vsmoothness)
  findBounds()
  System.arraycopy(mesh.usmoothness,0,usmoothness,0,usmoothness.length)
  System.arraycopy(mesh.vsmoothness,0,vsmoothness,0,vsmoothness.length)
  this()
/Users/lukeinkster/Documents/QualitasCorpus-20130901r/Systems/AoIsrc281/ArtOfIllusion/src/artofillusion/ObjectPreviewCanvas.java
  this(obj,newRowContainer())
  buildChoices(p)
  setTool(newRotateViewTool(null))
  setMetaTool(newMoveViewTool(null))
  setRenderMode(RENDER_SMOOTH)
/Users/lukeinkster/Documents/QualitasCorpus-20130901r/Systems/AoIsrc281/OSSpecific/src/artofillusion/osspecific/MacOSPlugin.java
  ((JFrame)getComponent()).setUndecorated(true)
  setBackground(newColor(0,0,0,0))
  setMenuBar(menubar)
  menubar.add(file)
  file.add(Translate.menuItem("new",this,"actionPerformed"))
  file.add(Translate.menuItem("open",this,"actionPerformed"))
  RecentFiles.createMenu(recentMenu)
  file.add(recentMenu)
  Preferences.userNodeForPackage(RecentFiles.class).addPreferenceChangeListener(newPreferenceChangeListener(){publicvoidpreferenceChange(PreferenceChangeEventev){RecentFiles.createMenu(recentMenu);}})
  pack()
  setBounds(newRectangle(-1000,-1000,0,0))
  setVisible(true)
/Users/lukeinkster/Documents/QualitasCorpus-20130901r/Systems/AoIsrc281/SPManager/src/artofillusion/spmanager/HttpSPMFileSystem.java
  cc.add(label=SPMTranslate.bLabel("status"),layout)
  label.setText(SPMTranslate.text("scanningPlugins"))
  cc.add(progressBar=newBProgressBar(),layout)
  progressBar.setIndeterminate(true)
  setContent(cc)
  pack()
  centerAndSizeWindow()
  setVisible(true)
  layoutChildren()
  addEventLink(WindowClosingEvent.class,this,"doClose")
/Users/lukeinkster/Documents/QualitasCorpus-20130901r/Systems/AoIsrc281/ArtOfIllusion/src/artofillusion/texture/TextureSpec.java
  roughness=cloudiness=0.0
/Users/lukeinkster/Documents/QualitasCorpus-20130901r/Systems/AoIsrc281/ArtOfIllusion/src/artofillusion/animation/Score.java
  theList.setPreferredSize(newDimension(130,0))
  theList.addEventLink(TreeList.ElementMovedEvent.class,this,"elementsMoved")
  theList.addEventLink(TreeList.ElementExpandedEvent.class,this,"elementOpenedOrClosed")
  theList.addEventLink(TreeList.ElementDoubleClickedEvent.class,this,"elementDoubleClicked")
  theList.addEventLink(SelectionChangedEvent.class,this,"treeSelectionChanged")
  theList.setPopupMenuManager(this)
  timeScale=fps*5.0
  theAxis.addMarker(timeMarker)
  scroll.addEventLink(ValueChangedEvent.class,this,"scrollbarChanged")
  viewTools.addTool(newGenericTool(this,"trackMode",Translate.text("trackModeTool.tipText")))
  viewTools.addTool(newGenericTool(this,"singleMode",Translate.text("singleGraphModeTool.tipText")))
  viewTools.addTool(newGenericTool(this,"multiMode",Translate.text("multiGraphModeTool.tipText")))
  modeTools.addTool(newGenericTool(this,"moveKey",Translate.text("moveKeyframeTool.tipText")))
  modeTools.addTool(newGenericTool(this,"panTrack",Translate.text("moveScoreTool.tipText")))
  treeContainer.add(newSpacer(theList,theAxis),BorderContainer.NORTH)
  treeContainer.add(theList,BorderContainer.CENTER)
  div.setResizeWeight(0.0)
  div.resetToPreferredSizes()
  ((JSplitPane)div.getComponent()).setBorder(null)
  layoutGraphs()
  add(div,BorderContainer.CENTER)
  rightSide.add(scroll,0,0,1,3,newLayoutInfo(LayoutInfo.CENTER,LayoutInfo.VERTICAL,null,null))
  rightSide.add(viewTools,1,0)
  rightSide.add(modeTools,1,1,newLayoutInfo(LayoutInfo.CENTER,LayoutInfo.NONE,newInsets(0,5,0,0),null))
  add(rightSide,BorderContainer.EAST)
  add(helpText=newBLabel(MODE_HELP_TEXT[mode]),BorderContainer.SOUTH)
  rebuildList()
  createPopupMenu()
  setFocusable(true)
/Users/lukeinkster/Documents/QualitasCorpus-20130901r/Systems/AoIsrc281/ArtOfIllusion/src/artofillusion/object/CSGModeller.java
  splitFaces(vert1,face1,bounds1,vert2,face2,bounds2)
  splitFaces(vert2,face2,bounds2,vert1,face1,bounds1)
  splitFaces(vert1,face1,bounds1,vert2,face2,bounds2)
  findInsideVertices(vert1,face1,vert2,face2)
  findInsideVertices(vert2,face2,vert1,face1)
/Users/lukeinkster/Documents/QualitasCorpus-20130901r/Systems/AoIsrc281/ArtOfIllusion/src/artofillusion/ObjectMaterialDialog.java
  setContent(content)
  content.add(newBLabel(title),0,0,3,1)
  matList.setMultipleSelectionEnabled(false)
  buildList()
  matList.addEventLink(SelectionChangedEvent.class,this,"selectionChanged")
  matList.addEventLink(MouseClickedEvent.class,this,"mouseClicked")
  content.add(UIUtilities.createScrollingList(matList),0,1,2,1,newLayoutInfo(LayoutInfo.CENTER,LayoutInfo.BOTH,null,null))
  content.add(Translate.button("newMaterial",this,"doNewMaterial"),0,2,buttonLayout)
  content.add(Translate.button("materials",this,"doEditMaterials"),1,2,buttonLayout)
  content.add(preview=newMaterialPreviewer(firstObj.getTexture(),oldMaterial,160,160),2,1,1,2)
  preview.setTexture(firstObj.getTexture(),firstObj.getTextureMapping())
  preview.setMaterial(oldMaterial,oldMapping)
  preview.render()
  content.add(buttons,0,3,3,1)
  buttons.add(mapButton=Translate.button("editMapping",this,"doEditMapping"))
  mapButton.setEnabled(!(oldMaterialinstanceofUniformMaterial)&&oldMaterial!=null)
  buttons.add(Translate.button("ok",this,"doOk"))
  buttons.add(Translate.button("cancel",this,"doCancel"))
  pack()
  setResizable(false)
  addEventLink(WindowClosingEvent.class,this,"dispose")
  UIUtilities.centerDialog(this,parent.getFrame())
  scene.addMaterialListener(this)
  setVisible(true)
/Users/lukeinkster/Documents/QualitasCorpus-20130901r/Systems/AoIsrc281/Tools/src/artofillusion/tools/ExtrudeDialog.java
  setContent(BOutline.createEmptyBorder(content,UIUtilities.getStandardDialogInsets()))
  content.setDefaultLayout(newLayoutInfo(LayoutInfo.WEST,LayoutInfo.NONE,newInsets(0,0,0,5),null))
  content.add(newBLabel("Object to Extrude:"),0,0,2,1)
  content.add(objChoice=newBComboBox(),0,1,2,1)
  objChoice.addEventLink(ValueChangedEvent.class,this,"stateChanged")
  content.add(newBLabel("Extrude Direction:"),0,2,2,1)
  content.add(xBox=newBRadioButton("X",true,pathGroup),0,3)
  content.add(yBox=newBRadioButton("Y",true,pathGroup),0,4)
  content.add(zBox=newBRadioButton("Z",true,pathGroup),0,5)
  content.add(pathBox=newBRadioButton("Curve",true,pathGroup),0,6)
  content.add(vectorBox=newBRadioButton("Vector",true,pathGroup),0,7)
  pathBox.setEnabled(paths.size()>0)
  pathGroup.addEventLink(SelectionChangedEvent.class,this,"stateChanged")
  pathGroup.setSelection(zBox)
  content.add(distanceRow,1,4)
  distanceRow.add(newBLabel("Distance:"))
  distanceRow.add(distField=newValueField(1.0,ValueField.POSITIVE,5))
  distField.addEventLink(ValueChangedEvent.class,this,"makeObject")
  content.add(pathChoice=newBComboBox(),1,6)
  pathChoice.addEventLink(ValueChangedEvent.class,this,"stateChanged")
  content.add(vectorRow,1,7)
  vectorRow.add(newBLabel("X"))
  vectorRow.add(xField=newValueField(0.0,ValueField.NONE,4))
  xField.addEventLink(ValueChangedEvent.class,this,"makeObject")
  vectorRow.add(newBLabel("Y"))
  vectorRow.add(yField=newValueField(0.0,ValueField.NONE,4))
  yField.addEventLink(ValueChangedEvent.class,this,"makeObject")
  vectorRow.add(newBLabel("Z"))
  vectorRow.add(zField=newValueField(1.0,ValueField.NONE,4))
  zField.addEventLink(ValueChangedEvent.class,this,"makeObject")
  content.add(orientBox=newBCheckBox("Orientation Follows Curve",true),0,8,2,1)
  orientBox.addEventLink(ValueChangedEvent.class,this,"stateChanged")
  content.add(newBLabel("Number of Segments:"),2,0)
  content.add(newBLabel("Twist (degrees):"),2,1)
  content.add(newBLabel("Surface Accuracy:"),2,2)
  content.add(segField=newValueField(1.0,ValueField.POSITIVE+ValueField.INTEGER,5),3,0)
  content.add(angleField=newValueField(0.0,ValueField.NONE,5),3,1)
  content.add(tolField=newValueField(0.1,ValueField.POSITIVE,5),3,2)
  segField.addEventLink(ValueChangedEvent.class,this,"makeObject")
  angleField.addEventLink(ValueChangedEvent.class,this,"makeObject")
  tolField.addEventLink(ValueChangedEvent.class,this,"makeObject")
  content.add(preview=newObjectPreviewCanvas((ObjectInfo)objects.elementAt(0)),2,3,2,6,newLayoutInfo(LayoutInfo.CENTER,LayoutInfo.BOTH,null,null))
  content.add(buttons,0,9,4,1,newLayoutInfo())
  buttons.add(okButton=Translate.button("ok",this,"doOk"))
  buttons.add(cancelButton=Translate.button("cancel",this,"dispose"))
  makeObject()
  pack()
  UIUtilities.centerDialog(this,window)
  updateComponents()
  setVisible(true)
/Users/lukeinkster/Documents/QualitasCorpus-20130901r/Systems/AoIsrc281/ArtOfIllusion/src/artofillusion/object/ExternalObject.java
  reloadObject()
/Users/lukeinkster/Documents/QualitasCorpus-20130901r/Systems/AoIsrc281/ArtOfIllusion/src/artofillusion/view/FlatVertexShader.java
  object.getTexture().getAverageSpec(spec,time,object.getAverageParameterValues())
  meshColor.clip()
/Users/lukeinkster/Documents/QualitasCorpus-20130901r/Systems/AoIsrc281/ArtOfIllusion/src/artofillusion/ui/ValueSlider.java
  setText()
  field.addEventLink(ValueChangedEvent.class,this,"textChanged")
  slider.addEventLink(ValueChangedEvent.class,this,"sliderChanged")
  slider.setEnabled(!Double.isNaN(value))
  ((JPanel)component).add(field.getComponent())
  ((JPanel)component).add(slider.getComponent())
  setAsParent(field)
  setAsParent(slider)
/Users/lukeinkster/Documents/QualitasCorpus-20130901r/Systems/AoIsrc281/Renderers/src/artofillusion/raytracer/PixelInfo.java
  depth=Float.MAX_VALUE
/Users/lukeinkster/Documents/QualitasCorpus-20130901r/Systems/AoIsrc281/ArtOfIllusion/src/artofillusion/object/ObjectInfo.java
  setObject(obj)
  setCoords(c)
  this.setName(name)
  setVisible(true)
  setId(-1)
/Users/lukeinkster/Documents/QualitasCorpus-20130901r/Systems/AoIsrc281/ArtOfIllusion/src/artofillusion/animation/WeightTrack.java
  smoothingMethod=Timecourse.LINEAR
/Users/lukeinkster/Documents/QualitasCorpus-20130901r/Systems/AoIsrc281/ArtOfIllusion/src/artofillusion/script/ScriptedObjectController.java
  object.setUsesTime(false)
  object.setUsesCoords(false)
  newThread(){publicvoidrun(){try{ObjectScriptscript=object.getObjectScript();script.execute(ScriptedObjectController.this);enumeration.executionComplete();}catch(Exceptionex){enumeration.executionComplete();ScriptRunner.displayError(ex,1);}}}.start()
/Users/lukeinkster/Documents/QualitasCorpus-20130901r/Systems/AoIsrc281/ArtOfIllusion/src/artofillusion/texture/MoveUVViewTool.java
  initButton("moveView")
/Users/lukeinkster/Documents/QualitasCorpus-20130901r/Systems/AoIsrc281/ArtOfIllusion/src/artofillusion/script/ScriptEditor.java
  setFont(newFont("Monospaced",Font.PLAIN,11))
  setTabSize(2)
  addEventLink(KeyTypedEvent.class,this,"keyTyped")
/Users/lukeinkster/Documents/QualitasCorpus-20130901r/Systems/AoIsrc281/ArtOfIllusion/src/artofillusion/view/GLCanvasDrawer.java
  canvas.addGLEventListener(newCanvasListener())
  pg.grabPixels()
  width=glImage.width
  height=glImage.height
  gl.glGenTextures(1,textureId,0)
  gl.glBindTexture(imageRenderMode,textureId[0])
  gl.glPixelStorei(GL.GL_UNPACK_ALIGNMENT,1)
  gl.glTexParameteri(imageRenderMode,GL.GL_TEXTURE_WRAP_S,GL.GL_CLAMP)
  gl.glTexParameteri(imageRenderMode,GL.GL_TEXTURE_WRAP_T,GL.GL_CLAMP)
  gl.glTexParameteri(imageRenderMode,GL.GL_TEXTURE_MAG_FILTER,GL.GL_NEAREST)
  gl.glTexParameteri(imageRenderMode,GL.GL_TEXTURE_MIN_FILTER,GL.GL_NEAREST)
  gl.glTexEnvf(GL.GL_TEXTURE_ENV,GL.GL_TEXTURE_ENV_MODE,GL.GL_DECAL)
  gl.glTexImage2D(imageRenderMode,0,GL.GL_RGBA,width,height,0,GL.GL_RGBA,GL.GL_UNSIGNED_BYTE,glImage.data)
  textureReferences.add(newTextureReference(this))
/Users/lukeinkster/Documents/QualitasCorpus-20130901r/Systems/AoIsrc281/ArtOfIllusion/src/artofillusion/texture/ImageMapTexture.java
  tileX=tileY=true
  setContent(BOutline.createEmptyBorder(content,UIUtilities.getStandardDialogInsets()))
  buttons.add(Translate.button("ok",this,"doOk"))
  buttons.add(Translate.button("cancel",this,"dispose"))
  content.add(buttons,BorderContainer.SOUTH,newLayoutInfo())
  left.add(preview=newMaterialPreviewer(newTexture,null,200,160),0,0,2,1)
  left.add(Translate.label("Name"),0,1)
  left.add(Translate.label("DiffuseColor"),0,2,leftGapLayout)
  left.add(Translate.label("SpecularColor"),0,3,leftGapLayout)
  left.add(Translate.label("TransparentColor"),0,4,leftGapLayout)
  left.add(Translate.label("EmissiveColor"),0,5,leftGapLayout)
  left.add(nameField=newBTextField(ImageMapTexture.this.name,15),1,1,newLayoutInfo(LayoutInfo.CENTER,LayoutInfo.HORIZONTAL,null,null))
  left.add(diffColorPanel=newTexture.diffuseColor.getEditingPanel(parent,sc),1,2,justLeftLayout)
  left.add(specColorPanel=newTexture.specularColor.getEditingPanel(parent,sc),1,3,justLeftLayout)
  left.add(transColorPanel=newTexture.transparentColor.getEditingPanel(parent,sc),1,4,justLeftLayout)
  left.add(emissColorPanel=newTexture.emissiveColor.getEditingPanel(parent,sc),1,5,justLeftLayout)
  content.add(left,BorderContainer.WEST)
  right.add(boxes,0,0,2,1)
  boxes.setDefaultLayout(newLayoutInfo(LayoutInfo.WEST,LayoutInfo.NONE,null,null))
  boxes.add(tileXBox=newBCheckBox("Tile Horizontally",tileX),0,0)
  boxes.add(mirrorXBox=newBCheckBox("Mirror Horizontally",mirrorX),0,1)
  boxes.add(tileYBox=newBCheckBox("Tile Vertically",tileY),1,0)
  boxes.add(mirrorYBox=newBCheckBox("Mirror Vertically",mirrorY),1,1)
  right.add(Translate.label("Transparency"),0,1,leftGapLayout)
  right.add(Translate.label("Specularity"),0,2,leftGapLayout)
  right.add(Translate.label("Shininess"),0,3,leftGapLayout)
  right.add(Translate.label("Roughness"),0,4,leftGapLayout)
  right.add(Translate.label("Cloudiness"),0,5,leftGapLayout)
  right.add(Translate.label("BumpHeight"),0,6,leftGapLayout)
  right.add(Translate.label("Displacement"),0,7,leftGapLayout)
  right.add(transPanel=newTexture.transparency.getEditingPanel(parent,sc),1,1)
  right.add(specPanel=newTexture.specularity.getEditingPanel(parent,sc),1,2)
  right.add(shinPanel=newTexture.shininess.getEditingPanel(parent,sc),1,3)
  right.add(roughPanel=newTexture.roughness.getEditingPanel(parent,sc),1,4)
  right.add(cloudPanel=newTexture.cloudiness.getEditingPanel(parent,sc),1,5)
  right.add(bumpPanel=newTexture.bump.getEditingPanel(parent,sc),1,6)
  right.add(displacePanel=newTexture.displacement.getEditingPanel(parent,sc),1,7)
  content.add(right,BorderContainer.EAST)
  diffColorPanel.addEventLink(ValueChangedEvent.class,this,"valueChanged")
  specColorPanel.addEventLink(ValueChangedEvent.class,this,"valueChanged")
  transColorPanel.addEventLink(ValueChangedEvent.class,this,"valueChanged")
  emissColorPanel.addEventLink(ValueChangedEvent.class,this,"valueChanged")
  transPanel.addEventLink(ValueChangedEvent.class,this,"valueChanged")
  specPanel.addEventLink(ValueChangedEvent.class,this,"valueChanged")
  shinPanel.addEventLink(ValueChangedEvent.class,this,"valueChanged")
  roughPanel.addEventLink(ValueChangedEvent.class,this,"valueChanged")
  cloudPanel.addEventLink(ValueChangedEvent.class,this,"valueChanged")
  bumpPanel.addEventLink(ValueChangedEvent.class,this,"valueChanged")
  displacePanel.addEventLink(ValueChangedEvent.class,this,"valueChanged")
  tileXBox.addEventLink(ValueChangedEvent.class,this,"valueChanged")
  tileYBox.addEventLink(ValueChangedEvent.class,this,"valueChanged")
  mirrorXBox.addEventLink(ValueChangedEvent.class,this,"valueChanged")
  mirrorYBox.addEventLink(ValueChangedEvent.class,this,"valueChanged")
  pack()
  setResizable(false)
  UIUtilities.centerDialog(this,fr)
  setVisible(true)
/Users/lukeinkster/Documents/QualitasCorpus-20130901r/Systems/AoIsrc281/ArtOfIllusion/src/artofillusion/texture/ProjectionMapping.java
  xscale=yscale=1.0
  dx=dy=-0.5
  findCoefficients()
  findCoefficients()
  setDefaultLayout(newLayoutInfo(LayoutInfo.CENTER,LayoutInfo.NONE,newInsets(0,0,0,5),null))
  add(newBLabel(Translate.text("Scale")+":"),0,0,6,1)
  add(newBLabel("X"),0,1)
  add(xscaleField=newValueField(xscale,ValueField.NONZERO,5),1,1)
  add(newBLabel("Y"),2,1)
  add(yscaleField=newValueField(yscale,ValueField.NONZERO,5),3,1)
  add(newBLabel(Translate.text("Center")+":"),0,2,6,1)
  add(newBLabel("X"),0,3)
  add(xtransField=newValueField(dx,ValueField.NONE,5),1,3)
  add(newBLabel("Y"),2,3)
  add(ytransField=newValueField(dy,ValueField.NONE,5),3,3)
  add(newBLabel(Translate.text("Rotation")+":"),0,4,6,1)
  add(newBLabel("X"),0,5)
  add(xrotField=newValueField(angles[0],ValueField.NONE,5),1,5)
  add(newBLabel("Y"),2,5)
  add(yrotField=newValueField(angles[1],ValueField.NONE,5),3,5)
  add(newBLabel("Z"),4,5)
  add(zrotField=newValueField(angles[2],ValueField.NONE,5),5,5)
  applyRow.add(newBLabel(Translate.text("applyTo")+":"))
  applyRow.add(applyToChoice=newBComboBox(newString[]{Translate.text("frontAndBackFaces"),Translate.text("frontFacesOnly"),Translate.text("backFacesOnly")}))
  add(applyRow,0,6,6,1)
  applyToChoice.setSelectedIndex(appliesTo())
  add(coordsFromParamsBox=newBCheckBox(Translate.text("bindTexToSurface"),coordsFromParams),0,7,6,1)
  add(scaleToObjectBox=newBCheckBox(Translate.text("scaleTexToObject"),scaleToObject),0,8,6,1)
  coordsFromParamsBox.setEnabled(theObjectinstanceofMesh||theObjectinstanceofActor)
  xscaleField.addEventLink(ValueChangedEvent.class,this)
  yscaleField.addEventLink(ValueChangedEvent.class,this)
  xtransField.addEventLink(ValueChangedEvent.class,this)
  ytransField.addEventLink(ValueChangedEvent.class,this)
  xrotField.addEventLink(ValueChangedEvent.class,this)
  yrotField.addEventLink(ValueChangedEvent.class,this)
  zrotField.addEventLink(ValueChangedEvent.class,this)
  coordsFromParamsBox.addEventLink(ValueChangedEvent.class,this)
  scaleToObjectBox.addEventLink(ValueChangedEvent.class,this)
  applyToChoice.addEventLink(ValueChangedEvent.class,this)
/Users/lukeinkster/Documents/QualitasCorpus-20130901r/Systems/AoIsrc281/ArtOfIllusion/src/artofillusion/math/Vec2.java
  x=v.x
  y=v.y
/Users/lukeinkster/Documents/QualitasCorpus-20130901r/Systems/AoIsrc281/Tools/src/artofillusion/tools/TubeDialog.java
  setContent(BOutline.createEmptyBorder(content,UIUtilities.getStandardDialogInsets()))
  content.setDefaultLayout(newLayoutInfo(LayoutInfo.WEST,LayoutInfo.NONE,null,null))
  content.add(newBLabel("Tube Width"),0,0)
  content.add(newBLabel("Cap Ends"),0,1)
  content.add(thicknessField=newValueField(0.1,ValueField.POSITIVE,5),1,0)
  thicknessField.addEventLink(ValueChangedEvent.class,this,"makeObject")
  content.add(endsChoice=newBComboBox(newString[]{"Open Ends","Flat Ends"}),1,1)
  endsChoice.setEnabled(!theCurve.isClosed())
  endsChoice.addEventLink(ValueChangedEvent.class,this,"makeObject")
  content.add(preview=newObjectPreviewCanvas(null),0,2,2,1,newLayoutInfo(LayoutInfo.CENTER,LayoutInfo.BOTH,null,null))
  preview.setPreferredSize(newDimension(150,150))
  content.add(buttons,0,3,2,1,newLayoutInfo())
  buttons.add(okButton=Translate.button("ok",this,"doOk"))
  buttons.add(cancelButton=Translate.button("cancel",this,"dispose"))
  makeObject()
  pack()
  UIUtilities.centerDialog(this,window)
  setVisible(true)
/Users/lukeinkster/Documents/QualitasCorpus-20130901r/Systems/AoIsrc281/ArtOfIllusion/src/artofillusion/Camera.java
  objectToWorld=objectToView=worldToView=viewToWorld=Mat4.identity()
  setScreenParams(0.0,100.0,100,100)
/Users/lukeinkster/Documents/QualitasCorpus-20130901r/Systems/AoIsrc281/Renderers/src/artofillusion/raytracer/EnvironmentPhotonSource.java
  color.scale(1.0f/lightIntensity)
/Users/lukeinkster/Documents/QualitasCorpus-20130901r/Systems/AoIsrc281/Renderers/src/artofillusion/raytracer/CylinderPhotonSource.java
  rx=obj.rx
  rz=obj.rz
  height=obj.height
  fromLocal=obj.fromLocal
  param=obj.param
  texMap.getTexture().getAverageSpec(spec,map.getRaytracer().time,obj.param)
  color.copy(spec.emissive)
/Users/lukeinkster/Documents/QualitasCorpus-20130901r/Systems/AoIsrc281/ArtOfIllusion/src/artofillusion/ui/InfiniteDragListener.java
  source.addEventLink(MousePressedEvent.class,this,"mousePressed")
  source.addEventLink(MouseReleasedEvent.class,this,"mouseReleased")
  source.addEventLink(MouseDraggedEvent.class,this,"mouseDragged")
/Users/lukeinkster/Documents/QualitasCorpus-20130901r/Systems/AoIsrc281/ArtOfIllusion/src/artofillusion/texture/UVMappingWindow.java
  findTextureVertices()
  content.setDefaultLayout(newLayoutInfo(LayoutInfo.CENTER,LayoutInfo.BOTH,null,null))
  setContent(content)
  mapViewPanel.add(mapView=newUVMappingViewer((Texture2D)tex,this,minu,maxu,minv,maxv,0,1<<(2-resolution),0.0,paramVal),BorderContainer.CENTER)
  mapView.setPreferredSize(newDimension(200,200))
  mapViewPanel.add(tools,BorderContainer.NORTH)
  tools.setBackground(getBackground())
  tools.addTool(defaultTool=newReshapeMeshTool(this,mapView.getController()))
  tools.addTool(newScaleMeshTool(this,mapView.getController()))
  tools.addTool(newRotateMeshTool(this,mapView.getController(),true))
  tools.addTool(newSkewMeshTool(this,mapView.getController()))
  tools.addTool(newTaperMeshTool(this,mapView.getController()))
  tools.addTool(metaTool=newMoveUVViewTool(this))
  mapView.setTool(defaultTool)
  mapView.setMetaTool(metaTool)
  meshView.setMeshVisible(true)
  meshView.setPreferredSize(newDimension(150,150))
  meshView.setTool(newGenericTool(this,"movePoints",Translate.text("reshapeMeshTool.tipText")))
  meshView.setMetaTool(newMoveViewTool(this))
  meshView.setAltTool(newRotateViewTool(this))
  meshViewPanel.setResizeWeight(0.7)
  meshViewPanel.setContinuousLayout(true)
  div.setResizeWeight(0.5)
  div.setContinuousLayout(true)
  content.add(div,0,0,2,1)
  content.add(row=newRowContainer(),0,1)
  row.add(Translate.label("displayedComponent"))
  row.add(componentChoice=newBComboBox(newString[]{Translate.text("Diffuse"),Translate.text("Specular"),Translate.text("Transparent"),Translate.text("Hilight"),Translate.text("Emissive")}))
  componentChoice.addEventLink(ValueChangedEvent.class,this,"rebuildImage")
  content.add(Translate.label("selectedVertexCoords"),0,2)
  content.add(row=newRowContainer(),0,3)
  row.add(newBLabel("U:"))
  row.add(uField=newValueField(Double.NaN,ValueField.NONE,5))
  row.add(newBLabel(" V:"))
  row.add(vField=newValueField(Double.NaN,ValueField.NONE,5))
  faceBox.addEventLink(ValueChangedEvent.class,this,"faceModeChanged")
  content.add(row=newRowContainer(),1,1)
  row.add(newBLabel(Translate.text("Resolution")+":"))
  row.add(resChoice=newBComboBox(newString[]{Translate.text("Low"),Translate.text("Medium"),Translate.text("High")}))
  resChoice.setSelectedIndex(resolution)
  resChoice.addEventLink(ValueChangedEvent.class,this,"rebuildImage")
  content.add(Translate.label("displayedCoordRange"),1,2)
  content.add(row=newRowContainer(),1,3)
  row.add(newBLabel("U:"))
  row.add(minuField=newValueField(minu,ValueField.NONE,5))
  row.add(Translate.label("to"),newLayoutInfo(LayoutInfo.CENTER,LayoutInfo.NONE,newInsets(0,5,0,5),null))
  row.add(maxuField=newValueField(maxu,ValueField.NONE,5))
  content.add(row=newRowContainer(),1,4)
  row.add(newBLabel("V:"))
  row.add(minvField=newValueField(minv,ValueField.NONE,5))
  row.add(Translate.label("to"),newLayoutInfo(LayoutInfo.CENTER,LayoutInfo.NONE,newInsets(0,5,0,5),null))
  row.add(maxvField=newValueField(maxv,ValueField.NONE,5))
  minuField.addEventLink(ValueChangedEvent.class,this,"rebuildImage")
  minvField.addEventLink(ValueChangedEvent.class,this,"rebuildImage")
  maxuField.addEventLink(ValueChangedEvent.class,this,"rebuildImage")
  maxvField.addEventLink(ValueChangedEvent.class,this,"rebuildImage")
  uField.addEventLink(ValueChangedEvent.class,this,"coordsChanged")
  vField.addEventLink(ValueChangedEvent.class,this,"coordsChanged")
  content.add(row=newRowContainer(),0,5,2,1,newLayoutInfo())
  row.add(Translate.button("ok",this,"doOk"))
  row.add(Translate.button("cancel",this,"dispose"))
  pack()
  UIUtilities.centerDialog(this,parent)
  setVisible(true)
/Users/lukeinkster/Documents/QualitasCorpus-20130901r/Systems/AoIsrc281/ArtOfIllusion/src/artofillusion/TubeEditorWindow.java
  setContent(content)
  content.setDefaultLayout(newLayoutInfo(LayoutInfo.CENTER,LayoutInfo.BOTH,null,null))
  content.add(helpText=newBLabel(),0,1,2,1)
  content.add(viewsContainer,1,0)
  buttons.add(Translate.button("ok",this,"doOk"))
  buttons.add(Translate.button("cancel",this,"doCancel"))
  content.add(buttons,0,2,2,1,newLayoutInfo())
  content.add(tools=newToolPalette(1,7),0,0,newLayoutInfo(LayoutInfo.NORTH,LayoutInfo.NONE,null,null))
  tools.addTool(defaultTool=newReshapeMeshTool(this,this))
  tools.addTool(newScaleMeshTool(this,this))
  tools.addTool(newRotateMeshTool(this,this,false))
  tools.addTool(newSkewMeshTool(this,this))
  tools.addTool(newTaperMeshTool(this,this))
  tools.addTool(compoundTool=newMoveScaleRotateMeshTool(this,this))
  tools.addTool(metaTool=newMoveViewTool(this))
  tools.addTool(altTool=newRotateViewTool(this))
  tools.setDefaultTool(defaultTool)
  tools.selectTool(defaultTool)
  createEditMenu()
  createMeshMenu((Tube)obj.getObject())
  createViewMenu()
  recursivelyAddListeners(this)
  UIUtilities.applyDefaultFont(content)
  UIUtilities.applyDefaultBackground(content)
  setBounds(newRectangle((screenBounds.width-windowDim.width)/2,(screenBounds.height-windowDim.height)/2,windowDim.width,windowDim.height))
  tools.requestFocus()
  findSelectionDistance()
  updateMenus()
/Users/lukeinkster/Documents/QualitasCorpus-20130901r/Systems/AoIsrc281/ArtOfIllusion/src/artofillusion/animation/Joint.java
  this.min=minComfort=min
  this.max=maxComfort=max
/Users/lukeinkster/Documents/QualitasCorpus-20130901r/Systems/AoIsrc281/ArtOfIllusion/src/artofillusion/animation/EditKeyframesDialog.java
  content.add(row=newRowContainer())
  row.add(Translate.label("applyTo"))
  row.add(tracksChoice=newBComboBox(newString[]{Translate.text("allTracks"),Translate.text("allTracksSelectedObjects"),Translate.text("selectedTracks")}))
  content.add(row=newRowContainer())
  row.add(newBLabel(opTitle[operation]+" "+Translate.text("keyframesBetweenTime")))
  row.add(startField=newValueField(0.0,ValueField.NONE,5))
  content.add(row=newRowContainer())
  row.add(Translate.label("andTime"))
  row.add(endField=newValueField(0.0,ValueField.NONE,5))
  content.add(row=newRowContainer())
/Users/lukeinkster/Documents/QualitasCorpus-20130901r/Systems/AoIsrc281/ArtOfIllusion/src/artofillusion/TransformPointsDialog.java
  layoutDialog()
  pack()
  setResizable(false)
  UIUtilities.centerDialog(this,parent)
  fields[0].requestFocus()
  setVisible(true)
/Users/lukeinkster/Documents/QualitasCorpus-20130901r/Systems/AoIsrc281/ArtOfIllusion/src/artofillusion/animation/ObjectRef.java
  objectID=jointID=-1
  jointID=j.id
/Users/lukeinkster/Documents/QualitasCorpus-20130901r/Systems/AoIsrc281/ArtOfIllusion/src/artofillusion/CSGDialog.java
  setContent(content)
  content.add(opRow,BorderContainer.NORTH)
  opRow.add(newBLabel(Translate.text("Operation")+":"))
  opRow.add(opChoice=newBComboBox())
  opChoice.add(Translate.text("Intersection"))
  operation[i++]=CSGObject.INTERSECTION
  opChoice.addEventLink(ValueChangedEvent.class,this,"makePreview")
  content.add(preview=newObjectPreviewCanvas(null),BorderContainer.CENTER)
  preview.setPreferredSize(newDimension(200,200))
  buttons.add(Translate.button("ok",this,"doOk"))
  buttons.add(Translate.button("cancel",this,"dispose"))
  content.add(buttons,BorderContainer.SOUTH,newLayoutInfo())
  addEventLink(WindowClosingEvent.class,this,"doOk")
  makePreview()
  pack()
  UIUtilities.centerDialog(this,window.getFrame())
  setVisible(true)
/Users/lukeinkster/Documents/QualitasCorpus-20130901r/Systems/AoIsrc281/ArtOfIllusion/src/artofillusion/ViewerCanvas.java
  this(ArtOfIllusion.getPreferences().getUseOpenGL()&&openGLAvailable)
  theCamera.setCameraCoordinates(coords)
  setBackground(backgroundColor)
  setFocusable(true)
  addEventLink(MousePressedEvent.class,this,"processMousePressed")
  addEventLink(MouseReleasedEvent.class,this,"processMouseReleased")
  addEventLink(MouseDraggedEvent.class,this,"processMouseDragged")
  addEventLink(MouseMovedEvent.class,this,"processMouseDragged")
  addEventLink(MouseScrolledEvent.class,this,"processMouseScrolled")
  addEventLink(MouseClickedEvent.class,this,"showPopupIfNeeded")
/Users/lukeinkster/Documents/QualitasCorpus-20130901r/Systems/AoIsrc281/ArtOfIllusion/src/artofillusion/TaperMeshTool.java
  initButton("taperPoints")
  manipulator.addEventLink(HandlePressedEvent.class,this,"handlePressed")
  manipulator.addEventLink(HandleDraggedEvent.class,this,"handleDragged")
  manipulator.addEventLink(HandleReleasedEvent.class,this,"handleReleased")
/Users/lukeinkster/Documents/QualitasCorpus-20130901r/Systems/AoIsrc281/ArtOfIllusion/src/artofillusion/keystroke/KeystrokeEditor.java
  setContent(content)
  keyField.setEditable(false)
  keyField.addEventLink(KeyPressedEvent.class,this,"setKey")
  content.add(Translate.label("Key"),0,0,rightLayout)
  content.add(Translate.label("Name"),0,1,rightLayout)
  content.add(keyField,1,0,fillLayout)
  content.add(nameField,1,1,fillLayout)
  content.add(Translate.label("Script"),0,2,2,1,newLayoutInfo(LayoutInfo.WEST,LayoutInfo.NONE,null,null))
  content.add(scriptArea.createContainer(),0,3,2,1,newLayoutInfo(LayoutInfo.CENTER,LayoutInfo.BOTH))
  content.add(buttons,0,4,2,1)
  buttons.add(okButton)
  buttons.add(Translate.button("cancel",this,"clickedCancel"))
  enableOkButton()
  pack()
/Users/lukeinkster/Documents/QualitasCorpus-20130901r/Systems/AoIsrc281/ArtOfIllusion/src/artofillusion/image/BMPEncoder.java
  recordData()
  lineSize=width*3
  linePad=4-lineSize%4
  imageDataSize=lineSize*height
/Users/lukeinkster/Documents/QualitasCorpus-20130901r/Systems/AoIsrc281/ArtOfIllusion/src/artofillusion/view/SoftwareCanvasDrawer.java
  view.addEventLink(RepaintEvent.class,this,"paint")
/Users/lukeinkster/Documents/QualitasCorpus-20130901r/Systems/AoIsrc281/ArtOfIllusion/src/artofillusion/procedural/TransformModule.java
  xscale=yscale=zscale=1.0
  updateTransforms()
/Users/lukeinkster/Documents/QualitasCorpus-20130901r/Systems/AoIsrc281/SPManager/src/artofillusion/spmanager/SPManagerFrame.java
  spmFrame=this
  ((HttpSPMFileSystem)updateSplitPane.getFileSystem()).setRepository(parameters.getCurrentRepository())
  rc.add(newBLabel(newImageIcon(getClass().getResource("/artofillusion/spmanager/icons/gear.png"))),headLayout)
  rc.add(SPMTranslate.bLabel("Version",newObject[]{version}),headLayout)
  cc.add(rc,cclayout)
  tabbedPane.add(manageSplitPane,SPMTranslate.text("manage"))
  tabbedPane.add(updateSplitPane,SPMTranslate.text("update"))
  tabbedPane.add(installSplitPane,SPMTranslate.text("install"))
  tabbedPane.addEventLink(SelectionChangedEvent.class,this,"doTabbedPaneSelection")
  cc.add(tabbedPane,tabbedPaneLayout)
  buttons.add(setupButton=SPMTranslate.bButton("setup",this,"doSetup"))
  buttons.add(scanButton=SPMTranslate.bButton("rescan",this,"doRescan"))
  buttons.add(quitButton=SPMTranslate.bButton("close",this,"hideSPManager"))
  cc.add(buttons,newLayoutInfo(LayoutInfo.CENTER,LayoutInfo.NONE,newInsets(3,0,0,0),null))
  cc.add(newBOutline(statusLabel,BorderFactory.createTitledBorder(BorderFactory.createBevelBorder(BevelBorder.LOWERED),SPMTranslate.text("remoteStatus"))),newLayoutInfo(LayoutInfo.CENTER,LayoutInfo.BOTH,newInsets(1,1,1,1),newDimension(0,0)))
  setContent(cc)
  pack()
  centerAndSizeWindow()
  setVisible(true)
  addEventLink(WindowClosingEvent.class,this,"hideSPManager")
  manageSplitPane.setDividerLocation(manageSplitPane.getChild(0).getPreferredSize().width)
  updateSplitPane.setDividerLocation(updateSplitPane.getChild(0).getPreferredSize().width)
  installSplitPane.setDividerLocation(installSplitPane.getChild(0).getPreferredSize().width)
/Users/lukeinkster/Documents/QualitasCorpus-20130901r/Systems/AoIsrc281/ArtOfIllusion/src/artofillusion/CreateLightTool.java
  initButton("light")
/Users/lukeinkster/Documents/QualitasCorpus-20130901r/Systems/AoIsrc281/ArtOfIllusion/src/artofillusion/CreateSphereTool.java
  initButton("sphere")
/Users/lukeinkster/Documents/QualitasCorpus-20130901r/Systems/AoIsrc281/ArtOfIllusion/src/artofillusion/texture/UVMappingViewer.java
  setParameters(minu,maxu,minv,maxv,component,sampling)
  setShowTemplate(true)
  getComponent().addComponentListener(newComponentAdapter(){publicvoidcomponentResized(ComponentEvente){createImage();}})
/Users/lukeinkster/Documents/QualitasCorpus-20130901r/Systems/AoIsrc281/ArtOfIllusion/src/artofillusion/animation/AnimationPreviewer.java
  camChoice.setSelectedIndex(currentCamera)
  modeChoice.setSelectedIndex(mode)
  sceneCamera=cameras[currentCamera]
  format.setMaximumFractionDigits(3)
  display.setContent(BOutline.createEmptyBorder(content,UIUtilities.getStandardDialogInsets()))
  content.setDefaultLayout(newLayoutInfo(LayoutInfo.WEST,LayoutInfo.HORIZONTAL,newInsets(2,0,2,0),null))
  content.add(timeLabel=newBLabel())
  content.add(frameLabel=newBLabel())
  setLabels(0.0,0)
  content.add(canvas=newSceneViewer(theScene,newRowContainer(),parent,true))
  canvas.setPreferredSize(newDimension(AnimationPreviewer.width,AnimationPreviewer.height))
  canvas.setRenderMode(mode)
  canvas.setBoundCamera(sceneCamera)
  canvas.setPerspective(true)
  canvas.setTool(newMoveViewTool(parent){publicbooleanhilightSelection(){returnfalse;}})
  content.add(Translate.button("close",this,"doClose"),newLayoutInfo())
  display.pack()
  UIUtilities.centerDialog(display,window)
  display.setResizable(false)
  previewThread.setPriority(Thread.NORM_PRIORITY-1)
  previewThread.start()
  display.setVisible(true)
/Users/lukeinkster/Documents/QualitasCorpus-20130901r/Systems/AoIsrc281/ArtOfIllusion/src/artofillusion/animation/distortion/SkeletonShapeEditorWindow.java
  setContent(content)
  content.setDefaultLayout(newLayoutInfo(LayoutInfo.CENTER,LayoutInfo.BOTH,null,null))
  content.add(helpText=newBLabel(),0,1,2,1)
  content.add(viewsContainer,1,0)
  buttons.add(Translate.button("ok",this,"doOk"))
  buttons.add(Translate.button("cancel",this,"doCancel"))
  content.add(buttons,0,2,2,1,newLayoutInfo())
  content.add(tools=newToolPalette(1,3),0,0,newLayoutInfo(LayoutInfo.NORTH,LayoutInfo.NONE,null,null))
  tools.addTool(defaultTool=newSkeletonTool(this,false){protectedvoidadjustMesh(MeshnewMesh){adjustMeshForSkeleton();}})
  tools.addTool(metaTool=newMoveViewTool(this))
  tools.addTool(altTool=newRotateViewTool(this))
  tools.selectTool(defaultTool)
  createEditMenu()
  createSkeletonMenu()
  createViewMenu()
  recursivelyAddListeners(this)
  UIUtilities.applyDefaultFont(content)
  UIUtilities.applyDefaultBackground(content)
  setBounds(newRectangle((screenBounds.width-windowDim.width)/2,(screenBounds.height-windowDim.height)/2,windowDim.width,windowDim.height))
  tools.requestFocus()
  updateMenus()
  objInfo.getObject().getSkeleton().copy(keyframe.getSkeleton())
  adjustMeshForSkeleton()
/Users/lukeinkster/Documents/QualitasCorpus-20130901r/Systems/AoIsrc281/ArtOfIllusion/src/artofillusion/ui/ComponentsDialog.java
  this(parent,prompt,components,labels,null,null)
  setContent(content)
  content.setDefaultLayout(newLayoutInfo(LayoutInfo.CENTER,LayoutInfo.NONE,newInsets(10,10,10,10),null))
  content.add(newBLabel(prompt),BorderContainer.NORTH)
  content.add(center,BorderContainer.CENTER)
  content.add(buttons,BorderContainer.SOUTH)
  buttons.add(okButton=Translate.button("ok",this,"buttonPressed"))
  buttons.add(cancelButton=Translate.button("cancel",this,"buttonPressed"))
  okButton.addEventLink(KeyPressedEvent.class,this,"keyPressed")
  cancelButton.addEventLink(KeyPressedEvent.class,this,"keyPressed")
  addEventLink(WindowClosingEvent.class,newObject(){voidprocessEvent(){ok=false;closeWindow();}})
  setDefaultButton(okButton)
  pack()
  setResizable(false)
  UIUtilities.centerDialog(this,parent)
  setVisible(true)
/Users/lukeinkster/Documents/QualitasCorpus-20130901r/Systems/AoIsrc281/ArtOfIllusion/src/artofillusion/procedural/CommentModule.java
  this(position,"Double-click to set comment")
/Users/lukeinkster/Documents/QualitasCorpus-20130901r/Systems/AoIsrc281/ArtOfIllusion/src/artofillusion/procedural/RandomModule.java
  lastBase=Integer.MAX_VALUE
/Users/lukeinkster/Documents/QualitasCorpus-20130901r/Systems/AoIsrc281/ArtOfIllusion/src/artofillusion/ThickenMeshTool.java
  initButton("outsetPoints")
  manipulator.addEventLink(HandlePressedEvent.class,this,"handlePressed")
  manipulator.addEventLink(HandleDraggedEvent.class,this,"handleDragged")
  manipulator.addEventLink(HandleReleasedEvent.class,this,"handleReleased")
/Users/lukeinkster/Documents/QualitasCorpus-20130901r/Systems/AoIsrc281/ArtOfIllusion/src/artofillusion/material/LinearMaterialMapping.java
  xscale=yscale=zscale=1.0
  dx=dy=dz=0.0
  findCoefficients()
  findCoefficients()
  setDefaultLayout(newLayoutInfo(LayoutInfo.CENTER,LayoutInfo.NONE,newInsets(0,0,0,5),null))
  add(newBLabel(Translate.text("Scale")+":"),0,0,3,1)
  add(newBLabel("X"),0,1)
  add(xscaleField=newValueField(xscale,ValueField.NONZERO,5),1,1)
  add(newBLabel("Y"),2,1)
  add(yscaleField=newValueField(yscale,ValueField.NONZERO,5),3,1)
  add(newBLabel("Z"),4,1)
  add(zscaleField=newValueField(zscale,ValueField.NONZERO,5),5,1)
  add(newBLabel(Translate.text("Center")+":"),0,2,3,1)
  add(newBLabel("X"),0,3)
  add(xtransField=newValueField(dx,ValueField.NONE,5),1,3)
  add(newBLabel("Y"),2,3)
  add(ytransField=newValueField(dy,ValueField.NONE,5),3,3)
  add(newBLabel("Z"),4,3)
  add(ztransField=newValueField(dz,ValueField.NONE,5),5,3)
  add(newBLabel(Translate.text("Rotation")+":"),0,4,3,1)
  add(newBLabel("X"),0,5)
  add(xrotField=newValueField(angles[0],ValueField.NONE,5),1,5)
  add(newBLabel("Y"),2,5)
  add(yrotField=newValueField(angles[1],ValueField.NONE,5),3,5)
  add(newBLabel("Z"),4,5)
  add(zrotField=newValueField(angles[2],ValueField.NONE,5),5,5)
  add(scaleToObjectBox=newBCheckBox(Translate.text("scaleMatToObject"),scaleToObject),0,6,6,1)
  xscaleField.addEventLink(ValueChangedEvent.class,this)
  yscaleField.addEventLink(ValueChangedEvent.class,this)
  zscaleField.addEventLink(ValueChangedEvent.class,this)
  xtransField.addEventLink(ValueChangedEvent.class,this)
  ytransField.addEventLink(ValueChangedEvent.class,this)
  ztransField.addEventLink(ValueChangedEvent.class,this)
  xrotField.addEventLink(ValueChangedEvent.class,this)
  yrotField.addEventLink(ValueChangedEvent.class,this)
  zrotField.addEventLink(ValueChangedEvent.class,this)
  scaleToObjectBox.addEventLink(ValueChangedEvent.class,this)
/Users/lukeinkster/Documents/QualitasCorpus-20130901r/Systems/AoIsrc281/ArtOfIllusion/src/artofillusion/TitleWindow.java
  label.setFont(newFont("Serif",Font.PLAIN,12))
  UIUtilities.applyBackground(content,background)
  setContent(content)
  pack()
  setBounds(bounds)
  UIUtilities.centerWindow(this)
  setVisible(true)
  KeyboardFocusManager.getCurrentKeyboardFocusManager().addPropertyChangeListener("activeWindow",activeWindowListener)
/Users/lukeinkster/Documents/QualitasCorpus-20130901r/Systems/AoIsrc281/Renderers/src/artofillusion/raytracer/RTSphere.java
  r2=r*r
  r1x=point1.x
  r1y=point1.y
  r1z=point1.z
  r2x=point2.x
  r2y=point2.y
  r2z=point2.z
/Users/lukeinkster/Documents/QualitasCorpus-20130901r/Systems/AoIsrc281/ArtOfIllusion/src/artofillusion/RotateObjectTool.java
  initButton("rotate")
/Users/lukeinkster/Documents/QualitasCorpus-20130901r/Systems/AoIsrc281/SPManager/src/artofillusion/spmanager/InstallSplitPane.java
  initialize()
  initialize()
/Users/lukeinkster/Documents/QualitasCorpus-20130901r/Systems/AoIsrc281/ArtOfIllusion/src/artofillusion/ui/GenericTool.java
  initButton(imageName)
/Users/lukeinkster/Documents/QualitasCorpus-20130901r/Systems/AoIsrc281/ArtOfIllusion/src/artofillusion/object/Curve.java
  this()
/Users/lukeinkster/Documents/QualitasCorpus-20130901r/Systems/AoIsrc281/ArtOfIllusion/src/artofillusion/MoveScaleRotateObjectTool.java
  initButton("moveScaleRotate")
  manipulator.addEventLink(HandlePressedEvent.class,this,"handlePressed")
  manipulator.addEventLink(HandleDraggedEvent.class,this,"handleDragged")
  manipulator.addEventLink(HandleReleasedEvent.class,this,"handleReleased")
/Users/lukeinkster/Documents/QualitasCorpus-20130901r/Systems/AoIsrc281/ArtOfIllusion/src/artofillusion/procedural/GridModule.java
  xspace=yspace=zspace=1.0
  xinv=yinv=zinv=1.0
/Users/lukeinkster/Documents/QualitasCorpus-20130901r/Systems/AoIsrc281/ArtOfIllusion/src/artofillusion/BevelExtrudeTool.java
  initButton("bevel")
  manipulator.addEventLink(HandlePressedEvent.class,this,"handlePressed")
  manipulator.addEventLink(HandleDraggedEvent.class,this,"handleDragged")
  manipulator.addEventLink(HandleReleasedEvent.class,this,"handleReleased")
/Users/lukeinkster/Documents/QualitasCorpus-20130901r/Systems/AoIsrc281/Renderers/src/artofillusion/raytracer/TrianglePhotonSource.java
  tri.getTextureSpec(spec,1.0,third,third,third,avgSize,map.getRaytracer().time)
  color.copy(spec.emissive)
  tri.getTextureSpec(spec,-1.0,third,third,third,avgSize,map.getRaytracer().time)
  color.add(spec.emissive)
/Users/lukeinkster/Documents/QualitasCorpus-20130901r/Systems/AoIsrc281/ArtOfIllusion/src/artofillusion/MeshEditorWindow.java
  initialize()
  addEventLink(CommandEvent.class,this)
/Users/lukeinkster/Documents/QualitasCorpus-20130901r/Systems/AoIsrc281/Renderers/src/artofillusion/raytracer/RTEllipsoid.java
  rx2=rx*rx
  ry2=ry*ry
  rz2=rz*rz
  sy=rx2/ry2
  sz=rx2/rz2
  r1x=point1.x
  r1y=point1.y
  r1z=point1.z
  r2x=point2.x
  r2y=point2.y
  r2z=point2.z
/Users/lukeinkster/Documents/QualitasCorpus-20130901r/Systems/AoIsrc281/ArtOfIllusion/src/artofillusion/animation/FilterParameterTrack.java
  smoothingMethod=Timecourse.INTERPOLATING
/Users/lukeinkster/Documents/QualitasCorpus-20130901r/Systems/AoIsrc281/ArtOfIllusion/src/artofillusion/script/ExecuteScriptWindow.java
  setContent(content)
  content.add(scriptText.createContainer(),BorderContainer.CENTER)
  content.add(buttons,BorderContainer.SOUTH,newLayoutInfo())
  buttons.add(Translate.button("executeScript",this,"executeScript"))
  buttons.add(Translate.button("Load","...",this,"loadScript"))
  buttons.add(Translate.button("Save","...",this,"saveScript"))
  buttons.add(Translate.button("close",this,"closeWindow"))
  addEventLink(WindowClosingEvent.class,this,"closeWindow")
  scriptText.setCaretPosition(0)
  pack()
  UIUtilities.centerWindow(this)
  setVisible(true)
/Users/lukeinkster/Documents/QualitasCorpus-20130901r/Systems/AoIsrc281/ArtOfIllusion/src/artofillusion/image/HDRImage.java
  buildMipMaps(r,g,b,e,xres,yres)
  findAverage()
  createPreview()
  buildMipMaps(map[0],map[1],map[2],map[3],w,h)
  findAverage()
  createPreview()
/Users/lukeinkster/Documents/QualitasCorpus-20130901r/Systems/apache-ant-1.8.4/src/main/org/apache/tools/ant/taskdefs/optional/unix/Chgrp.java
  super.setExecutable("chgrp")
/Users/lukeinkster/Documents/QualitasCorpus-20130901r/Systems/apache-ant-1.8.4/src/main/org/apache/tools/ant/BuildException.java
  initCause(cause)
  this(msg,cause)
  this(cause)
/Users/lukeinkster/Documents/QualitasCorpus-20130901r/Systems/apache-ant-1.8.4/src/main/org/apache/tools/ant/taskdefs/Redirector.java
  this((ProjectComponent)managingTask)
/Users/lukeinkster/Documents/QualitasCorpus-20130901r/Systems/apache-ant-1.8.4/src/main/org/apache/tools/bzip2/CBZip2OutputStream.java
  this(out,MAX_BLOCKSIZE)
  this.allowableBlockSize=(this.blockSize100k*BZip2Constants.baseBlockSize)-20
  init()
/Users/lukeinkster/Documents/QualitasCorpus-20130901r/Systems/apache-ant-1.8.4/src/main/org/apache/tools/ant/taskdefs/DependSet.java
  super.add(rc)
  super.add(NOT_EXISTS)
/Users/lukeinkster/Documents/QualitasCorpus-20130901r/Systems/apache-ant-1.8.4/src/main/org/apache/tools/ant/taskdefs/optional/javacc/JJDoc.java
  cmdl.setVm(JavaEnvUtils.getJreExecutable("java"))
/Users/lukeinkster/Documents/QualitasCorpus-20130901r/Systems/apache-ant-1.8.4/src/main/org/apache/tools/ant/types/selectors/NotSelector.java
  this()
  appendSelector(other)
/Users/lukeinkster/Documents/QualitasCorpus-20130901r/Systems/apache-ant-1.8.4/src/main/org/apache/tools/ant/taskdefs/JikesOutputParser.java
  System.err.println("As of Ant 1.2 released in October 2000, the "+"JikesOutputParser class")
  System.err.println("is considered to be dead code by the Ant "+"developers and is unmaintained.")
  System.err.println("Don\'t use it!")
/Users/lukeinkster/Documents/QualitasCorpus-20130901r/Systems/apache-ant-1.8.4/src/main/org/apache/tools/tar/TarBuffer.java
  this(inStream,TarBuffer.DEFAULT_BLKSIZE)
  this(inStream,blockSize,TarBuffer.DEFAULT_RCDSIZE)
  this.initialize(blockSize,recordSize)
  this(outStream,TarBuffer.DEFAULT_BLKSIZE)
  this(outStream,blockSize,TarBuffer.DEFAULT_RCDSIZE)
  this.initialize(blockSize,recordSize)
/Users/lukeinkster/Documents/QualitasCorpus-20130901r/Systems/apache-ant-1.8.4/src/main/org/apache/tools/ant/taskdefs/optional/javacc/JJTree.java
  cmdl.setVm(JavaEnvUtils.getJreExecutable("java"))
/Users/lukeinkster/Documents/QualitasCorpus-20130901r/Systems/apache-ant-1.8.4/src/main/org/apache/tools/ant/taskdefs/optional/ejb/IPlanetEjbc.java
  registerDTD(PUBLICID_EJB11,DEFAULT_IAS60_EJB11_DTD_LOCATION)
  registerDTD(PUBLICID_IPLANET_EJB_60,DEFAULT_IAS60_DTD_LOCATION)
/Users/lukeinkster/Documents/QualitasCorpus-20130901r/Systems/apache-ant-1.8.4/src/main/org/apache/tools/ant/types/resources/ZipResource.java
  setEncoding(enc)
  setEntry(e)
/Users/lukeinkster/Documents/QualitasCorpus-20130901r/Systems/apache-ant-1.8.4/src/main/org/apache/tools/ant/taskdefs/Ant.java
  bindToOwner(owner)
/Users/lukeinkster/Documents/QualitasCorpus-20130901r/Systems/apache-ant-1.8.4/src/main/org/apache/tools/ant/taskdefs/optional/junit/JUnitTestRunner.java
  this(test,haltOnError,filtertrace,haltOnFailure,false)
  this(test,haltOnError,filtertrace,haltOnFailure,showOutput,false)
  this(test,null,haltOnError,filtertrace,haltOnFailure,showOutput,logTestListenerEvents,null)
  this(test,methods,haltOnError,filtertrace,haltOnFailure,showOutput,logTestListenerEvents,null)
  this(test,haltOnError,filtertrace,haltOnFailure,false,loader)
  this(test,haltOnError,filtertrace,haltOnFailure,showOutput,false,loader)
  this(test,null,haltOnError,filtertrace,haltOnFailure,showOutput,logTestListenerEvents,loader)
/Users/lukeinkster/Documents/QualitasCorpus-20130901r/Systems/apache-ant-1.8.4/src/main/org/apache/tools/ant/types/selectors/TokenizedPath.java
  this(path,SelectorUtils.tokenizePathAsArray(path))
  System.arraycopy(parent.tokenizedPath,0,tokenizedPath,0,parent.tokenizedPath.length)
/Users/lukeinkster/Documents/QualitasCorpus-20130901r/Systems/apache-ant-1.8.4/src/tests/junit/org/apache/tools/ant/ProjectTest.java
  setUp()
/Users/lukeinkster/Documents/QualitasCorpus-20130901r/Systems/apache-ant-1.8.4/src/main/org/apache/tools/ant/taskdefs/Taskdef.java
  setAdapterClass(TaskAdapter.class)
  setAdaptToClass(Task.class)
/Users/lukeinkster/Documents/QualitasCorpus-20130901r/Systems/apache-ant-1.8.4/src/main/org/apache/tools/ant/types/resources/StringResource.java
  this(null,value)
  setProject(project)
  setValue(project==null?value:project.replaceProperties(value))
/Users/lukeinkster/Documents/QualitasCorpus-20130901r/Systems/apache-ant-1.8.4/src/main/org/apache/tools/tar/TarEntry.java
  this(name,false)
  this()
  name=normalizeFileName(name,preserveLeadingSlashes)
  this.mode=isDir?DEFAULT_DIR_MODE:DEFAULT_FILE_MODE
  this.linkFlag=isDir?LF_DIR:LF_NORMAL
  this(name)
  this()
  this()
  parseTarHeader(headerBuf)
/Users/lukeinkster/Documents/QualitasCorpus-20130901r/Systems/apache-ant-1.8.4/src/main/org/apache/tools/ant/taskdefs/Delete.java
  Arrays.sort(this.dirs,REVERSE)
/Users/lukeinkster/Documents/QualitasCorpus-20130901r/Systems/apache-ant-1.8.4/src/main/org/apache/tools/ant/types/Reference.java
  setRefId(id)
  setRefId(id)
  setProject(p)
/Users/lukeinkster/Documents/QualitasCorpus-20130901r/Systems/apache-ant-1.8.4/src/main/org/apache/tools/zip/ZipFile.java
  this(f,null)
  this(newFile(name),null)
  this(newFile(name),encoding,true)
  this(f,encoding,true)
/Users/lukeinkster/Documents/QualitasCorpus-20130901r/Systems/apache-ant-1.8.4/src/main/org/apache/tools/ant/types/resources/selectors/Type.java
  setValue(value)
  setType(fd)
/Users/lukeinkster/Documents/QualitasCorpus-20130901r/Systems/apache-ant-1.8.4/src/main/org/apache/tools/ant/helper/ProjectHelper2.java
  antHandlers.push(currentHandler)
/Users/lukeinkster/Documents/QualitasCorpus-20130901r/Systems/apache-ant-1.8.4/src/main/org/apache/tools/ant/types/Permissions.java
  this(false)
/Users/lukeinkster/Documents/QualitasCorpus-20130901r/Systems/apache-ant-1.8.4/src/main/org/apache/tools/ant/util/facade/FacadeTaskHelper.java
  this(defaultValue,null)
/Users/lukeinkster/Documents/QualitasCorpus-20130901r/Systems/apache-ant-1.8.4/src/main/org/apache/tools/ant/types/Mapper.java
  setProject(p)
  implementations.put("identity","org.apache.tools.ant.util.IdentityMapper")
  implementations.put("flatten","org.apache.tools.ant.util.FlatFileNameMapper")
  implementations.put("glob","org.apache.tools.ant.util.GlobPatternMapper")
  implementations.put("merge","org.apache.tools.ant.util.MergingMapper")
  implementations.put("regexp","org.apache.tools.ant.util.RegexpPatternMapper")
  implementations.put("package","org.apache.tools.ant.util.PackageNameMapper")
  implementations.put("unpackage","org.apache.tools.ant.util.UnPackageNameMapper")
/Users/lukeinkster/Documents/QualitasCorpus-20130901r/Systems/apache-ant-1.8.4/src/main/org/apache/tools/ant/types/AbstractFileSet.java
  this.dir=fileset.dir
  this.defaultPatterns=fileset.defaultPatterns
  this.additionalPatterns=fileset.additionalPatterns
  this.selectors=fileset.selectors
  this.useDefaultExcludes=fileset.useDefaultExcludes
  this.caseSensitive=fileset.caseSensitive
  this.followSymlinks=fileset.followSymlinks
  this.errorOnMissingDir=fileset.errorOnMissingDir
  this.maxLevelsOfSymlinks=fileset.maxLevelsOfSymlinks
  setProject(fileset.getProject())
/Users/lukeinkster/Documents/QualitasCorpus-20130901r/Systems/apache-ant-1.8.4/src/main/org/apache/tools/ant/taskdefs/ExecTask.java
  bindToOwner(owner)
/Users/lukeinkster/Documents/QualitasCorpus-20130901r/Systems/apache-ant-1.8.4/src/main/org/apache/tools/ant/util/LazyFileOutputStream.java
  this(name,false)
  this(newFile(name),append)
  this(f,false)
  this(file,append,false)
/Users/lukeinkster/Documents/QualitasCorpus-20130901r/Systems/apache-ant-1.8.4/src/main/org/apache/tools/ant/taskdefs/optional/windows/Attrib.java
  super.setExecutable("attrib")
  super.setParallel(false)
/Users/lukeinkster/Documents/QualitasCorpus-20130901r/Systems/apache-ant-1.8.4/src/main/org/apache/tools/ant/taskdefs/optional/ccm/CCMReconfigure.java
  setCcmAction(COMMAND_RECONFIGURE)
/Users/lukeinkster/Documents/QualitasCorpus-20130901r/Systems/apache-ant-1.8.4/src/main/org/apache/tools/ant/types/FilterSet.java
  setToken(token)
  setValue(value)
  setValue(value)
/Users/lukeinkster/Documents/QualitasCorpus-20130901r/Systems/apache-ant-1.8.4/src/main/org/apache/tools/ant/util/LayoutPreservingProperties.java
  parsePair(text)
  this(name+"="+value)
/Users/lukeinkster/Documents/QualitasCorpus-20130901r/Systems/apache-ant-1.8.4/src/main/org/apache/tools/ant/taskdefs/optional/ccm/CCMCheckin.java
  setCcmAction(COMMAND_CHECKIN)
  setComment("Checkin "+newDate())
/Users/lukeinkster/Documents/QualitasCorpus-20130901r/Systems/apache-ant-1.8.4/src/main/org/apache/tools/ant/taskdefs/optional/ssh/ScpFromMessageBySftp.java
  this(verbose,session,aRemoteFile,aLocalFile,recursive,false)
  this(false,session,aRemoteFile,aLocalFile,recursive)
/Users/lukeinkster/Documents/QualitasCorpus-20130901r/Systems/apache-ant-1.8.4/src/main/org/apache/tools/ant/taskdefs/optional/ssh/ScpToMessageBySftp.java
  this(verbose,session,aRemotePath)
  this(verbose,session,aRemotePath)
  this(false,session,aLocalFile,aRemotePath)
  this(false,session,aDirectoryList,aRemotePath)
/Users/lukeinkster/Documents/QualitasCorpus-20130901r/Systems/apache-ant-1.8.4/src/main/org/apache/tools/ant/types/TimeComparison.java
  setValue(value)
/Users/lukeinkster/Documents/QualitasCorpus-20130901r/Systems/apache-ant-1.8.4/src/tests/junit/org/apache/tools/ant/taskdefs/SleepTest.java
  start()
/Users/lukeinkster/Documents/QualitasCorpus-20130901r/Systems/apache-ant-1.8.4/src/main/org/apache/tools/ant/taskdefs/optional/unix/Chown.java
  super.setExecutable("chown")
/Users/lukeinkster/Documents/QualitasCorpus-20130901r/Systems/apache-ant-1.8.4/src/main/org/apache/tools/ant/taskdefs/optional/ccm/CCMCheckout.java
  setCcmAction(COMMAND_CHECKOUT)
/Users/lukeinkster/Documents/QualitasCorpus-20130901r/Systems/apache-ant-1.8.4/src/main/org/apache/tools/ant/filters/TailFilter.java
  lineTokenizer.setIncludeDelims(true)
/Users/lukeinkster/Documents/QualitasCorpus-20130901r/Systems/apache-ant-1.8.4/src/main/org/apache/tools/zip/ZipLong.java
  this(bytes,0)
/Users/lukeinkster/Documents/QualitasCorpus-20130901r/Systems/apache-ant-1.8.4/src/main/org/apache/tools/ant/filters/HeadFilter.java
  lineTokenizer.setIncludeDelims(true)
/Users/lukeinkster/Documents/QualitasCorpus-20130901r/Systems/apache-ant-1.8.4/src/main/org/apache/tools/ant/TaskAdapter.java
  this()
  setProxy(proxy)
/Users/lukeinkster/Documents/QualitasCorpus-20130901r/Systems/apache-ant-1.8.4/src/main/org/apache/tools/ant/taskdefs/optional/junit/OutErrSummaryJUnitResultFormatter.java
  setWithOutAndErr(true)
/Users/lukeinkster/Documents/QualitasCorpus-20130901r/Systems/apache-ant-1.8.4/src/main/org/apache/tools/ant/taskdefs/ImportTask.java
  resources.setCache(true)
/Users/lukeinkster/Documents/QualitasCorpus-20130901r/Systems/apache-ant-1.8.4/src/main/org/apache/tools/ant/helper/AntXMLContext.java
  implicitTarget.setProject(project)
  implicitTarget.setName("")
  targetVector.addElement(implicitTarget)
/Users/lukeinkster/Documents/QualitasCorpus-20130901r/Systems/apache-ant-1.8.4/src/main/org/apache/tools/ant/taskdefs/optional/splash/SplashScreen.java
  this(msg,null,null)
  this(img,null,null)
  init(null,progressRegExp,displayText)
  setText(msg)
  init(img,progressRegExp,displayText)
/Users/lukeinkster/Documents/QualitasCorpus-20130901r/Systems/apache-ant-1.8.4/src/main/org/apache/tools/tar/TarInputStream.java
  this(is,TarBuffer.DEFAULT_BLKSIZE,TarBuffer.DEFAULT_RCDSIZE)
  this(is,blockSize,TarBuffer.DEFAULT_RCDSIZE)
/Users/lukeinkster/Documents/QualitasCorpus-20130901r/Systems/apache-ant-1.8.4/src/main/org/apache/tools/ant/taskdefs/Chmod.java
  super.setExecutable("chmod")
  super.setParallel(true)
  super.setSkipEmptyFilesets(true)
/Users/lukeinkster/Documents/QualitasCorpus-20130901r/Systems/apache-ant-1.8.4/src/main/org/apache/tools/ant/taskdefs/Zip.java
  setValue(name)
/Users/lukeinkster/Documents/QualitasCorpus-20130901r/Systems/apache-ant-1.8.4/src/main/org/apache/tools/ant/taskdefs/Definer.java
  setValue(value)
/Users/lukeinkster/Documents/QualitasCorpus-20130901r/Systems/apache-ant-1.8.4/src/tests/junit/org/apache/tools/ant/taskdefs/EchoTest.java
  this.setMessageOutputLevel(Project.MSG_DEBUG)
  this.setOutputPrintStream(newPrintStream(newByteArrayOutputStream(256)))
  this.setErrorPrintStream(newPrintStream(newByteArrayOutputStream(256)))
/Users/lukeinkster/Documents/QualitasCorpus-20130901r/Systems/apache-ant-1.8.4/src/main/org/apache/tools/ant/taskdefs/LogStreamHandler.java
  this((ProjectComponent)task,outlevel,errlevel)
/Users/lukeinkster/Documents/QualitasCorpus-20130901r/Systems/apache-ant-1.8.4/src/main/org/apache/tools/ant/types/resources/FileResource.java
  setFile(FILE_UTILS.resolveFile(b,name))
  setBaseDir(b)
  setFile(f)
  setProject(p)
  setFile(f)
  this(p,p.resolveFile(s))
/Users/lukeinkster/Documents/QualitasCorpus-20130901r/Systems/apache-ant-1.8.4/src/main/org/apache/tools/ant/taskdefs/Checksum.java
  super.add(u)
  super.add(Type.FILE)
/Users/lukeinkster/Documents/QualitasCorpus-20130901r/Systems/apache-ant-1.8.4/src/main/org/apache/tools/ant/types/ZipFileSet.java
  encoding=fileset.encoding
/Users/lukeinkster/Documents/QualitasCorpus-20130901r/Systems/apache-ant-1.8.4/src/main/org/apache/tools/ant/util/IdentityStack.java
  push(o)
/Users/lukeinkster/Documents/QualitasCorpus-20130901r/Systems/apache-ant-1.8.4/src/main/org/apache/tools/ant/PropertyHelper.java
  add(FROM_REF)
  add(TO_STRING)
  add(SKIP_DOUBLE_DOLLAR)
  add(DEFAULT_EXPANDER)
/Users/lukeinkster/Documents/QualitasCorpus-20130901r/Systems/apache-ant-1.8.4/src/main/org/apache/tools/ant/types/resources/ResourceList.java
  cachedResources.setCache(true)
/Users/lukeinkster/Documents/QualitasCorpus-20130901r/Systems/apache-ant-1.8.4/src/main/org/apache/tools/ant/Target.java
  this.name=other.name
  this.ifCondition=other.ifCondition
  this.unlessCondition=other.unlessCondition
  this.dependencies=other.dependencies
  this.location=other.location
  this.project=other.project
  this.description=other.description
  this.children=other.children
/Users/lukeinkster/Documents/QualitasCorpus-20130901r/Systems/apache-ant-1.8.4/src/main/org/apache/tools/ant/taskdefs/Exec.java
  System.err.println("As of Ant 1.2 released in October 2000, "+"the Exec class")
  System.err.println("is considered to be dead code by the Ant "+"developers and is unmaintained.")
  System.err.println("Don\'t use it!")
/Users/lukeinkster/Documents/QualitasCorpus-20130901r/Systems/apache-ant-1.8.4/src/main/org/apache/tools/ant/util/LeadPipeInputStream.java
  setBufferSize(size)
  setBufferSize(size)
/Users/lukeinkster/Documents/QualitasCorpus-20130901r/Systems/apache-ant-1.8.4/src/main/org/apache/tools/ant/taskdefs/optional/net/FTPTaskMirrorImpl.java
  this.setFollowSymlinks(false)
  this.client=parent.client
  this.ftpFile=getFile(theFiles,lastpathelement)
/Users/lukeinkster/Documents/QualitasCorpus-20130901r/Systems/apache-ant-1.8.4/src/tests/junit/org/apache/tools/ant/taskdefs/optional/junit/Printer.java
  System.err.println("constructor print to System.err")
  System.out.println("constructor print to System.out")
/Users/lukeinkster/Documents/QualitasCorpus-20130901r/Systems/apache-ant-1.8.4/src/main/org/apache/tools/ant/types/resources/PropertyResource.java
  setProject(p)
/Users/lukeinkster/Documents/QualitasCorpus-20130901r/Systems/apache-ant-1.8.4/src/main/org/apache/tools/ant/RuntimeConfigurable.java
  setProxy(proxy)
  setElementTag(elementTag)
/Users/lukeinkster/Documents/QualitasCorpus-20130901r/Systems/apache-ant-1.8.4/src/main/org/apache/tools/ant/ProjectHelperRepository.java
  collectProjectHelpers()
/Users/lukeinkster/Documents/QualitasCorpus-20130901r/Systems/apache-ant-1.8.4/src/main/org/apache/tools/ant/util/WorkerAnt.java
  this(task,null)
/Users/lukeinkster/Documents/QualitasCorpus-20130901r/Systems/apache-ant-1.8.4/src/main/org/apache/tools/ant/util/OutputStreamFunneler.java
  this(out,DEFAULT_TIMEOUT_MILLIS)
  setTimeout(timeoutMillis)
/Users/lukeinkster/Documents/QualitasCorpus-20130901r/Systems/apache-ant-1.8.4/src/main/org/apache/tools/ant/types/resources/comparators/Reverse.java
  add(c)
/Users/lukeinkster/Documents/QualitasCorpus-20130901r/Systems/apache-ant-1.8.4/src/main/org/apache/tools/ant/types/FileList.java
  this.dir=filelist.dir
  this.filenames=filelist.filenames
  setProject(filelist.getProject())
/Users/lukeinkster/Documents/QualitasCorpus-20130901r/Systems/apache-ant-1.8.4/src/main/org/apache/tools/ant/types/Comparison.java
  setValue(value)
/Users/lukeinkster/Documents/QualitasCorpus-20130901r/Systems/apache-ant-1.8.4/src/main/org/apache/tools/ant/taskdefs/Tar.java
  setValue(WARN)
  setValue(NONE)
/Users/lukeinkster/Documents/QualitasCorpus-20130901r/Systems/apache-ant-1.8.4/src/main/org/apache/tools/ant/AntClassLoader.java
  findNextResource()
  setParent(parent)
  setClassPath(classpath)
  setProject(project)
  setParent(null)
  setParent(null)
  setProject(project)
  setClassPath(classpath)
  this(project,classpath)
  setParentFirst(parentFirst)
  addJavaLibraries()
  this(null,project,classpath,parentFirst)
  setParent(parent)
/Users/lukeinkster/Documents/QualitasCorpus-20130901r/Systems/apache-ant-1.8.4/src/main/org/apache/tools/ant/types/CommandlineJava.java
  setVm(JavaEnvUtils.getJreExecutable("java"))
  setVmversion(JavaEnvUtils.getJavaVersion())
/Users/lukeinkster/Documents/QualitasCorpus-20130901r/Systems/apache-ant-1.8.4/src/etc/testcases/taskdefs/optional/depend/src1/E.java
  System.out.println(A.class)
/Users/lukeinkster/Documents/QualitasCorpus-20130901r/Systems/apache-ant-1.8.4/src/tests/junit/org/apache/tools/ant/taskdefs/optional/net/FTPTest.java
  this.matcher.setPattern(pattern)
/Users/lukeinkster/Documents/QualitasCorpus-20130901r/Systems/apache-ant-1.8.4/src/main/org/apache/tools/ant/taskdefs/optional/ccm/CCMCheckinDefault.java
  setCcmAction(COMMAND_CHECKIN)
  setTask(DEFAULT_TASK)
/Users/lukeinkster/Documents/QualitasCorpus-20130901r/Systems/apache-ant-1.8.4/src/main/org/apache/tools/ant/taskdefs/Java.java
  bindToOwner(owner)
/Users/lukeinkster/Documents/QualitasCorpus-20130901r/Systems/apache-ant-1.8.4/src/main/org/apache/tools/ant/types/resources/Union.java
  this(Project.getProject(rc),rc)
  add(rc)
/Users/lukeinkster/Documents/QualitasCorpus-20130901r/Systems/apache-ant-1.8.4/src/main/org/apache/tools/ant/taskdefs/optional/extension/Specification.java
  this(specificationTitle,specificationVersion,specificationVendor,implementationTitle,implementationVersion,implementationVendor,null)
/Users/lukeinkster/Documents/QualitasCorpus-20130901r/Systems/apache-ant-1.8.4/src/main/org/apache/tools/ant/types/resources/selectors/Not.java
  add(s)
/Users/lukeinkster/Documents/QualitasCorpus-20130901r/Systems/apache-ant-1.8.4/src/main/org/apache/tools/ant/taskdefs/cvslib/CvsTagEntry.java
  this(filename,null,null)
  this(filename,revision,null)
/Users/lukeinkster/Documents/QualitasCorpus-20130901r/Systems/apache-ant-1.8.4/src/main/org/apache/tools/ant/types/resources/BaseResourceCollectionContainer.java
  setProject(project)
/Users/lukeinkster/Documents/QualitasCorpus-20130901r/Systems/apache-ant-1.8.4/src/main/org/apache/tools/zip/ZipEntry.java
  this((java.util.zip.ZipEntry)entry)
  setInternalAttributes(entry.getInternalAttributes())
  setExternalAttributes(entry.getExternalAttributes())
  setExtraFields(entry.getExtraFields(true))
/Users/lukeinkster/Documents/QualitasCorpus-20130901r/Systems/apache-ant-1.8.4/src/main/org/apache/tools/ant/taskdefs/Untar.java
  setValue(NONE)
/Users/lukeinkster/Documents/QualitasCorpus-20130901r/Systems/apache-ant-1.8.4/src/main/org/apache/tools/ant/taskdefs/optional/ssh/AbstractSshMessage.java
  this(false,session)
/Users/lukeinkster/Documents/QualitasCorpus-20130901r/Systems/apache-ant-1.8.4/src/main/org/apache/tools/ant/types/Quantifier.java
  setValue(value)
/Users/lukeinkster/Documents/QualitasCorpus-20130901r/Systems/apache-ant-1.8.4/src/main/org/apache/tools/ant/types/PatternSet.java
  setProject(p.getProject())
  addConfiguredPatternset(p)
/Users/lukeinkster/Documents/QualitasCorpus-20130901r/Systems/apache-ant-1.8.4/src/main/org/apache/tools/ant/util/depend/AbstractAnalyzer.java
  reset()
/Users/lukeinkster/Documents/QualitasCorpus-20130901r/Systems/apache-ant-1.8.4/src/tests/junit/org/apache/tools/ant/taskdefs/optional/junit/JUnitTestRunnerTest.java
  addFormatter(formatter)
/Users/lukeinkster/Documents/QualitasCorpus-20130901r/Systems/apache-ant-1.8.4/src/main/org/apache/tools/ant/helper/ProjectHelperImpl.java
  implicitTarget.setName("")
  helperImpl.parser.setDocumentHandler(this)
/Users/lukeinkster/Documents/QualitasCorpus-20130901r/Systems/apache-ant-1.8.4/src/main/org/apache/tools/zip/ZipShort.java
  this(bytes,0)
/Users/lukeinkster/Documents/QualitasCorpus-20130901r/Systems/apache-ant-1.8.4/src/main/org/apache/tools/ant/taskdefs/condition/Os.java
  setFamily(family)
/Users/lukeinkster/Documents/QualitasCorpus-20130901r/Systems/apache-ant-1.8.4/src/main/org/apache/tools/bzip2/CBZip2InputStream.java
  init()
/Users/lukeinkster/Documents/QualitasCorpus-20130901r/Systems/apache-ant-1.8.4/src/main/org/apache/tools/ant/taskdefs/ExecuteWatchdog.java
  watchdog.addTimeoutObserver(this)
  this((long)timeout)
/Users/lukeinkster/Documents/QualitasCorpus-20130901r/Systems/apache-ant-1.8.4/src/main/org/apache/tools/ant/taskdefs/optional/ANTLR.java
  commandline.setVm(JavaEnvUtils.getJreExecutable("java"))
  commandline.setClassname("antlr.Tool")
/Users/lukeinkster/Documents/QualitasCorpus-20130901r/Systems/apache-ant-1.8.4/src/main/org/apache/tools/ant/taskdefs/optional/junit/BatchTest.java
  resources.setCache(true)
/Users/lukeinkster/Documents/QualitasCorpus-20130901r/Systems/apache-ant-1.8.4/src/main/org/apache/tools/ant/types/Resource.java
  this(name,false,0,false)
  this(name,exists,lastmodified,false)
  this(name,exists,lastmodified,directory,UNKNOWN_SIZE)
  setName(name)
  setExists(exists)
  setLastModified(lastmodified)
  setDirectory(directory)
  setSize(size)
/Users/lukeinkster/Documents/QualitasCorpus-20130901r/Systems/apache-ant-1.8.4/src/main/org/apache/tools/ant/taskdefs/EchoXML.java
  setValue(s)
/Users/lukeinkster/Documents/QualitasCorpus-20130901r/Systems/apache-ant-1.8.4/src/main/org/apache/tools/tar/TarOutputStream.java
  this(os,TarBuffer.DEFAULT_BLKSIZE,TarBuffer.DEFAULT_RCDSIZE)
  this(os,blockSize,TarBuffer.DEFAULT_RCDSIZE)
/Users/lukeinkster/Documents/QualitasCorpus-20130901r/Systems/apache-ant-1.8.4/src/main/org/apache/tools/ant/taskdefs/optional/RenameExtensions.java
  globType.setValue("glob")
/Users/lukeinkster/Documents/QualitasCorpus-20130901r/Systems/apache-ant-1.8.4/src/main/org/apache/tools/ant/taskdefs/optional/ssh/Directory.java
  this(directory,null)
/Users/lukeinkster/Documents/QualitasCorpus-20130901r/Systems/apache-ant-1.8.4/src/main/org/apache/tools/ant/taskdefs/Jar.java
  setEncoding("UTF8")
  setValue(value)
/Users/lukeinkster/Documents/QualitasCorpus-20130901r/Systems/apache-ant-1.8.4/src/main/org/apache/tools/ant/taskdefs/optional/junit/JUnitTest.java
  this(name,haltOnError,haltOnFailure,filtertrace,null)
  this.methodsSpecified=methods!=null
  this.methods=methodsSpecified?(String[])methods.clone():null
/Users/lukeinkster/Documents/QualitasCorpus-20130901r/Systems/apache-ant-1.8.4/src/main/org/apache/tools/ant/taskdefs/email/EmailAddress.java
  this.address=trim(email.substring(start,end),true)
  this.name=trim(email.substring(nStart,nEnd),false)
/Users/lukeinkster/Documents/QualitasCorpus-20130901r/Systems/apache-ant-1.8.4/src/main/org/apache/tools/ant/taskdefs/Tstamp.java
  calendarFields.put(MILLISECOND,newInteger(Calendar.MILLISECOND))
  calendarFields.put(SECOND,newInteger(Calendar.SECOND))
  calendarFields.put(MINUTE,newInteger(Calendar.MINUTE))
  calendarFields.put(HOUR,newInteger(Calendar.HOUR_OF_DAY))
  calendarFields.put(DAY,newInteger(Calendar.DATE))
  calendarFields.put(WEEK,newInteger(Calendar.WEEK_OF_YEAR))
  calendarFields.put(MONTH,newInteger(Calendar.MONTH))
  calendarFields.put(YEAR,newInteger(Calendar.YEAR))
/Users/lukeinkster/Documents/QualitasCorpus-20130901r/Systems/apache-ant-1.8.4/src/main/org/apache/tools/ant/taskdefs/Apt.java
  super.setCompiler(AptExternalCompilerAdapter.class.getName())
  super.setFork(true)
/Users/lukeinkster/Documents/QualitasCorpus-20130901r/Systems/apache-ant-1.8.4/src/main/org/apache/tools/ant/types/resources/Files.java
  this.defaultPatterns=f.defaultPatterns
  this.additionalPatterns=f.additionalPatterns
  this.useDefaultExcludes=f.useDefaultExcludes
  this.caseSensitive=f.caseSensitive
  this.followSymlinks=f.followSymlinks
  this.ds=f.ds
  setProject(f.getProject())
/Users/lukeinkster/Documents/QualitasCorpus-20130901r/Systems/apache-ant-1.8.4/src/main/org/apache/tools/ant/util/DOMElementWriter.java
  this(xmlDeclaration,XmlNamespacePolicy.IGNORE)
/Users/lukeinkster/Documents/QualitasCorpus-20130901r/Systems/apache-ant-1.8.4/src/main/org/apache/tools/ant/taskdefs/optional/javacc/JavaCC.java
  cmdl.setVm(JavaEnvUtils.getJreExecutable("java"))
/Users/lukeinkster/Documents/QualitasCorpus-20130901r/Systems/apache-ant-1.8.4/src/main/org/apache/tools/ant/Main.java
  processArgs(args)
/Users/lukeinkster/Documents/QualitasCorpus-20130901r/Systems/apache-ant-1.8.4/src/main/org/apache/tools/ant/taskdefs/optional/ccm/CCMCreateTask.java
  setCcmAction(COMMAND_CREATE_TASK)
/Users/lukeinkster/Documents/QualitasCorpus-20130901r/Systems/apache-ant-1.8.4/src/main/org/apache/tools/ant/types/resources/URLResource.java
  setURL(u)
  setURL(u.getURL())
  setFile(f)
  this(newURL(u))
/Users/lukeinkster/Documents/QualitasCorpus-20130901r/Systems/apache-ant-1.8.4/src/main/org/apache/tools/ant/taskdefs/Manifest.java
  parse(line)
  setValue(value)
/Users/lukeinkster/Documents/QualitasCorpus-20130901r/Systems/apache-ant-1.8.4/src/tests/junit/org/apache/tools/ant/util/ResourceUtilsTest.java
  taskINeedForLogging.setProject(newProject())
/Users/lukeinkster/Documents/QualitasCorpus-20130901r/Systems/apache-ant-1.8.4/src/main/org/apache/tools/ant/taskdefs/Jikes.java
  System.err.println("As of Ant 1.2 released in October 2000, "+"the Jikes class")
  System.err.println("is considered to be dead code by the Ant "+"developers and is unmaintained.")
  System.err.println("Don\'t use it!")
/Users/lukeinkster/Documents/QualitasCorpus-20130901r/Systems/apache-ant-1.8.4/src/main/org/apache/tools/ant/Location.java
  this(null,0,0)
  this(fileName,0,0)
  this(loc.getSystemId(),loc.getLineNumber(),loc.getColumnNumber())
/Users/lukeinkster/Documents/QualitasCorpus-20130901r/Systems/apache-ant-1.8.4/src/main/org/apache/tools/ant/taskdefs/Move.java
  setOverwrite(true)
/Users/lukeinkster/Documents/QualitasCorpus-20130901r/Systems/apache-ant-1.8.4/src/main/org/apache/tools/ant/types/resources/CompressedResource.java
  addConfigured(other)
/Users/lukeinkster/Documents/QualitasCorpus-20130901r/Systems/apache-ant-1.8.4/src/main/org/apache/tools/bzip2/CRC.java
  initialiseCRC()
/Users/lukeinkster/Documents/QualitasCorpus-20130901r/Systems/apache-ant-1.8.4/src/main/org/apache/tools/ant/taskdefs/optional/net/FTP.java
  this.setFollowSymlinks(false)
  this.client=parent.client
  this.ftpFile=getFile(theFiles,lastpathelement)
/Users/lukeinkster/Documents/QualitasCorpus-20130901r/Systems/apache-ant-1.8.4/src/main/org/apache/tools/mail/MailMessage.java
  this(DEFAULT_HOST,DEFAULT_PORT)
  this(host,DEFAULT_PORT)
  connect()
  sendHelo()
/Users/lukeinkster/Documents/QualitasCorpus-20130901r/Systems/apache-ant-1.8.4/src/main/org/apache/tools/ant/types/selectors/TokenizedPattern.java
  this(pattern,SelectorUtils.tokenizePathAsArray(pattern))
/Users/lukeinkster/Documents/QualitasCorpus-20130901r/Systems/apache-ant-1.8.4/src/main/org/apache/tools/ant/taskdefs/optional/unix/AbstractAccessTask.java
  super.setParallel(true)
  super.setSkipEmptyFilesets(true)
/Users/lukeinkster/Documents/QualitasCorpus-20130901r/Systems/apache-ant-1.8.4/src/main/org/apache/tools/ant/types/resources/ResourceDecorator.java
  addConfigured(other)
/Users/lukeinkster/Documents/QualitasCorpus-20130901r/Systems/apache-ant-1.8.4/src/main/org/apache/tools/ant/taskdefs/cvslib/ChangeLogParser.java
  this(false,"",CollectionUtils.EMPTY_LIST)
/Users/lukeinkster/Documents/QualitasCorpus-20130901r/Systems/apache-ant-1.8.4/src/main/org/apache/tools/ant/types/LogLevel.java
  this()
  setValue(value)
/Users/lukeinkster/Documents/QualitasCorpus-20130901r/Systems/apache-ant-1.8.4/src/main/org/apache/tools/ant/util/java15/ProxyDiagnostics.java
  this(DEFAULT_DESTINATION)
/Users/lukeinkster/Documents/QualitasCorpus-20130901r/Systems/apache-ant-1.8.4/src/main/org/apache/tools/ant/util/ReaderInputStream.java
  this(reader)
/Users/lukeinkster/Documents/QualitasCorpus-20130901r/Systems/apache-ant-1.8.4/src/main/org/apache/tools/ant/taskdefs/PumpStreamHandler.java
  this(out,err,input,false)
  this(out,err,null)
  this(outAndErr,outAndErr)
  this(System.out,System.err)
/Users/lukeinkster/Documents/QualitasCorpus-20130901r/Systems/apache-ant-1.8.4/src/tests/junit/org/apache/tools/ant/taskdefs/AbstractCvsTaskTest.java
  this("AbstractCvsTaskTest")
/Users/lukeinkster/Documents/QualitasCorpus-20130901r/Systems/apache-ant-1.8.4/src/main/org/apache/tools/zip/AbstractUnicodeExtraField.java
  crc32.update(bytes,off,len)
  this(text,bytes,0,bytes.length)
/Users/lukeinkster/Documents/QualitasCorpus-20130901r/Systems/apache-ant-1.8.4/src/main/org/apache/tools/zip/Simple8BitZipEncoding.java
  Collections.sort(this.reverseMapping)
/Users/lukeinkster/Documents/QualitasCorpus-20130901r/Systems/apache-ant-1.8.4/src/main/org/apache/tools/ant/taskdefs/WaitFor.java
  timeTable.put(MILLISECOND,newLong(1L))
  timeTable.put(SECOND,newLong(ONE_SECOND))
  timeTable.put(MINUTE,newLong(ONE_MINUTE))
  timeTable.put(HOUR,newLong(ONE_HOUR))
  timeTable.put(DAY,newLong(ONE_DAY))
  timeTable.put(WEEK,newLong(ONE_WEEK))
/Users/lukeinkster/Documents/QualitasCorpus-20130901r/Systems/apache-ant-1.8.4/src/main/org/apache/tools/ant/taskdefs/optional/PropertyFile.java
  calendarFields.put(MILLISECOND,newInteger(Calendar.MILLISECOND))
  calendarFields.put(SECOND,newInteger(Calendar.SECOND))
  calendarFields.put(MINUTE,newInteger(Calendar.MINUTE))
  calendarFields.put(HOUR,newInteger(Calendar.HOUR_OF_DAY))
  calendarFields.put(DAY,newInteger(Calendar.DATE))
  calendarFields.put(WEEK,newInteger(Calendar.WEEK_OF_YEAR))
  calendarFields.put(MONTH,newInteger(Calendar.MONTH))
  calendarFields.put(YEAR,newInteger(Calendar.YEAR))
/Users/lukeinkster/Documents/QualitasCorpus-20130901r/Systems/apache-ant-1.8.4/src/main/org/apache/tools/ant/taskdefs/email/Message.java
  addText(text)
/Users/lukeinkster/Documents/QualitasCorpus-20130901r/Systems/apache-ant-1.8.4/src/main/org/apache/tools/ant/types/resources/ArchiveResource.java
  this(a,false)
  setArchive(a)
  addConfigured(a)
/Users/lukeinkster/Documents/QualitasCorpus-20130901r/Systems/apache-ant-1.8.4/src/main/org/apache/tools/ant/filters/BaseFilterReader.java
  FileUtils.close(this)
/Users/lukeinkster/Documents/QualitasCorpus-20130901r/Systems/apache-ant-1.8.4/src/main/org/apache/tools/ant/taskdefs/optional/junit/JUnitTask.java
  this(test.getFiltertrace(),test.getHaltonerror(),test.getHaltonfailure(),test.getErrorProperty(),test.getFailureProperty())
  setValue(value)
/Users/lukeinkster/Documents/QualitasCorpus-20130901r/Systems/apache-ant-1.8.4/src/main/org/apache/tools/ant/taskdefs/cvslib/RCSFile.java
  this(name,rev,null)
/Users/lukeinkster/Documents/QualitasCorpus-20130901r/Systems/apache-ant-1.8.4/src/main/org/apache/tools/ant/types/Path.java
  this(p)
  createPathElement().setPath(path)
  setProject(project)
/Users/lukeinkster/Documents/QualitasCorpus-20130901r/Systems/apache-ant-1.8.4/src/main/org/apache/tools/bzip2/BlockSort.java
  this.quadrant=data.sfmap
/Users/lukeinkster/Documents/QualitasCorpus-20130901r/Systems/apache-ant-1.8.4/src/tests/junit/org/apache/tools/ant/types/selectors/ModifiedSelectorTest.java
  task.setTaskName("testTask")
  target.setName("testTarget")
  target.setProject(this)
  target.addTask(task)
  task.setOwningTarget(target)
/Users/lukeinkster/Documents/QualitasCorpus-20130901r/Systems/apache-ant-1.8.4/src/main/org/apache/tools/ant/types/FilterSetCollection.java
  addFilterSet(filterSet)
/Users/lukeinkster/Documents/QualitasCorpus-20130901r/Systems/apache-ant-1.8.4/src/main/org/apache/tools/ant/types/ArchiveFileSet.java
  src=fileset.src
  prefix=fileset.prefix
  fullpath=fileset.fullpath
  hasDir=fileset.hasDir
  fileMode=fileset.fileMode
  dirMode=fileset.dirMode
  fileModeHasBeenSet=fileset.fileModeHasBeenSet
  dirModeHasBeenSet=fileset.dirModeHasBeenSet
  errorOnMissingArchive=fileset.errorOnMissingArchive
/Users/lukeinkster/Documents/QualitasCorpus-20130901r/Systems/apache-ant-1.8.4/src/main/org/apache/tools/ant/taskdefs/Componentdef.java
  setRestrict(true)
/Users/lukeinkster/Documents/QualitasCorpus-20130901r/Systems/apache-ant-1.8.4/src/main/org/apache/tools/ant/util/MergingMapper.java
  setTo(to)
/Users/lukeinkster/Documents/QualitasCorpus-20130901r/Systems/apache-ant-1.8.4/src/main/org/apache/tools/ant/types/resources/FileResourceIterator.java
  this(null,basedir)
  this(project)
  this(null,basedir,filenames)
  this(project,basedir)
  addFiles(filenames)
/Users/lukeinkster/Documents/QualitasCorpus-20130901r/Systems/apache-ant-1.8.4/src/main/org/apache/tools/ant/taskdefs/condition/IsLastModified.java
  this(EQUALS_TEXT)
  setValue(s)
/Users/lukeinkster/Documents/QualitasCorpus-20130901r/Systems/apache-ant-1.8.4/src/main/org/apache/tools/ant/taskdefs/ManifestTask.java
  mode.setValue("replace")
/Users/lukeinkster/Documents/QualitasCorpus-20130901r/Systems/apache-ant-1.8.4/src/main/org/apache/tools/ant/taskdefs/Concat.java
  reset()
/Users/lukeinkster/Documents/QualitasCorpus-20130901r/Systems/apache-ant-1.8.4/src/main/org/apache/tools/ant/types/resources/Resources.java
  setProject(project)
/Users/lukeinkster/Documents/QualitasCorpus-20130901r/Systems/apache-ant-1.8.4/src/main/org/apache/tools/ant/taskdefs/LogOutputStream.java
  this((ProjectComponent)task,level)
  this(pc)
/Users/lukeinkster/Documents/QualitasCorpus-20130901r/Systems/apache-ant-1.8.4/src/main/org/apache/tools/ant/taskdefs/StreamPumper.java
  this(is,os,closeWhenExhausted,false)
  this(is,os,false)
/Users/lukeinkster/Documents/QualitasCorpus-20130901r/Systems/apache-ant-1.8.4/src/main/org/apache/tools/ant/types/XMLCatalog.java
  setChecked(false)
  log("Apache resolver library not found, internal resolver will be used",Project.MSG_VERBOSE)
  log("Apache resolver library found, xml-commons resolver will be used",Project.MSG_VERBOSE)
/Users/lukeinkster/Documents/QualitasCorpus-20130901r/Systems/apache-ant-1.8.4/src/main/org/apache/tools/ant/types/resources/TarResource.java
  setEntry(e)
  setEntry(e)
/Users/lukeinkster/Documents/QualitasCorpus-20130901r/Systems/apache-ant-1.8.4/src/main/org/apache/tools/ant/taskdefs/Property.java
  this(false)
  this(userProperty,null)
/Users/lukeinkster/Documents/QualitasCorpus-20130901r/Systems/apache-ant-1.8.4/src/main/org/apache/tools/ant/util/DeweyDecimal.java
  System.arraycopy(components,0,this.components,0,components.length)
/Users/lukeinkster/Documents/QualitasCorpus-20130901r/Systems/apache-ant-1.8.4/src/main/org/apache/tools/ant/taskdefs/optional/depend/constantpool/ConstantPool.java
  entries.addElement(null)
/Users/lukeinkster/Documents/QualitasCorpus-20130901r/Systems/apache-ant-1.8.4/src/main/org/apache/tools/ant/taskdefs/optional/ssh/ScpToMessage.java
  this(verbose,session,aRemotePath)
  this(verbose,session,aRemotePath)
  this(false,session,aLocalFile,aRemotePath)
  this(false,session,aDirectoryList,aRemotePath)
/Users/lukeinkster/Documents/QualitasCorpus-20130901r/Systems/apache-ant-1.8.4/src/tests/junit/org/apache/tools/ant/types/selectors/MockCache.java
  log("()")
/Users/lukeinkster/Documents/QualitasCorpus-20130901r/Systems/apache-ant-1.8.4/src/main/org/apache/tools/ant/taskdefs/TaskOutputStream.java
  System.err.println("As of Ant 1.2 released in October 2000, the "+"TaskOutputStream class")
  System.err.println("is considered to be dead code by the Ant "+"developers and is unmaintained.")
  System.err.println("Don\'t use it!")
/Users/lukeinkster/Documents/QualitasCorpus-20130901r/Systems/apache-ant-1.8.4/src/main/org/apache/tools/ant/util/PropertyOutputStream.java
  this(p,s,true)
/Users/lukeinkster/Documents/QualitasCorpus-20130901r/Systems/apache-ant-1.8.4/src/main/org/apache/tools/ant/taskdefs/Execute.java
  this(newPumpStreamHandler(),null)
  this(streamHandler,null)
  setStreamHandler(streamHandler)
/Users/lukeinkster/Documents/QualitasCorpus-20130901r/Systems/apache-ant-1.8.4/src/main/org/apache/tools/ant/taskdefs/optional/ssh/ScpFromMessage.java
  this(false,session,aRemoteFile,aLocalFile,recursive,false)
  this(false,session,aRemoteFile,aLocalFile,recursive)
/Users/lukeinkster/Documents/QualitasCorpus-20130901r/Systems/apache-ant-1.8.4/src/main/org/apache/tools/ant/types/resources/JavaResource.java
  setName(name)
  setClasspath(path)
/Users/lukeinkster/Documents/QualitasCorpus-20130901r/Systems/apache-ant-1.8.4/src/main/org/apache/tools/ant/taskdefs/optional/junit/JUnit4TestMethodAdapter.java
  this.cache=Cache.instance
/Users/lukeinkster/Documents/QualitasCorpus-20130901r/Systems/apache-ant-1.8.4/src/tests/junit/org/apache/tools/ant/taskdefs/ExecTaskTest.java
  project.init()
  project.setUserProperty("ant.file",myBuildFile.getAbsolutePath())
  ProjectHelper.configureProject(project,myBuildFile)
/Users/lukeinkster/Documents/QualitasCorpus-20130901r/Systems/apache-ant-1.8.4/src/main/org/apache/tools/ant/types/resources/AbstractClasspathResource.java
  cleanup=needsCleanup&&linstanceofAntClassLoader
/Users/lukeinkster/Documents/QualitasCorpus-20130901r/Systems/apache-jmeter-2.9/src/reports/org/apache/jmeter/report/gui/tree/ReportTreeNode.java
  this(null,null)
/Users/lukeinkster/Documents/QualitasCorpus-20130901r/Systems/apache-jmeter-2.9/src/reports/org/apache/jmeter/report/engine/ValueReplacer.java
  setUserDefinedVariables(tp.getUserDefinedVariables())
/Users/lukeinkster/Documents/QualitasCorpus-20130901r/Systems/apache-jmeter-2.9/src/core/org/apache/jmeter/samplers/SampleEvent.java
  this(null,null)
  this(result,threadGroup,HOSTNAME,false)
  this(result,threadGroup,jmvars,false)
  this(result,threadGroup,hostname,false)
  this(result,threadGroup,HOSTNAME,isTransactionSampleEvent)
  saveVars(jmvars)
/Users/lukeinkster/Documents/QualitasCorpus-20130901r/Systems/apache-jmeter-2.9/src/jorphan/org/apache/jorphan/gui/JLabeledTextArea.java
  this("",null)
  this(label,null)
  init()
/Users/lukeinkster/Documents/QualitasCorpus-20130901r/Systems/apache-jmeter-2.9/src/protocol/http/org/apache/jmeter/protocol/http/control/CacheManager.java
  setProperty(newBooleanProperty(CLEAR,false))
  setProperty(newBooleanProperty(USE_EXPIRES,false))
  clearCache()
/Users/lukeinkster/Documents/QualitasCorpus-20130901r/Systems/apache-jmeter-2.9/src/protocol/tcp/org/apache/jmeter/protocol/tcp/sampler/BinaryTCPClientImpl.java
  setEolByte(eomInt)
/Users/lukeinkster/Documents/QualitasCorpus-20130901r/Systems/apache-jmeter-2.9/src/protocol/native/org/apache/jmeter/protocol/system/NativeCommand.java
  this(directory,env,null,null,null)
/Users/lukeinkster/Documents/QualitasCorpus-20130901r/Systems/apache-jmeter-2.9/src/jorphan/org/apache/jorphan/io/TextFile.java
  setEncoding(encoding)
  setEncoding(encoding)
/Users/lukeinkster/Documents/QualitasCorpus-20130901r/Systems/apache-jmeter-2.9/src/core/org/apache/jmeter/visualizers/Sample.java
  this(null,0,0,0,0,0,0,0,true,0,0)
/Users/lukeinkster/Documents/QualitasCorpus-20130901r/Systems/apache-jmeter-2.9/src/core/org/apache/jmeter/gui/action/CheckDirty.java
  ActionRouter.getInstance().addPreActionListener(ExitCommand.class,this)
/Users/lukeinkster/Documents/QualitasCorpus-20130901r/Systems/apache-jmeter-2.9/src/core/org/apache/jmeter/gui/AbstractJMeterGuiComponent.java
  initGui()
/Users/lukeinkster/Documents/QualitasCorpus-20130901r/Systems/apache-jmeter-2.9/src/protocol/http/org/apache/jmeter/protocol/http/control/gui/WebServiceSamplerGui.java
  init()
/Users/lukeinkster/Documents/QualitasCorpus-20130901r/Systems/apache-jmeter-2.9/src/protocol/http/org/apache/jmeter/protocol/http/modifier/gui/ParamModifierGui.java
  init()
/Users/lukeinkster/Documents/QualitasCorpus-20130901r/Systems/apache-jmeter-2.9/src/core/org/apache/jmeter/control/TransactionSampler.java
  setName(name)
  transactionSampleResult.setSampleLabel(name)
  transactionSampleResult.setSuccessful(true)
  transactionSampleResult.sampleStart()
/Users/lukeinkster/Documents/QualitasCorpus-20130901r/Systems/apache-jmeter-2.9/src/core/org/apache/jmeter/samplers/StatisticalSampleSender.java
  this(null)
  log.warn("Constructor only intended for use in testing")
/Users/lukeinkster/Documents/QualitasCorpus-20130901r/Systems/apache-jmeter-2.9/src/core/org/apache/jmeter/config/Argument.java
  setProperty(newStringProperty(ARG_NAME,name))
  setProperty(newStringProperty(VALUE,value))
  setProperty(newStringProperty(ARG_NAME,name))
  setProperty(newStringProperty(VALUE,value))
  setProperty(newStringProperty(METADATA,metadata))
  setProperty(newStringProperty(ARG_NAME,name))
  setProperty(newStringProperty(VALUE,value))
  setProperty(newStringProperty(METADATA,metadata))
  setProperty(DESCRIPTION,description,DFLT_DESCRIPTION)
/Users/lukeinkster/Documents/QualitasCorpus-20130901r/Systems/apache-jmeter-2.9/src/components/org/apache/jmeter/assertions/CompareAssertionBeanInfo.java
  createPropertyGroup("compareChoices",newString[]{"compareContent","compareTime"})
  createPropertyGroup("comparison_filters",newString[]{"stringsToSkip"})
  p.setValue(NOT_UNDEFINED,Boolean.TRUE)
  p.setValue(DEFAULT,Boolean.TRUE)
  p.setValue(NOT_EXPRESSION,Boolean.TRUE)
  p=property("compareTime")
  p.setValue(NOT_UNDEFINED,Boolean.TRUE)
  p.setValue(DEFAULT,Long.valueOf(-1))
  p.setValue(NOT_EXPRESSION,Boolean.FALSE)
  p=property("stringsToSkip")
  p.setPropertyEditorClass(TableEditor.class)
  p.setValue(TableEditor.CLASSNAME,SubstitutionElement.class.getName())
  p.setValue(TableEditor.HEADERS,newString[]{JMeterUtils.getResString("comparison_regex_string"),JMeterUtils.getResString("comparison_regex_substitution")})
  p.setValue(TableEditor.OBJECT_PROPERTIES,newString[]{SubstitutionElement.REGEX,SubstitutionElement.SUBSTITUTE})
  p.setValue(NOT_UNDEFINED,Boolean.TRUE)
  p.setValue(DEFAULT,newArrayList<Object>())
  p.setValue(MULTILINE,Boolean.TRUE)
/Users/lukeinkster/Documents/QualitasCorpus-20130901r/Systems/apache-jmeter-2.9/src/protocol/http/org/apache/jmeter/protocol/http/sampler/HTTPSamplerBase.java
  setArguments(newArguments())
/Users/lukeinkster/Documents/QualitasCorpus-20130901r/Systems/apache-jmeter-2.9/src/core/org/apache/jmeter/threads/gui/ThreadGroupGui.java
  this(true)
  init()
  initGui()
/Users/lukeinkster/Documents/QualitasCorpus-20130901r/Systems/apache-jmeter-2.9/src/protocol/http/org/apache/jmeter/protocol/http/gui/CookiePanel.java
  init()
/Users/lukeinkster/Documents/QualitasCorpus-20130901r/Systems/apache-jmeter-2.9/src/protocol/ldap/org/apache/jmeter/protocol/ldap/config/gui/LdapExtConfigGui.java
  this(true)
  init()
/Users/lukeinkster/Documents/QualitasCorpus-20130901r/Systems/apache-jmeter-2.9/src/core/org/apache/jmeter/control/gui/TransactionControllerGui.java
  init()
/Users/lukeinkster/Documents/QualitasCorpus-20130901r/Systems/apache-jmeter-2.9/src/reports/org/apache/jmeter/report/writers/gui/HTMLReportWriterGui.java
  init()
/Users/lukeinkster/Documents/QualitasCorpus-20130901r/Systems/apache-jmeter-2.9/src/protocol/http/org/apache/jmeter/protocol/http/modifier/ParamModifier.java
  setProperty(newTestElementProperty(MASK,newParamMask()))
/Users/lukeinkster/Documents/QualitasCorpus-20130901r/Systems/apache-jmeter-2.9/src/protocol/http/org/apache/jmeter/protocol/http/control/Header.java
  this.setName("")
  this.setValue("")
  this.setName(name)
  this.setValue(value)
/Users/lukeinkster/Documents/QualitasCorpus-20130901r/Systems/apache-jmeter-2.9/src/core/org/apache/jmeter/visualizers/gui/AbstractVisualizer.java
  errorLogging.addActionListener(newActionListener(){@OverridepublicvoidactionPerformed(ActionEvente){if(errorLogging.isSelected()){successOnlyLogging.setSelected(false);}}})
  successOnlyLogging.addActionListener(newActionListener(){@OverridepublicvoidactionPerformed(ActionEvente){if(successOnlyLogging.isSelected()){errorLogging.setSelected(false);}}})
  saveConfigButton.addActionListener(newActionListener(){@OverridepublicvoidactionPerformed(ActionEvente){SavePropertyDialogd=newSavePropertyDialog(GuiPackage.getInstance().getMainFrame(),JMeterUtils.getResString("sample_result_save_configuration"),true,collector.getSaveConfig());d.pack();ComponentUtil.centerComponentInComponent(GuiPackage.getInstance().getMainFrame(),d);d.setVisible(true);}})
  filePanel.addChangeListener(this)
  filePanel.add(newJLabel(JMeterUtils.getResString("log_only")))
  filePanel.add(errorLogging)
  filePanel.add(successOnlyLogging)
  filePanel.add(saveConfigButton)
/Users/lukeinkster/Documents/QualitasCorpus-20130901r/Systems/apache-jmeter-2.9/src/core/org/apache/jmeter/gui/util/FilePanelEntry.java
  this(JMeterUtils.getResString("file_visualizer_filename"))
  this(label,(ChangeListener)null)
  this(label,(ChangeListener)null,exts)
  init()
/Users/lukeinkster/Documents/QualitasCorpus-20130901r/Systems/apache-jmeter-2.9/src/components/org/apache/jmeter/visualizers/GraphVisualizer.java
  init()
/Users/lukeinkster/Documents/QualitasCorpus-20130901r/Systems/apache-jmeter-2.9/src/reports/org/apache/jmeter/report/gui/AbstractReportGui.java
  this.namePanel.setBackground(Color.white)
  setName(getStaticLabel())
/Users/lukeinkster/Documents/QualitasCorpus-20130901r/Systems/apache-jmeter-2.9/src/reports/org/apache/jmeter/gui/util/ReportFilePanel.java
  this("")
  this(title,null)
  init()
  this(title)
  listeners.add(l)
/Users/lukeinkster/Documents/QualitasCorpus-20130901r/Systems/apache-jmeter-2.9/src/components/org/apache/jmeter/timers/gui/AbstractRandomTimerGui.java
  init()
/Users/lukeinkster/Documents/QualitasCorpus-20130901r/Systems/apache-jmeter-2.9/src/components/org/apache/jmeter/timers/gui/ConstantTimerGui.java
  init()
/Users/lukeinkster/Documents/QualitasCorpus-20130901r/Systems/apache-jmeter-2.9/src/jorphan/org/apache/jorphan/gui/ObjectTableModel.java
  this(headers,readFunctors,writeFunctors,editorClasses)
  this(headers,readFunctors,writeFunctors,editorClasses)
  this.headers.addAll(Arrays.asList(headers))
  this.classes.addAll(Arrays.asList(editorClasses))
/Users/lukeinkster/Documents/QualitasCorpus-20130901r/Systems/apache-jmeter-2.9/src/components/org/apache/jmeter/control/gui/InterleaveControlGui.java
  init()
/Users/lukeinkster/Documents/QualitasCorpus-20130901r/Systems/apache-jmeter-2.9/src/core/org/apache/jmeter/gui/util/TextAreaTableCellEditor.java
  editorComponent.setRows(3)
  editorComponent.addFocusListener(delegate)
/Users/lukeinkster/Documents/QualitasCorpus-20130901r/Systems/apache-jmeter-2.9/src/components/org/apache/jmeter/assertions/gui/XMLAssertionGui.java
  init()
/Users/lukeinkster/Documents/QualitasCorpus-20130901r/Systems/apache-jmeter-2.9/src/components/org/apache/jmeter/modifiers/CounterConfig.java
  init()
/Users/lukeinkster/Documents/QualitasCorpus-20130901r/Systems/apache-jmeter-2.9/src/components/org/apache/jmeter/assertions/gui/DurationAssertionGui.java
  init()
/Users/lukeinkster/Documents/QualitasCorpus-20130901r/Systems/apache-jmeter-2.9/src/protocol/mail/org/apache/jmeter/protocol/smtp/sampler/gui/SmtpSamplerGui.java
  init()
/Users/lukeinkster/Documents/QualitasCorpus-20130901r/Systems/apache-jmeter-2.9/src/examples/org/apache/jmeter/examples/sampler/gui/ExampleSamplerGui.java
  init()
/Users/lukeinkster/Documents/QualitasCorpus-20130901r/Systems/apache-jmeter-2.9/src/protocol/http/org/apache/jmeter/protocol/http/control/AuthManager.java
  setProperty(newCollectionProperty(AUTH_LIST,newArrayList<Object>()))
/Users/lukeinkster/Documents/QualitasCorpus-20130901r/Systems/apache-jmeter-2.9/src/core/org/apache/jmeter/control/gui/LoopControlPanel.java
  this(true)
  init()
  setState(1)
/Users/lukeinkster/Documents/QualitasCorpus-20130901r/Systems/apache-jmeter-2.9/src/protocol/http/org/apache/jmeter/protocol/http/control/HttpMirrorServer.java
  this(port,HttpMirrorControl.DEFAULT_MAX_POOL_SIZE,HttpMirrorControl.DEFAULT_MAX_QUEUE_SIZE)
/Users/lukeinkster/Documents/QualitasCorpus-20130901r/Systems/apache-jmeter-2.9/src/core/org/apache/jmeter/threads/JMeterThread.java
  test.traverse(threadListenerSearcher)
/Users/lukeinkster/Documents/QualitasCorpus-20130901r/Systems/apache-jmeter-2.9/src/protocol/http/org/apache/jmeter/protocol/http/util/WSDLHelper.java
  this(url,null)
/Users/lukeinkster/Documents/QualitasCorpus-20130901r/Systems/apache-jmeter-2.9/src/components/org/apache/jmeter/assertions/gui/SizeAssertionGui.java
  init()
/Users/lukeinkster/Documents/QualitasCorpus-20130901r/Systems/apache-jmeter-2.9/src/protocol/http/org/apache/jmeter/protocol/http/sampler/HTTPSamplerProxy.java
  setImplementation(impl)
/Users/lukeinkster/Documents/QualitasCorpus-20130901r/Systems/apache-jmeter-2.9/src/components/org/apache/jmeter/reporters/MailerResultCollector.java
  setProperty(newTestElementProperty(MAILER_MODEL,newMailerModel()))
/Users/lukeinkster/Documents/QualitasCorpus-20130901r/Systems/apache-jmeter-2.9/src/core/org/apache/jmeter/reporters/Summariser.java
  this()
  setName(name)
/Users/lukeinkster/Documents/QualitasCorpus-20130901r/Systems/apache-jmeter-2.9/src/components/org/apache/jmeter/extractor/DebugPostProcessorBeanInfo.java
  p=property("displaySamplerProperties")
  p.setValue(NOT_UNDEFINED,Boolean.TRUE)
  p.setValue(NOT_EXPRESSION,Boolean.TRUE)
  p.setValue(NOT_OTHER,Boolean.TRUE)
  p.setValue(DEFAULT,Boolean.TRUE)
  p=property("displayJMeterVariables")
  p.setValue(NOT_UNDEFINED,Boolean.TRUE)
  p.setValue(NOT_EXPRESSION,Boolean.TRUE)
  p.setValue(NOT_OTHER,Boolean.TRUE)
  p.setValue(DEFAULT,Boolean.TRUE)
  p=property("displayJMeterProperties")
  p.setValue(NOT_UNDEFINED,Boolean.TRUE)
  p.setValue(NOT_EXPRESSION,Boolean.TRUE)
  p.setValue(NOT_OTHER,Boolean.TRUE)
  p.setValue(DEFAULT,Boolean.FALSE)
  p=property("displaySystemProperties")
  p.setValue(NOT_UNDEFINED,Boolean.TRUE)
  p.setValue(NOT_EXPRESSION,Boolean.TRUE)
  p.setValue(NOT_OTHER,Boolean.TRUE)
  p.setValue(DEFAULT,Boolean.FALSE)
/Users/lukeinkster/Documents/QualitasCorpus-20130901r/Systems/apache-jmeter-2.9/test/src/org/apache/jmeter/junit/stubs/TestSampler.java
  setName(name)
  setName(name)
/Users/lukeinkster/Documents/QualitasCorpus-20130901r/Systems/apache-jmeter-2.9/src/protocol/jms/org/apache/jmeter/protocol/jms/sampler/Receiver.java
  log.debug("Receiver - ctor. Starting connection now")
  conn.start()
  log.info("Receiver - ctor. Connection to messaging system established")
/Users/lukeinkster/Documents/QualitasCorpus-20130901r/Systems/apache-jmeter-2.9/src/core/org/apache/jmeter/gui/util/TextBoxDialoger.java
  init("")
  init(text)
  init(text)
/Users/lukeinkster/Documents/QualitasCorpus-20130901r/Systems/apache-jmeter-2.9/src/core/org/apache/jmeter/testbeans/gui/FileEditor.java
  this(newPropertyDescriptor("dummy",null,null))
  button.addActionListener(this)
  cse.setNoUndefined(notNull)
  cse.setNoEdit(notExpression&&notOther)
  panel.add(editor.getCustomEditor(),BorderLayout.CENTER)
  panel.add(button,BorderLayout.EAST)
/Users/lukeinkster/Documents/QualitasCorpus-20130901r/Systems/apache-jmeter-2.9/src/protocol/http/org/apache/jmeter/protocol/http/parser/HtmlParserHTMLParser.java
  log.info("Using htmlparser version: "+Parser.getVersion())
/Users/lukeinkster/Documents/QualitasCorpus-20130901r/Systems/apache-jmeter-2.9/src/protocol/http/org/apache/jmeter/protocol/http/control/HeaderManager.java
  setProperty(newCollectionProperty(HEADERS,newArrayList<Object>()))
/Users/lukeinkster/Documents/QualitasCorpus-20130901r/Systems/apache-jmeter-2.9/src/core/org/apache/jmeter/samplers/StatisticalSampleResult.java
  setSampleLabel(res.getSampleLabel())
  setSuccessful(true)
  setSampleCount(0)
/Users/lukeinkster/Documents/QualitasCorpus-20130901r/Systems/apache-jmeter-2.9/src/core/org/apache/jmeter/testbeans/gui/FieldStringEditor.java
  textField.addActionListener(this)
  textField.addFocusListener(this)
/Users/lukeinkster/Documents/QualitasCorpus-20130901r/Systems/apache-jmeter-2.9/src/core/org/apache/jmeter/control/gui/WorkBenchGui.java
  init()
/Users/lukeinkster/Documents/QualitasCorpus-20130901r/Systems/apache-jmeter-2.9/src/components/org/apache/jmeter/visualizers/ComparisonVisualizer.java
  init()
/Users/lukeinkster/Documents/QualitasCorpus-20130901r/Systems/apache-jmeter-2.9/src/protocol/jdbc/org/apache/jmeter/protocol/jdbc/config/DataSourceElementBeanInfo.java
  createPropertyGroup("varName",newString[]{"dataSource"})
  createPropertyGroup("pool",newString[]{"poolMax","timeout","trimInterval","autocommit","transactionIsolation"})
  createPropertyGroup("keep-alive",newString[]{"keepAlive","connectionAge","checkQuery"})
  createPropertyGroup("database",newString[]{"dbUrl","driver","username","password"})
  p.setValue(NOT_UNDEFINED,Boolean.TRUE)
  p.setValue(DEFAULT,"")
  p=property("poolMax")
  p.setValue(NOT_UNDEFINED,Boolean.TRUE)
  p.setValue(DEFAULT,"10")
  p=property("timeout")
  p.setValue(NOT_UNDEFINED,Boolean.TRUE)
  p.setValue(DEFAULT,"10000")
  p=property("trimInterval")
  p.setValue(NOT_UNDEFINED,Boolean.TRUE)
  p.setValue(DEFAULT,"60000")
  p=property("autocommit")
  p.setValue(NOT_UNDEFINED,Boolean.TRUE)
  p.setValue(DEFAULT,Boolean.TRUE)
  p=property("transactionIsolation")
  p.setValue(NOT_UNDEFINED,Boolean.TRUE)
  p.setValue(DEFAULT,"DEFAULT")
  p.setValue(NOT_EXPRESSION,Boolean.TRUE)
  p.setValue(TAGS,modes)
  p=property("keepAlive")
  p.setValue(NOT_UNDEFINED,Boolean.TRUE)
  p.setValue(DEFAULT,Boolean.TRUE)
  p=property("connectionAge")
  p.setValue(NOT_UNDEFINED,Boolean.TRUE)
  p.setValue(DEFAULT,"5000")
  p=property("checkQuery")
  p.setValue(NOT_UNDEFINED,Boolean.TRUE)
  p.setValue(DEFAULT,"Select 1")
  p=property("dbUrl")
  p.setValue(NOT_UNDEFINED,Boolean.TRUE)
  p.setValue(DEFAULT,"")
  p=property("driver")
  p.setValue(NOT_UNDEFINED,Boolean.TRUE)
  p.setValue(DEFAULT,"")
  p=property("username")
  p.setValue(NOT_UNDEFINED,Boolean.TRUE)
  p.setValue(DEFAULT,"")
  p=property("password",TypeEditor.PasswordEditor)
  p.setValue(NOT_UNDEFINED,Boolean.TRUE)
  p.setValue(DEFAULT,"")
/Users/lukeinkster/Documents/QualitasCorpus-20130901r/Systems/apache-jmeter-2.9/src/components/org/apache/jmeter/sampler/DebugSamplerBeanInfo.java
  p=property("displayJMeterVariables")
  p.setValue(NOT_UNDEFINED,Boolean.TRUE)
  p.setValue(NOT_EXPRESSION,Boolean.TRUE)
  p.setValue(NOT_OTHER,Boolean.TRUE)
  p.setValue(DEFAULT,Boolean.TRUE)
  p=property("displayJMeterProperties")
  p.setValue(NOT_UNDEFINED,Boolean.TRUE)
  p.setValue(NOT_EXPRESSION,Boolean.TRUE)
  p.setValue(NOT_OTHER,Boolean.TRUE)
  p.setValue(DEFAULT,Boolean.FALSE)
  p=property("displaySystemProperties")
  p.setValue(NOT_UNDEFINED,Boolean.TRUE)
  p.setValue(NOT_EXPRESSION,Boolean.TRUE)
  p.setValue(NOT_OTHER,Boolean.TRUE)
  p.setValue(DEFAULT,Boolean.FALSE)
/Users/lukeinkster/Documents/QualitasCorpus-20130901r/Systems/apache-jmeter-2.9/src/components/org/apache/jmeter/visualizers/RequestPanel.java
  panel.add(tabbedRequest)
/Users/lukeinkster/Documents/QualitasCorpus-20130901r/Systems/apache-jmeter-2.9/src/protocol/http/org/apache/jmeter/protocol/http/util/HC4TrustAllSSLSocketFactory.java
  this(newHttpSSLProtocolSocketFactory((JsseSSLManager)JsseSSLManager.getInstance()))
/Users/lukeinkster/Documents/QualitasCorpus-20130901r/Systems/apache-jmeter-2.9/src/core/org/apache/jmeter/control/IfController.java
  this.setCondition(condition)
/Users/lukeinkster/Documents/QualitasCorpus-20130901r/Systems/apache-jmeter-2.9/src/protocol/http/org/apache/jmeter/protocol/http/control/gui/SoapSamplerGui.java
  init()
/Users/lukeinkster/Documents/QualitasCorpus-20130901r/Systems/apache-jmeter-2.9/src/functions/org/apache/jmeter/functions/XPathFileContainer.java
  nodeList=load()
/Users/lukeinkster/Documents/QualitasCorpus-20130901r/Systems/apache-jmeter-2.9/src/core/org/apache/jmeter/testbeans/gui/WrapperEditor.java
  initialize()
  this(null,typeEditor,guiEditor,acceptsNull,acceptsExpressions,acceptsOther,defaultValue)
/Users/lukeinkster/Documents/QualitasCorpus-20130901r/Systems/apache-jmeter-2.9/src/jorphan/org/apache/commons/cli/avalon/CLOptionDescriptor.java
  checkFlags(flags)
  m_incompatible=((flags&DUPLICATES_ALLOWED)!=0)?newint[0]:newint[]{id}
  checkFlags(flags)
/Users/lukeinkster/Documents/QualitasCorpus-20130901r/Systems/apache-jmeter-2.9/src/protocol/java/org/apache/jmeter/protocol/java/control/gui/JavaTestSamplerGui.java
  init()
/Users/lukeinkster/Documents/QualitasCorpus-20130901r/Systems/apache-jmeter-2.9/src/protocol/http/org/apache/jmeter/protocol/http/modifier/gui/AnchorModifierGui.java
  init()
/Users/lukeinkster/Documents/QualitasCorpus-20130901r/Systems/apache-jmeter-2.9/src/protocol/java/org/apache/jmeter/protocol/java/control/gui/BeanShellSamplerGui.java
  init()
/Users/lukeinkster/Documents/QualitasCorpus-20130901r/Systems/apache-jmeter-2.9/src/core/org/apache/jmeter/reporters/gui/ResultActionGui.java
  init()
/Users/lukeinkster/Documents/QualitasCorpus-20130901r/Systems/apache-jmeter-2.9/src/core/org/apache/jmeter/control/LoopController.java
  setContinueForever_private(true)
/Users/lukeinkster/Documents/QualitasCorpus-20130901r/Systems/apache-jmeter-2.9/src/core/org/apache/jmeter/util/Calculator.java
  this("")
/Users/lukeinkster/Documents/QualitasCorpus-20130901r/Systems/apache-jmeter-2.9/src/core/org/apache/jmeter/engine/util/ValueReplacer.java
  setUserDefinedVariables(tp.getUserDefinedVariables())
/Users/lukeinkster/Documents/QualitasCorpus-20130901r/Systems/apache-jmeter-2.9/src/jorphan/org/apache/jorphan/collections/SortedHashTree.java
  this()
  data.put(key,newSortedHashTree())
  this(comper)
  data.put(key,newSortedHashTree(comper))
  this()
  this(comper)
  this()
  this(comper)
/Users/lukeinkster/Documents/QualitasCorpus-20130901r/Systems/apache-jmeter-2.9/src/reports/org/apache/jmeter/report/gui/LineGraphGui.java
  init()
/Users/lukeinkster/Documents/QualitasCorpus-20130901r/Systems/apache-jmeter-2.9/src/core/org/apache/jmeter/util/TidyException.java
  this(0,0)
/Users/lukeinkster/Documents/QualitasCorpus-20130901r/Systems/apache-jmeter-2.9/src/protocol/http/org/apache/jmeter/protocol/http/proxy/gui/ProxyControlGui.java
  log.debug("Creating ProxyControlGui")
  init()
/Users/lukeinkster/Documents/QualitasCorpus-20130901r/Systems/apache-jmeter-2.9/src/monitor/components/org/apache/jmeter/visualizers/MonitorStats.java
  this.setHealth(health)
  this.setLoad(load)
  this.setCpuLoad(cpuload)
  this.setMemLoad(memload)
  this.setThreadLoad(threadload)
  this.setHost(host)
  this.setPort(port)
  this.setProtocol(protocol)
  this.setTimeStamp(time)
/Users/lukeinkster/Documents/QualitasCorpus-20130901r/Systems/apache-jmeter-2.9/src/junit/woolfel/DummyTestCase.java
  System.out.println("public DummyTestCase()")
  System.out.println("protected DummyTestCase("+arg0+")")
/Users/lukeinkster/Documents/QualitasCorpus-20130901r/Systems/apache-jmeter-2.9/src/jorphan/org/apache/commons/cli/avalon/CLOption.java
  this((CLOptionDescriptor)null)
  addArgument(argument)
/Users/lukeinkster/Documents/QualitasCorpus-20130901r/Systems/apache-jmeter-2.9/src/protocol/ftp/org/apache/jmeter/protocol/ftp/config/gui/FtpConfigGui.java
  this(true)
  init()
/Users/lukeinkster/Documents/QualitasCorpus-20130901r/Systems/apache-jmeter-2.9/src/components/org/apache/jmeter/visualizers/PropertyControlGui.java
  init()
/Users/lukeinkster/Documents/QualitasCorpus-20130901r/Systems/apache-jmeter-2.9/src/protocol/http/org/apache/jmeter/protocol/http/control/CookieManager.java
  clearCookies()
/Users/lukeinkster/Documents/QualitasCorpus-20130901r/Systems/apache-jmeter-2.9/src/core/org/apache/jmeter/samplers/StandardSampleSender.java
  log.warn("Constructor only intended for use in testing")
  log.info("Using StandardSampleSender for this test run")
/Users/lukeinkster/Documents/QualitasCorpus-20130901r/Systems/apache-jmeter-2.9/src/components/org/apache/jmeter/modifiers/gui/CounterConfigGui.java
  init()
/Users/lukeinkster/Documents/QualitasCorpus-20130901r/Systems/apache-jmeter-2.9/src/protocol/http/org/apache/jmeter/protocol/http/sampler/AccessLogSamplerBeanInfo.java
  log.debug("Entered access log sampler bean info")
  log.debug("Got to end of access log samper bean info init")
/Users/lukeinkster/Documents/QualitasCorpus-20130901r/Systems/apache-jmeter-2.9/src/protocol/http/org/apache/jmeter/protocol/http/sampler/PostWriter.java
  this(BOUNDARY)
/Users/lukeinkster/Documents/QualitasCorpus-20130901r/Systems/apache-jmeter-2.9/src/protocol/ldap/org/apache/jmeter/protocol/ldap/config/gui/LDAPArgument.java
  setProperty(newStringProperty(ARG_NAME,name))
  setProperty(newStringProperty(VALUE,value))
  setProperty(newStringProperty(OPCODE,opcode))
  setProperty(newStringProperty(ARG_NAME,name))
  setProperty(newStringProperty(VALUE,value))
  setProperty(newStringProperty(OPCODE,opcode))
  setProperty(newStringProperty(METADATA,metadata))
/Users/lukeinkster/Documents/QualitasCorpus-20130901r/Systems/apache-jmeter-2.9/src/core/org/apache/jmeter/gui/LoggerPanel.java
  init()
/Users/lukeinkster/Documents/QualitasCorpus-20130901r/Systems/apache-jmeter-2.9/src/components/org/apache/jmeter/assertions/gui/XMLSchemaAssertionGUI.java
  init()
/Users/lukeinkster/Documents/QualitasCorpus-20130901r/Systems/apache-jmeter-2.9/src/reports/org/apache/jmeter/report/gui/TableGui.java
  init()
/Users/lukeinkster/Documents/QualitasCorpus-20130901r/Systems/apache-jmeter-2.9/src/protocol/mail/org/apache/jmeter/protocol/mail/sampler/gui/MailReaderSamplerGui.java
  init()
  initGui()
/Users/lukeinkster/Documents/QualitasCorpus-20130901r/Systems/apache-jmeter-2.9/src/jorphan/org/apache/jorphan/gui/RightAlignRenderer.java
  setHorizontalAlignment(SwingConstants.RIGHT)
/Users/lukeinkster/Documents/QualitasCorpus-20130901r/Systems/apache-jmeter-2.9/src/protocol/http/org/apache/jmeter/protocol/http/control/Authorization.java
  setURL(url)
  setUser(user)
  setPass(pass)
  setDomain(domain)
  setRealm(realm)
  this("","","","","")
/Users/lukeinkster/Documents/QualitasCorpus-20130901r/Systems/apache-jmeter-2.9/src/core/org/apache/jmeter/gui/tree/JMeterTreeListener.java
  dragIcon.validate()
  dragIcon.setVisible(true)
  dragIcon.validate()
  dragIcon.setVisible(true)
/Users/lukeinkster/Documents/QualitasCorpus-20130901r/Systems/apache-jmeter-2.9/src/core/org/apache/jmeter/config/gui/RowDetailDialog.java
  init()
/Users/lukeinkster/Documents/QualitasCorpus-20130901r/Systems/apache-jmeter-2.9/src/protocol/tcp/org/apache/jmeter/protocol/tcp/control/gui/TCPSamplerGui.java
  init()
/Users/lukeinkster/Documents/QualitasCorpus-20130901r/Systems/apache-jmeter-2.9/src/components/org/apache/jmeter/extractor/gui/RegexExtractorGui.java
  init()
/Users/lukeinkster/Documents/QualitasCorpus-20130901r/Systems/apache-jmeter-2.9/src/components/org/apache/jmeter/assertions/gui/MD5HexAssertionGUI.java
  init()
/Users/lukeinkster/Documents/QualitasCorpus-20130901r/Systems/apache-jmeter-2.9/src/protocol/http/org/apache/jmeter/protocol/http/control/gui/HttpTestSampleGui.java
  init()
  init()
/Users/lukeinkster/Documents/QualitasCorpus-20130901r/Systems/apache-jmeter-2.9/src/protocol/ldap/org/apache/jmeter/protocol/ldap/control/gui/LdapExtTestSamplerGui.java
  init()
/Users/lukeinkster/Documents/QualitasCorpus-20130901r/Systems/apache-jmeter-2.9/src/core/org/apache/jmeter/config/gui/SimpleConfigGui.java
  this(true)
  init()
/Users/lukeinkster/Documents/QualitasCorpus-20130901r/Systems/apache-jmeter-2.9/src/core/org/apache/jmeter/services/FileServer.java
  log.info("Default base='"+DEFAULT_BASE+"'")
/Users/lukeinkster/Documents/QualitasCorpus-20130901r/Systems/apache-jmeter-2.9/src/protocol/jms/org/apache/jmeter/protocol/jms/control/gui/JMSSamplerGui.java
  init()
/Users/lukeinkster/Documents/QualitasCorpus-20130901r/Systems/apache-jmeter-2.9/src/components/org/apache/jmeter/visualizers/StatGraphVisualizer.java
  eltList.add(newBarGraph("average",true,newColor(202,0,0)))
  eltList.add(newBarGraph("aggregate_report_median",false,newColor(49,49,181)))
  eltList.add(newBarGraph("aggregate_report_90%_line",false,newColor(42,121,42)))
  eltList.add(newBarGraph("aggregate_report_min",false,Color.LIGHT_GRAY))
  eltList.add(newBarGraph("aggregate_report_max",false,Color.DARK_GRAY))
  clearData()
  init()
/Users/lukeinkster/Documents/QualitasCorpus-20130901r/Systems/apache-jmeter-2.9/src/reports/org/apache/jmeter/gui/ReportGuiPackage.java
  JMeterUtils.addLocaleChangeListener(this)
/Users/lukeinkster/Documents/QualitasCorpus-20130901r/Systems/apache-jmeter-2.9/src/protocol/http/org/apache/jmeter/protocol/http/proxy/SamplerCreatorFactory.java
  init()
/Users/lukeinkster/Documents/QualitasCorpus-20130901r/Systems/apache-jmeter-2.9/src/core/org/apache/jmeter/testbeans/gui/TextAreaEditor.java
  init()
  init()
  setValue(source)
/Users/lukeinkster/Documents/QualitasCorpus-20130901r/Systems/apache-jmeter-2.9/src/core/org/apache/jmeter/threads/JMeterContext.java
  clear0()
/Users/lukeinkster/Documents/QualitasCorpus-20130901r/Systems/apache-jmeter-2.9/src/protocol/ftp/org/apache/jmeter/protocol/ftp/control/gui/FtpTestSamplerGui.java
  init()
/Users/lukeinkster/Documents/QualitasCorpus-20130901r/Systems/apache-jmeter-2.9/src/core/org/apache/jmeter/util/SlowSocket.java
  bind(localaddr)
  connect(remoteaddr,timeout)
/Users/lukeinkster/Documents/QualitasCorpus-20130901r/Systems/apache-jmeter-2.9/src/components/org/apache/jmeter/assertions/gui/XPathAssertionGui.java
  init()
/Users/lukeinkster/Documents/QualitasCorpus-20130901r/Systems/apache-jmeter-2.9/src/components/org/apache/jmeter/config/KeystoreConfigBeanInfo.java
  createPropertyGroup(ALIASES_GROUP,newString[]{PRELOAD,ALIAS_START_INDEX,ALIAS_END_INDEX})
  p.setValue(NOT_UNDEFINED,Boolean.TRUE)
  p.setValue(DEFAULT,"true")
  p.setValue(NOT_EXPRESSION,Boolean.TRUE)
  p.setValue(NOT_OTHER,Boolean.TRUE)
  p.setValue(TAGS,newString[]{"True","False"})
  p=property(ALIAS_START_INDEX)
  p.setValue(NOT_UNDEFINED,Boolean.TRUE)
  p.setValue(DEFAULT,"")
  p=property(ALIAS_END_INDEX)
  p.setValue(NOT_UNDEFINED,Boolean.TRUE)
  p.setValue(DEFAULT,"")
/Users/lukeinkster/Documents/QualitasCorpus-20130901r/Systems/apache-jmeter-2.9/src/protocol/http/org/apache/jmeter/protocol/http/sampler/HTTPHC4Impl.java
  this.hashCode=getHash()
/Users/lukeinkster/Documents/QualitasCorpus-20130901r/Systems/apache-jmeter-2.9/src/components/org/apache/jmeter/visualizers/AssertionVisualizer.java
  init()
  setName(getStaticLabel())
/Users/lukeinkster/Documents/QualitasCorpus-20130901r/Systems/apache-jmeter-2.9/src/core/org/apache/jmeter/control/gui/LogicControllerGui.java
  init()
/Users/lukeinkster/Documents/QualitasCorpus-20130901r/Systems/apache-jmeter-2.9/src/components/org/apache/jmeter/visualizers/ViewResultsFullVisualizer.java
  init()
/Users/lukeinkster/Documents/QualitasCorpus-20130901r/Systems/apache-jmeter-2.9/src/reports/org/apache/jmeter/report/gui/BarChartGui.java
  init()
/Users/lukeinkster/Documents/QualitasCorpus-20130901r/Systems/apache-jmeter-2.9/src/core/org/apache/jmeter/gui/util/FilePanel.java
  this("",(String)null)
  this(title,(String)null)
  init()
  init()
  init()
/Users/lukeinkster/Documents/QualitasCorpus-20130901r/Systems/apache-jmeter-2.9/src/monitor/components/org/apache/jmeter/visualizers/MonitorHealthVisualizer.java
  initModel()
  init()
/Users/lukeinkster/Documents/QualitasCorpus-20130901r/Systems/apache-jmeter-2.9/src/core/org/apache/jmeter/swing/HtmlPane.java
  this.addHyperlinkListener(newHyperlinkListener(){@OverridepublicvoidhyperlinkUpdate(HyperlinkEvente){if(e.getEventType()==HyperlinkEvent.EventType.ACTIVATED){Stringref=e.getURL().getRef();if(ref!=null&&ref.length()>0){log.debug("reference to scroll to = "+ref);scrollToReference(ref);}}}})
/Users/lukeinkster/Documents/QualitasCorpus-20130901r/Systems/apache-jmeter-2.9/src/protocol/http/org/apache/jmeter/protocol/http/gui/CacheManagerGui.java
  init()
/Users/lukeinkster/Documents/QualitasCorpus-20130901r/Systems/apache-jmeter-2.9/src/components/org/apache/jmeter/assertions/gui/SMIMEAssertionGui.java
  init()
/Users/lukeinkster/Documents/QualitasCorpus-20130901r/Systems/apache-jmeter-2.9/src/reports/org/apache/jmeter/testelement/ReportPlan.java
  this(JMeterUtils.getResString("report_plan"))
  setName(name)
  setProperty(newCollectionProperty(REPORT_PAGE,reportPages))
/Users/lukeinkster/Documents/QualitasCorpus-20130901r/Systems/apache-jmeter-2.9/src/core/org/apache/jmeter/testelement/property/CollectionProperty.java
  this.value=normalizeList(value)
/Users/lukeinkster/Documents/QualitasCorpus-20130901r/Systems/apache-jmeter-2.9/src/components/org/apache/jmeter/assertions/gui/HTMLAssertionGui.java
  init()
/Users/lukeinkster/Documents/QualitasCorpus-20130901r/Systems/apache-jmeter-2.9/src/core/org/apache/jmeter/gui/GuiPackage.java
  JMeterUtils.addLocaleChangeListener(this)
/Users/lukeinkster/Documents/QualitasCorpus-20130901r/Systems/apache-jmeter-2.9/src/reports/org/apache/jmeter/report/gui/action/ReportCheckDirty.java
  ReportActionRouter.getInstance().addPreActionListener(ReportExitCommand.class,this)
/Users/lukeinkster/Documents/QualitasCorpus-20130901r/Systems/apache-jmeter-2.9/src/core/org/apache/jmeter/testelement/TestPlan.java
  setName(name)
/Users/lukeinkster/Documents/QualitasCorpus-20130901r/Systems/apache-jmeter-2.9/src/components/org/apache/jmeter/control/ThroughputController.java
  setStyle(BYNUMBER)
  setPerThread(true)
  setMaxThroughput(1)
  setPercentThroughput(100)
/Users/lukeinkster/Documents/QualitasCorpus-20130901r/Systems/apache-jmeter-2.9/src/examples/org/apache/jmeter/examples/testbeans/example3/Example3BeanInfo.java
  getprop("mybool")
  getprop("myBoolean1")
  getprop("myBoolean2","True")
  getprop("myInt","77")
  getprop("myInteger1")
  getprop("myInteger2",Integer.valueOf(123))
  getprop("mylong","99")
  getprop("myLong1")
  getprop("myLong2",Long.valueOf(456))
  getprop("myString1")
  getprop("myString2","abcd")
  property("myFile2",TypeEditor.FileEditor)
/Users/lukeinkster/Documents/QualitasCorpus-20130901r/Systems/apache-jmeter-2.9/src/jorphan/org/apache/jorphan/collections/HashTree.java
  this(null,null)
  this(_map,null)
  this(newHashMap<Object,HashTree>(),key)
/Users/lukeinkster/Documents/QualitasCorpus-20130901r/Systems/apache-jmeter-2.9/src/protocol/http/org/apache/jmeter/protocol/http/util/HTTPFileArg.java
  this(path,"","")
  setPath(path)
  setParamName(paramname)
  setMimeType(mimetype)
  setProperty(FILEPATH,path)
  setProperty(MIMETYPE,mimetype)
  setProperty(PARAMNAME,paramname)
  this(file.getPath(),file.getParamName(),file.getMimeType())
/Users/lukeinkster/Documents/QualitasCorpus-20130901r/Systems/apache-jmeter-2.9/src/protocol/http/org/apache/jmeter/protocol/http/proxy/ProxyControl.java
  setPort(DEFAULT_PORT)
  setExcludeList(newHashSet<String>())
  setIncludeList(newHashSet<String>())
  setCaptureHttpHeaders(true)
/Users/lukeinkster/Documents/QualitasCorpus-20130901r/Systems/apache-jmeter-2.9/src/junit/woolfel/SubDummyTest.java
  System.out.println("public SubDummyTest()")
  System.out.println("public SubDummyTest("+arg0+")")
/Users/lukeinkster/Documents/QualitasCorpus-20130901r/Systems/apache-jmeter-2.9/src/core/org/apache/jmeter/reporters/ResultCollector.java
  this(null)
  setErrorLogging(false)
  setSuccessOnlyLogging(false)
  setProperty(newObjectProperty(SAVE_CONFIG,newSampleSaveConfiguration()))
/Users/lukeinkster/Documents/QualitasCorpus-20130901r/Systems/apache-jmeter-2.9/src/core/org/apache/jmeter/reporters/gui/ResultSaverGui.java
  init()
/Users/lukeinkster/Documents/QualitasCorpus-20130901r/Systems/apache-jmeter-2.9/src/protocol/ldap/org/apache/jmeter/protocol/ldap/config/gui/LDAPArguments.java
  setProperty(newCollectionProperty(ARGUMENTS,newArrayList<Object>()))
/Users/lukeinkster/Documents/QualitasCorpus-20130901r/Systems/apache-jmeter-2.9/src/components/org/apache/jmeter/visualizers/XMLDefaultMutableTreeNode.java
  log.warn("Constructor only intended for use in testing")
  initAttributeNode(root,this)
  initRoot(root)
/Users/lukeinkster/Documents/QualitasCorpus-20130901r/Systems/apache-jmeter-2.9/src/components/org/apache/jmeter/visualizers/SummaryReport.java
  clearData()
  init()
/Users/lukeinkster/Documents/QualitasCorpus-20130901r/Systems/apache-jmeter-2.9/src/core/org/apache/jmeter/control/gui/TestPlanGui.java
  init()
/Users/lukeinkster/Documents/QualitasCorpus-20130901r/Systems/apache-jmeter-2.9/src/components/org/apache/jmeter/visualizers/MailerVisualizer.java
  setModel(newMailerResultCollector())
  initGui()
/Users/lukeinkster/Documents/QualitasCorpus-20130901r/Systems/apache-jmeter-2.9/src/protocol/jms/org/apache/jmeter/protocol/jms/control/gui/JMSSubscriberGui.java
  init()
/Users/lukeinkster/Documents/QualitasCorpus-20130901r/Systems/apache-jmeter-2.9/src/components/org/apache/jmeter/visualizers/StatVisualizer.java
  clearData()
  init()
/Users/lukeinkster/Documents/QualitasCorpus-20130901r/Systems/apache-jmeter-2.9/src/components/org/apache/jmeter/reporters/MailerModel.java
  setProperty(SUCCESS_LIMIT_KEY,JMeterUtils.getPropDefault("mailer.successlimit",DEFAULT_LIMIT))
  setProperty(FAILURE_LIMIT_KEY,JMeterUtils.getPropDefault("mailer.failurelimit",DEFAULT_LIMIT))
/Users/lukeinkster/Documents/QualitasCorpus-20130901r/Systems/apache-jmeter-2.9/src/core/org/apache/jmeter/config/gui/LoginConfigGui.java
  this(true)
  init()
/Users/lukeinkster/Documents/QualitasCorpus-20130901r/Systems/apache-jmeter-2.9/src/protocol/http/org/apache/jmeter/protocol/http/modifier/gui/RegExUserParametersGui.java
  init()
/Users/lukeinkster/Documents/QualitasCorpus-20130901r/Systems/apache-jmeter-2.9/src/reports/org/apache/jmeter/control/gui/ReportGui.java
  init()
/Users/lukeinkster/Documents/QualitasCorpus-20130901r/Systems/apache-jmeter-2.9/src/protocol/mail/org/apache/jmeter/protocol/mail/sampler/MailReaderSampler.java
  setServerType(DEFAULT_PROTOCOL)
  setFolder("INBOX")
  setNumMessages(ALL_MESSAGES)
  setDeleteMessages(false)
/Users/lukeinkster/Documents/QualitasCorpus-20130901r/Systems/apache-jmeter-2.9/src/protocol/ldap/org/apache/jmeter/protocol/ldap/config/gui/LdapConfigGui.java
  this(true)
  init()
/Users/lukeinkster/Documents/QualitasCorpus-20130901r/Systems/apache-jmeter-2.9/src/core/org/apache/jmeter/samplers/AsynchSampleSender.java
  this(null)
  log.warn("Constructor only intended for use in testing")
  log.info("Using Asynch Remote Sampler for this test run, queue size "+getCapacity())
/Users/lukeinkster/Documents/QualitasCorpus-20130901r/Systems/apache-jmeter-2.9/src/protocol/http/org/apache/jmeter/protocol/http/util/accesslog/TCLogParser.java
  setSourceFile(source)
/Users/lukeinkster/Documents/QualitasCorpus-20130901r/Systems/apache-jmeter-2.9/src/components/org/apache/jmeter/control/gui/OnceOnlyControllerGui.java
  init()
/Users/lukeinkster/Documents/QualitasCorpus-20130901r/Systems/apache-jmeter-2.9/src/core/org/apache/jmeter/samplers/SampleResult.java
  this(USENANOTIME,NANOTHREAD_SLEEP)
  this(nanoTime,NANOTHREAD_SLEEP)
  this.nanoTimeOffset=initOffset()
  this()
  allThreads=res.allThreads
  assertionResults=res.assertionResults
  bytes=res.bytes
  headersSize=res.headersSize
  bodySize=res.bodySize
  contentType=res.contentType
  dataEncoding=res.dataEncoding
  dataType=res.dataType
  endTime=res.endTime
  groupThreads=res.groupThreads
  idleTime=res.idleTime
  isMonitor=res.isMonitor
  label=res.label
  latency=res.latency
  location=res.location
  parent=res.parent
  pauseTime=res.pauseTime
  requestHeaders=res.requestHeaders
  responseCode=res.responseCode
  responseData=res.responseData
  responseHeaders=res.responseHeaders
  responseMessage=res.responseMessage
  sampleCount=res.sampleCount
  samplerData=res.samplerData
  saveConfig=res.saveConfig
  startTime=res.startTime
  stopTest=res.stopTest
  stopTestNow=res.stopTestNow
  stopThread=res.stopThread
  startNextThreadLoop=res.startNextThreadLoop
  subResults=res.subResults
  success=res.success
  threadName=res.threadName
  time=res.time
  timeStamp=res.timeStamp
  this()
  this()
  stampAndTime(stamp,elapsed)
/Users/lukeinkster/Documents/QualitasCorpus-20130901r/Systems/apache-jmeter-2.9/src/core/org/apache/jmeter/testelement/WorkBench.java
  setName(name)
/Users/lukeinkster/Documents/QualitasCorpus-20130901r/Systems/apache-jmeter-2.9/src/core/org/apache/jmeter/gui/CommentPanel.java
  init()
/Users/lukeinkster/Documents/QualitasCorpus-20130901r/Systems/apache-jmeter-2.9/src/core/org/apache/jmeter/gui/util/PowerTableModel.java
  model.setHeaders(headers)
/Users/lukeinkster/Documents/QualitasCorpus-20130901r/Systems/apache-jmeter-2.9/src/core/org/apache/jmeter/engine/ClientJMeterEngine.java
  this.remote=getEngine(host)
/Users/lukeinkster/Documents/QualitasCorpus-20130901r/Systems/apache-jmeter-2.9/src/protocol/tcp/org/apache/jmeter/protocol/tcp/sampler/LengthPrefixedBinaryTCPClientImpl.java
  tcpClient.setEolByte(Byte.MAX_VALUE+1)
/Users/lukeinkster/Documents/QualitasCorpus-20130901r/Systems/apache-jmeter-2.9/src/protocol/http/org/apache/jmeter/protocol/http/gui/HTTPFileArgsPanel.java
  this("")
  init()
/Users/lukeinkster/Documents/QualitasCorpus-20130901r/Systems/apache-jmeter-2.9/src/core/org/apache/jmeter/testbeans/gui/TableEditor.java
  addButton.addActionListener(newAddListener())
  removeButton.addActionListener(newRemoveListener())
  clearButton.addActionListener(newClearListener())
/Users/lukeinkster/Documents/QualitasCorpus-20130901r/Systems/apache-jmeter-2.9/src/reports/org/apache/jmeter/report/gui/tree/ReportTreeModel.java
  initTree()
/Users/lukeinkster/Documents/QualitasCorpus-20130901r/Systems/apache-jmeter-2.9/src/protocol/tcp/org/apache/jmeter/protocol/tcp/sampler/TCPSampler.java
  log.debug("Created "+this)
/Users/lukeinkster/Documents/QualitasCorpus-20130901r/Systems/apache-jmeter-2.9/src/jorphan/org/apache/jorphan/gui/DefaultTreeTableModel.java
  this(newDefaultMutableTreeNode())
/Users/lukeinkster/Documents/QualitasCorpus-20130901r/Systems/apache-jmeter-2.9/src/components/org/apache/jmeter/extractor/gui/XPathExtractorGui.java
  init()
/Users/lukeinkster/Documents/QualitasCorpus-20130901r/Systems/apache-jmeter-2.9/src/reports/org/apache/jmeter/gui/util/DirectoryPanel.java
  this("",null)
  this(title,null)
  init()
  this(title)
  listeners.add(l)
/Users/lukeinkster/Documents/QualitasCorpus-20130901r/Systems/apache-jmeter-2.9/src/core/org/apache/jmeter/util/BeanShellTestElement.java
  init()
/Users/lukeinkster/Documents/QualitasCorpus-20130901r/Systems/apache-jmeter-2.9/test/src/org/apache/jmeter/visualizers/GenerateTreeGui.java
  newThrowable().printStackTrace()
  init()
/Users/lukeinkster/Documents/QualitasCorpus-20130901r/Systems/apache-jmeter-2.9/src/reports/org/apache/jmeter/gui/util/ReportMenuBar.java
  this.getRemoteItems()
  createMenuBar()
/Users/lukeinkster/Documents/QualitasCorpus-20130901r/Systems/apache-jmeter-2.9/src/core/org/apache/jmeter/testbeans/gui/TestBeanGUI.java
  log.warn("Constructor only for use in testing")
  log.debug("testing class: "+testBeanClass.getName())
  JMeterUtils.addLocaleChangeListener(this)
/Users/lukeinkster/Documents/QualitasCorpus-20130901r/Systems/apache-jmeter-2.9/src/protocol/jms/org/apache/jmeter/protocol/jms/client/ReceiveSubscriber.java
  this(0,useProps,initialContextFactory,providerUrl,connfactory,destinationName,durableSubscriptionId,clientId,jmsSelector,useAuth,securityPrincipal,securityCredentials,false)
  this(queueSize,useProps,initialContextFactory,providerUrl,connfactory,destinationName,durableSubscriptionId,clientId,jmsSelector,useAuth,securityPrincipal,securityCredentials,true)
/Users/lukeinkster/Documents/QualitasCorpus-20130901r/Systems/apache-jmeter-2.9/src/protocol/java/org/apache/jmeter/protocol/java/config/JavaConfig.java
  setArguments(newArguments())
/Users/lukeinkster/Documents/QualitasCorpus-20130901r/Systems/apache-jmeter-2.9/src/protocol/http/org/apache/jmeter/protocol/http/control/gui/HttpMirrorControlGui.java
  log.debug("Creating HttpMirrorControlGui")
  init()
/Users/lukeinkster/Documents/QualitasCorpus-20130901r/Systems/apache-jmeter-2.9/src/core/org/apache/jmeter/gui/util/VerticalPanel.java
  this(5,LEFT_ALIGNMENT)
  this()
  subPanel.setBackground(bkg)
  this.setBackground(bkg)
  add(subPanel,BorderLayout.NORTH)
/Users/lukeinkster/Documents/QualitasCorpus-20130901r/Systems/apache-jmeter-2.9/src/protocol/http/org/apache/jmeter/protocol/http/util/LoopbackHTTPSocket.java
  os.write("HTTP/1.1 200 OK\r\nContent-Type: text/plain\r\n\r\n".getBytes(SampleResult.DEFAULT_HTTP_ENCODING))
  this()
  this()
  this()
/Users/lukeinkster/Documents/QualitasCorpus-20130901r/Systems/apache-jmeter-2.9/src/core/org/apache/jmeter/functions/gui/FunctionHelper.java
  init()
  JMeterUtils.addLocaleChangeListener(this)
/Users/lukeinkster/Documents/QualitasCorpus-20130901r/Systems/apache-jmeter-2.9/src/protocol/tcp/org/apache/jmeter/protocol/tcp/config/gui/TCPConfigGui.java
  this(true)
  init()
/Users/lukeinkster/Documents/QualitasCorpus-20130901r/Systems/apache-jmeter-2.9/src/core/org/apache/jmeter/gui/tree/JMeterTreeNode.java
  this(null,null)
/Users/lukeinkster/Documents/QualitasCorpus-20130901r/Systems/apache-jmeter-2.9/src/core/org/apache/jmeter/gui/tree/JMeterTreeModel.java
  initTree(tp,wb)
  this(newTestPlanGui().createTestElement(),newWorkBenchGui().createTestElement())
  this(newTestPlan(),newWorkBench())
/Users/lukeinkster/Documents/QualitasCorpus-20130901r/Systems/apache-jmeter-2.9/src/components/org/apache/jmeter/visualizers/TableVisualizer.java
  init()
/Users/lukeinkster/Documents/QualitasCorpus-20130901r/Systems/apache-jmeter-2.9/src/protocol/http/org/apache/jmeter/protocol/http/util/HTTPFileArgs.java
  setProperty(newCollectionProperty(HTTP_FILE_ARGS,newArrayList<HTTPFileArg>()))
/Users/lukeinkster/Documents/QualitasCorpus-20130901r/Systems/apache-jmeter-2.9/src/protocol/http/org/apache/jmeter/protocol/http/util/accesslog/StandardGenerator.java
  init()
  init()
/Users/lukeinkster/Documents/QualitasCorpus-20130901r/Systems/apache-jmeter-2.9/src/core/org/apache/jmeter/samplers/DataStrippingSampleSender.java
  log.warn("Constructor only intended for use in testing")
  log.info("Using DataStrippingSampleSender for this run")
  log.info("Using DataStrippingSampleSender for this run")
/Users/lukeinkster/Documents/QualitasCorpus-20130901r/Systems/apache-jmeter-2.9/src/core/org/apache/jmeter/engine/util/ReplaceFunctionsWithStrings.java
  this(masterFunction,variables,false)
  setMasterFunction(masterFunction)
  setVariables(variables)
/Users/lukeinkster/Documents/QualitasCorpus-20130901r/Systems/apache-jmeter-2.9/src/core/org/apache/jmeter/engine/TreeCloner.java
  this(true)
/Users/lukeinkster/Documents/QualitasCorpus-20130901r/Systems/apache-jmeter-2.9/src/core/org/apache/jmeter/gui/SavePropertyDialog.java
  log.warn("Constructor only intended for use in testing")
  log.debug("SampleSaveConfiguration = "+saveConfig)
  initDialog()
/Users/lukeinkster/Documents/QualitasCorpus-20130901r/Systems/apache-jmeter-2.9/src/protocol/mail/org/apache/jmeter/protocol/smtp/sampler/gui/SecuritySettingsPanel.java
  init()
/Users/lukeinkster/Documents/QualitasCorpus-20130901r/Systems/apache-jmeter-2.9/src/core/org/apache/jmeter/gui/action/SearchTreeDialog.java
  init()
/Users/lukeinkster/Documents/QualitasCorpus-20130901r/Systems/apache-jmeter-2.9/src/core/org/apache/jmeter/samplers/HoldSampleSender.java
  log.warn("Constructor only intended for use in testing")
  log.info("Using HoldSampleSender for this test run")
/Users/lukeinkster/Documents/QualitasCorpus-20130901r/Systems/apache-jmeter-2.9/src/core/org/apache/jmeter/util/BeanShellInterpreter.java
  init()
  init()
/Users/lukeinkster/Documents/QualitasCorpus-20130901r/Systems/apache-jmeter-2.9/src/junit/org/apache/jmeter/protocol/java/control/gui/JUnitTestSamplerGui.java
  init()
/Users/lukeinkster/Documents/QualitasCorpus-20130901r/Systems/apache-jmeter-2.9/src/core/org/apache/jmeter/gui/util/JDateField.java
  this.addKeyListener(newKeyFocus())
  this.addFocusListener(newFocusClass())
  setText(myString)
  this(newDate())
/Users/lukeinkster/Documents/QualitasCorpus-20130901r/Systems/apache-jmeter-2.9/src/monitor/components/org/apache/jmeter/visualizers/MonitorHealthPanel.java
  this.model.addListener(this)
  init()
/Users/lukeinkster/Documents/QualitasCorpus-20130901r/Systems/apache-jmeter-2.9/src/protocol/http/org/apache/jmeter/protocol/http/proxy/Daemon.java
  this(port,target,Proxy.class)
  log.info("Creating Daemon Socket on port: "+daemonPort)
  mainSocket.setSoTimeout(ACCEPT_TIMEOUT)
/Users/lukeinkster/Documents/QualitasCorpus-20130901r/Systems/apache-jmeter-2.9/src/protocol/jdbc/org/apache/jmeter/protocol/jdbc/JDBCTestElementBeanInfoSupport.java
  createPropertyGroup("varName",newString[]{"dataSource"})
  createPropertyGroup("sql",newString[]{"queryType","query","queryArguments","queryArgumentsTypes","variableNames","resultVariable",})
  p.setValue(NOT_UNDEFINED,Boolean.TRUE)
  p.setValue(DEFAULT,"")
  p=property("queryArguments")
  p.setValue(NOT_UNDEFINED,Boolean.TRUE)
  p.setValue(DEFAULT,"")
  p=property("queryArgumentsTypes")
  p.setValue(NOT_UNDEFINED,Boolean.TRUE)
  p.setValue(DEFAULT,"")
  p=property("variableNames")
  p.setValue(NOT_UNDEFINED,Boolean.TRUE)
  p.setValue(DEFAULT,"")
  p=property("resultVariable")
  p.setValue(NOT_UNDEFINED,Boolean.TRUE)
  p.setValue(DEFAULT,"")
  p=property("queryType")
  p.setValue(NOT_UNDEFINED,Boolean.TRUE)
  p.setValue(DEFAULT,AbstractJDBCTestElement.SELECT)
  p.setValue(NOT_OTHER,Boolean.TRUE)
  p.setValue(TAGS,newString[]{AbstractJDBCTestElement.SELECT,AbstractJDBCTestElement.UPDATE,AbstractJDBCTestElement.CALLABLE,AbstractJDBCTestElement.PREPARED_SELECT,AbstractJDBCTestElement.PREPARED_UPDATE,AbstractJDBCTestElement.COMMIT,AbstractJDBCTestElement.ROLLBACK,AbstractJDBCTestElement.AUTOCOMMIT_FALSE,AbstractJDBCTestElement.AUTOCOMMIT_TRUE,})
  p=property("query")
  p.setValue(NOT_UNDEFINED,Boolean.TRUE)
  p.setValue(DEFAULT,"")
  p.setPropertyEditorClass(TextAreaEditor.class)
/Users/lukeinkster/Documents/QualitasCorpus-20130901r/Systems/apache-jmeter-2.9/src/core/org/apache/jmeter/testelement/property/MapProperty.java
  log.info("map = "+value)
  this.value=normalizeMap(value)
  log.info("normalized map = "+this.value)
/Users/lukeinkster/Documents/QualitasCorpus-20130901r/Systems/apache-jmeter-2.9/src/jorphan/org/apache/jorphan/gui/JLabeledTextField.java
  this("",20)
  this(pLabel,20)
  mTextField=createTextField(size)
  mLabel.setLabelFor(mTextField)
  init()
  mTextField=createTextField(20)
  mLabel.setBackground(bk)
  mLabel.setLabelFor(mTextField)
  this.setBackground(bk)
  init()
/Users/lukeinkster/Documents/QualitasCorpus-20130901r/Systems/apache-jmeter-2.9/src/components/org/apache/jmeter/sampler/gui/TestActionGui.java
  target=TestAction.THREAD
  action=TestAction.PAUSE
  init()
/Users/lukeinkster/Documents/QualitasCorpus-20130901r/Systems/apache-jmeter-2.9/src/core/org/apache/jmeter/reporters/ResultSaver.java
  this()
  setName(name)
/Users/lukeinkster/Documents/QualitasCorpus-20130901r/Systems/apache-jmeter-2.9/src/core/org/apache/jmeter/engine/util/ReplaceStringWithFunctions.java
  setMasterFunction(masterFunction)
  setVariables(variables)
/Users/lukeinkster/Documents/QualitasCorpus-20130901r/Systems/apache-jmeter-2.9/src/core/org/apache/jmeter/util/JsseSSLManager.java
  log.debug("ssl Provider =  "+provider)
  setProvider(provider)
  log.debug("JsseSSLManager installed")
/Users/lukeinkster/Documents/QualitasCorpus-20130901r/Systems/apache-jmeter-2.9/src/components/org/apache/jmeter/visualizers/RespTimeGraphVisualizer.java
  init()
/Users/lukeinkster/Documents/QualitasCorpus-20130901r/Systems/apache-jmeter-2.9/src/protocol/jms/org/apache/jmeter/protocol/jms/control/gui/JMSPublisherGui.java
  init()
/Users/lukeinkster/Documents/QualitasCorpus-20130901r/Systems/apache-jmeter-2.9/src/components/org/apache/jmeter/control/gui/ForeachControlPanel.java
  this(true)
  init()
/Users/lukeinkster/Documents/QualitasCorpus-20130901r/Systems/apache-jmeter-2.9/src/components/org/apache/jmeter/assertions/ResponseAssertion.java
  setProperty(newCollectionProperty(TEST_STRINGS,newArrayList<String>()))
/Users/lukeinkster/Documents/QualitasCorpus-20130901r/Systems/apache-jmeter-2.9/src/examples/org/apache/jmeter/examples/sampler/ExampleSampler.java
  classCount.incrementAndGet()
  trace("ExampleSampler()")
/Users/lukeinkster/Documents/QualitasCorpus-20130901r/Systems/apache-jmeter-2.9/src/core/org/apache/jmeter/engine/util/UndoVariableReplacement.java
  setMasterFunction(masterFunction)
  setVariables(variables)
/Users/lukeinkster/Documents/QualitasCorpus-20130901r/Systems/apache-jmeter-2.9/src/protocol/java/org/apache/jmeter/protocol/java/sampler/JavaSampler.java
  setArguments(newArguments())
/Users/lukeinkster/Documents/QualitasCorpus-20130901r/Systems/apache-jmeter-2.9/src/components/org/apache/jmeter/visualizers/Graph.java
  this.setPreferredSize(newDimension(width,100))
  this()
/Users/lukeinkster/Documents/QualitasCorpus-20130901r/Systems/apache-jmeter-2.9/src/core/org/apache/jmeter/samplers/BatchSampleSender.java
  this(null)
  log.warn("Constructor only intended for use in testing")
/Users/lukeinkster/Documents/QualitasCorpus-20130901r/Systems/apache-jmeter-2.9/src/components/org/apache/jmeter/assertions/gui/BeanShellAssertionGui.java
  init()
/Users/lukeinkster/Documents/QualitasCorpus-20130901r/Systems/apache-jmeter-2.9/src/components/org/apache/jmeter/visualizers/DistributionGraph.java
  init()
  this()
  setModel(model)
/Users/lukeinkster/Documents/QualitasCorpus-20130901r/Systems/apache-jmeter-2.9/src/protocol/native/org/apache/jmeter/protocol/system/gui/SystemSamplerGui.java
  init()
/Users/lukeinkster/Documents/QualitasCorpus-20130901r/Systems/apache-jmeter-2.9/src/core/org/apache/jmeter/control/gui/IfControllerPanel.java
  this(true)
  init()
/Users/lukeinkster/Documents/QualitasCorpus-20130901r/Systems/apache-jmeter-2.9/src/core/org/apache/jmeter/config/gui/ArgumentsPanel.java
  this(JMeterUtils.getResString("user_defined_variables"),null,true,true)
  this(label,null,true,false)
  this(label,null,enableUpDown,false)
  this(label,bkg,true,false)
  this(label,bkg,enableUpDown,standalone,null)
  init()
/Users/lukeinkster/Documents/QualitasCorpus-20130901r/Systems/apache-jmeter-2.9/src/protocol/http/org/apache/jmeter/protocol/http/control/Cookie.java
  this("","","","",false,0,false,false)
  this(name,value,domain,path,secure,expires,true,true)
  this(name,value,domain,path,secure,expires,hasPath,hasDomain,DEFAULT_VERSION)
  this.setName(name)
  this.setValue(value)
  this.setDomain(domain)
  this.setPath(path)
  this.setSecure(secure)
  this.setExpires(expires)
  this.setPathSpecified(hasPath)
  this.setDomainSpecified(hasDomain)
  this.setVersion(version)
/Users/lukeinkster/Documents/QualitasCorpus-20130901r/Systems/apache-jmeter-2.9/src/jorphan/org/apache/jorphan/gui/AbstractTreeTableModel.java
  this.headers.addAll(Arrays.asList(headers))
  this.classes.addAll(Arrays.asList(editorClasses))
/Users/lukeinkster/Documents/QualitasCorpus-20130901r/Systems/apache-jmeter-2.9/src/components/org/apache/jmeter/timers/ConstantThroughputTimerBeanInfo.java
  createPropertyGroup("delay",newString[]{"throughput","calcMode"})
  p.setValue(NOT_UNDEFINED,Boolean.TRUE)
  p.setValue(DEFAULT,Double.valueOf(0.0))
  p=property("calcMode")
  p.setValue(NOT_UNDEFINED,Boolean.TRUE)
  p.setValue(DEFAULT,tags[0])
  p.setValue(NOT_OTHER,Boolean.TRUE)
  p.setValue(NOT_EXPRESSION,Boolean.TRUE)
  p.setValue(TAGS,tags)
/Users/lukeinkster/Documents/QualitasCorpus-20130901r/Systems/apache-jmeter-2.9/src/protocol/http/org/apache/jmeter/protocol/http/modifier/gui/URLRewritingModifierGui.java
  init()
/Users/lukeinkster/Documents/QualitasCorpus-20130901r/Systems/apache-jmeter-2.9/src/core/org/apache/jmeter/testbeans/gui/ComboStringEditor.java
  model.addElement(UNDEFINED)
  model.addElement(EDIT)
  combo.addItemListener(this)
  combo.setEditable(false)
/Users/lukeinkster/Documents/QualitasCorpus-20130901r/Systems/apache-jmeter-2.9/src/core/org/apache/jmeter/config/gui/ObsoleteGui.java
  init()
/Users/lukeinkster/Documents/QualitasCorpus-20130901r/Systems/apache-jmeter-2.9/src/components/org/apache/jmeter/extractor/gui/HtmlExtractorGui.java
  init()
/Users/lukeinkster/Documents/QualitasCorpus-20130901r/Systems/apache-jmeter-2.9/src/jorphan/org/apache/commons/cli/avalon/CLArgsParser.java
  this(args,optionDescriptors,null)
/Users/lukeinkster/Documents/QualitasCorpus-20130901r/Systems/apache-jmeter-2.9/src/protocol/http/org/apache/jmeter/protocol/http/control/HttpMirrorControl.java
  initPort(DEFAULT_PORT)
  initPort(port)
/Users/lukeinkster/Documents/QualitasCorpus-20130901r/Systems/apache-jmeter-2.9/src/jorphan/org/apache/jorphan/reflect/Functor.java
  this(null,_invokee,_methodName,null,null)
  this(_clazz,null,_methodName,null,null)
  this(null,_invokee,_methodName,null,_types)
  this(_clazz,null,_methodName,null,_types)
  this(null,null,_methodName,null,null)
  this(null,null,_methodName,null,_types)
  this(null,_invokee,_methodName,_args,null)
  this(null,null,_methodName,_args,null)
/Users/lukeinkster/Documents/QualitasCorpus-20130901r/Systems/apache-jmeter-2.9/src/functions/org/apache/jmeter/functions/IterationCounter.java
  init()
/Users/lukeinkster/Documents/QualitasCorpus-20130901r/Systems/apache-jmeter-2.9/src/reports/org/apache/jmeter/report/gui/action/ReportAddToTree.java
  allJMeterComponentCommands.put("Add","Add")
/Users/lukeinkster/Documents/QualitasCorpus-20130901r/Systems/apache-jmeter-2.9/src/junit/woolfel/SubDummyTest2.java
  System.out.println("private SubDummyTest2()")
  System.out.println("public SubDummyTest2("+arg0+")")
/Users/lukeinkster/Documents/QualitasCorpus-20130901r/Systems/apache-jmeter-2.9/src/core/org/apache/jmeter/gui/util/JMeterMenuBar.java
  this.getRemoteItems()
  createMenuBar()
  JMeterUtils.addLocaleChangeListener(this)
/Users/lukeinkster/Documents/QualitasCorpus-20130901r/Systems/apache-jmeter-2.9/src/core/org/apache/jmeter/gui/util/ButtonPanel.java
  init()
/Users/lukeinkster/Documents/QualitasCorpus-20130901r/Systems/apache-jmeter-2.9/src/components/org/apache/jmeter/assertions/HTMLAssertion.java
  log.debug("HTMLAssertion(): called")
/Users/lukeinkster/Documents/QualitasCorpus-20130901r/Systems/apache-jmeter-2.9/src/components/org/apache/jmeter/modifiers/gui/UserParametersGui.java
  init()
/Users/lukeinkster/Documents/QualitasCorpus-20130901r/Systems/apache-jmeter-2.9/src/protocol/tcp/org/apache/jmeter/protocol/tcp/sampler/ReadException.java
  this(null,null,null)
/Users/lukeinkster/Documents/QualitasCorpus-20130901r/Systems/apache-jmeter-2.9/src/protocol/http/org/apache/jmeter/protocol/http/gui/HeaderPanel.java
  init()
/Users/lukeinkster/Documents/QualitasCorpus-20130901r/Systems/apache-jmeter-2.9/src/components/org/apache/jmeter/control/gui/IncludeControllerGui.java
  init()
/Users/lukeinkster/Documents/QualitasCorpus-20130901r/Systems/apache-jmeter-2.9/src/protocol/http/org/apache/jmeter/protocol/http/config/gui/MultipartUrlConfigGui.java
  init()
  init()
  init()
/Users/lukeinkster/Documents/QualitasCorpus-20130901r/Systems/apache-jmeter-2.9/src/components/org/apache/jmeter/config/RandomVariableConfigBeanInfo.java
  createPropertyGroup(VARIABLE_GROUP,newString[]{VARIABLE_NAME,OUTPUT_FORMAT,})
  p=property(VARIABLE_NAME)
  p.setValue(NOT_UNDEFINED,Boolean.TRUE)
  p.setValue(DEFAULT,"")
  p=property(OUTPUT_FORMAT)
  p.setValue(NOT_UNDEFINED,Boolean.TRUE)
  p.setValue(DEFAULT,"")
  createPropertyGroup(RANDOM_GROUP,newString[]{MINIMUM_VALUE,MAXIMUM_VALUE,RANDOM_SEED,})
  p=property(MINIMUM_VALUE)
  p.setValue(NOT_UNDEFINED,Boolean.TRUE)
  p.setValue(DEFAULT,"1")
  p=property(MAXIMUM_VALUE)
  p.setValue(NOT_UNDEFINED,Boolean.TRUE)
  p.setValue(DEFAULT,"")
  p=property(RANDOM_SEED)
  p.setValue(NOT_UNDEFINED,Boolean.TRUE)
  p.setValue(DEFAULT,"")
  createPropertyGroup(OPTIONS_GROUP,newString[]{PER_THREAD,})
  p=property(PER_THREAD)
  p.setValue(NOT_UNDEFINED,Boolean.TRUE)
  p.setValue(NOT_EXPRESSION,Boolean.TRUE)
  p.setValue(NOT_OTHER,Boolean.TRUE)
  p.setValue(DEFAULT,Boolean.FALSE)
/Users/lukeinkster/Documents/QualitasCorpus-20130901r/Systems/apache-jmeter-2.9/src/components/org/apache/jmeter/assertions/gui/AssertionGui.java
  init()
/Users/lukeinkster/Documents/QualitasCorpus-20130901r/Systems/apache-jmeter-2.9/src/reports/org/apache/jmeter/gui/ReportMainFrame.java
  log.warn("Constructor only intended for use in testing")
  runningIndicator.setMargin(newInsets(0,0,0,0))
  runningIndicator.setBorder(BorderFactory.createEmptyBorder())
  ReportGuiPackage.getInstance().setMainFrame(this)
  init()
  setDefaultCloseOperation(DO_NOTHING_ON_CLOSE)
/Users/lukeinkster/Documents/QualitasCorpus-20130901r/Systems/apache-jmeter-2.9/src/components/org/apache/jmeter/config/CSVDataSetBeanInfo.java
  createPropertyGroup("csv_data",newString[]{FILENAME,FILE_ENCODING,VARIABLE_NAMES,DELIMITER,QUOTED_DATA,RECYCLE,STOPTHREAD,SHAREMODE})
  p.setValue(NOT_UNDEFINED,Boolean.TRUE)
  p.setValue(DEFAULT,"")
  p.setValue(NOT_EXPRESSION,Boolean.TRUE)
  p=property(FILE_ENCODING)
  p.setValue(NOT_UNDEFINED,Boolean.TRUE)
  p.setValue(DEFAULT,"")
  p.setValue(NOT_EXPRESSION,Boolean.TRUE)
  p=property(VARIABLE_NAMES)
  p.setValue(NOT_UNDEFINED,Boolean.TRUE)
  p.setValue(DEFAULT,"")
  p.setValue(NOT_EXPRESSION,Boolean.TRUE)
  p=property(DELIMITER)
  p.setValue(NOT_UNDEFINED,Boolean.TRUE)
  p.setValue(DEFAULT,",")
  p.setValue(NOT_EXPRESSION,Boolean.TRUE)
  p=property(QUOTED_DATA)
  p.setValue(NOT_UNDEFINED,Boolean.TRUE)
  p.setValue(DEFAULT,Boolean.FALSE)
  p=property(RECYCLE)
  p.setValue(NOT_UNDEFINED,Boolean.TRUE)
  p.setValue(DEFAULT,Boolean.TRUE)
  p=property(STOPTHREAD)
  p.setValue(NOT_UNDEFINED,Boolean.TRUE)
  p.setValue(DEFAULT,Boolean.FALSE)
  p=property(SHAREMODE)
  p.setValue(NOT_UNDEFINED,Boolean.TRUE)
  p.setValue(DEFAULT,SHARE_TAGS[0])
  p.setValue(NOT_OTHER,Boolean.FALSE)
  p.setValue(NOT_EXPRESSION,Boolean.FALSE)
  p.setValue(TAGS,SHARE_TAGS)
/Users/lukeinkster/Documents/QualitasCorpus-20130901r/Systems/apache-jmeter-2.9/src/core/org/apache/jmeter/gui/util/JLabeledRadioI18N.java
  setLabel(label_resouce)
  init(item_resources,selectedItem)
/Users/lukeinkster/Documents/QualitasCorpus-20130901r/Systems/apache-jmeter-2.9/src/core/org/apache/jmeter/testbeans/gui/GenericTestBeanCustomizer.java
  log.warn("Constructor only intended for use in testing")
  Arrays.sort(descriptors,newPropertyComparator(beanInfo))
  init()
/Users/lukeinkster/Documents/QualitasCorpus-20130901r/Systems/apache-jmeter-2.9/src/protocol/tcp/org/apache/jmeter/protocol/tcp/sampler/TCPClientImpl.java
  setEolByte(eolInt)
  setCharset(charset)
/Users/lukeinkster/Documents/QualitasCorpus-20130901r/Systems/apache-jmeter-2.9/src/protocol/http/org/apache/jmeter/protocol/http/util/HTTPArgument.java
  this(name,value,false)
  this.setMetaData(metadata)
  this(name,value,false)
  this(name,value,alreadyEncoded,EncoderCache.URL_ARGUMENT_ENCODING)
  setAlwaysEncoded(true)
  setName(name)
  setValue(value)
  setMetaData("=")
  this(name,value,metaData,alreadyEncoded,EncoderCache.URL_ARGUMENT_ENCODING)
  this(name,value,alreadyEncoded,contentEncoding)
  setMetaData(metaData)
  this(arg.getName(),arg.getValue(),arg.getMetaData())
/Users/lukeinkster/Documents/QualitasCorpus-20130901r/Systems/apache-jmeter-2.9/src/components/org/apache/jmeter/control/gui/ModuleControllerGui.java
  init()
/Users/lukeinkster/Documents/QualitasCorpus-20130901r/Systems/apache-jmeter-2.9/src/components/org/apache/jmeter/visualizers/SplineVisualizer.java
  this.model.setListener(this)
  setGUI()
/Users/lukeinkster/Documents/QualitasCorpus-20130901r/Systems/apache-jmeter-2.9/src/protocol/http/org/apache/jmeter/protocol/http/config/gui/UrlConfigGui.java
  this(true)
  this(showSamplerFields,true,true)
  init()
/Users/lukeinkster/Documents/QualitasCorpus-20130901r/Systems/apache-jmeter-2.9/src/core/org/apache/jmeter/control/gui/RunTimeGui.java
  this(true)
  init()
  setState(1)
/Users/lukeinkster/Documents/QualitasCorpus-20130901r/Systems/apache-jmeter-2.9/src/components/org/apache/jmeter/timers/SyncTimerBeanInfo.java
  createPropertyGroup("grouping",newString[]{"groupSize"})
  p.setValue(NOT_UNDEFINED,Boolean.TRUE)
  p.setValue(DEFAULT,Integer.valueOf(0))
/Users/lukeinkster/Documents/QualitasCorpus-20130901r/Systems/apache-jmeter-2.9/src/components/org/apache/jmeter/visualizers/DistributionGraphVisualizer.java
  graph.setBackground(Color.white)
  init()
/Users/lukeinkster/Documents/QualitasCorpus-20130901r/Systems/apache-jmeter-2.9/src/protocol/java/org/apache/jmeter/protocol/java/test/SleepTest.java
  LOG.debug(whoAmI()+"\tConstruct")
/Users/lukeinkster/Documents/QualitasCorpus-20130901r/Systems/apache-jmeter-2.9/src/core/org/apache/jmeter/util/ScriptingBeanInfoSupport.java
  p=property("scriptLanguage")
  p.setValue(NOT_UNDEFINED,Boolean.TRUE)
  p.setValue(DEFAULT,"")
  p.setValue(TAGS,LANGUAGE_TAGS)
  createPropertyGroup("scriptingLanguage",newString[]{"scriptLanguage"})
  p=property("parameters")
  p.setValue(NOT_UNDEFINED,Boolean.TRUE)
  p.setValue(DEFAULT,"")
  createPropertyGroup("parameterGroup",newString[]{"parameters"})
  p=property("filename")
  p.setValue(NOT_UNDEFINED,Boolean.TRUE)
  p.setValue(DEFAULT,"")
  p.setPropertyEditorClass(FileEditor.class)
  createPropertyGroup("filenameGroup",newString[]{"filename"})
  p=property("script")
  p.setValue(NOT_UNDEFINED,Boolean.TRUE)
  p.setValue(DEFAULT,"")
  p.setPropertyEditorClass(TextAreaEditor.class)
  createPropertyGroup("scripting",newString[]{"script"})
/Users/lukeinkster/Documents/QualitasCorpus-20130901r/Systems/apache-jmeter-2.9/src/components/org/apache/jmeter/control/gui/ThroughputControllerGui.java
  init()
/Users/lukeinkster/Documents/QualitasCorpus-20130901r/Systems/apache-jmeter-2.9/src/components/org/apache/jmeter/assertions/gui/XPathPanel.java
  init()
/Users/lukeinkster/Documents/QualitasCorpus-20130901r/Systems/apache-jmeter-2.9/src/core/org/apache/jmeter/gui/OnErrorPanel.java
  init()
/Users/lukeinkster/Documents/QualitasCorpus-20130901r/Systems/apache-jmeter-2.9/src/jorphan/org/apache/jorphan/gui/NumberRenderer.java
  setHorizontalAlignment(SwingConstants.RIGHT)
  setHorizontalAlignment(SwingConstants.RIGHT)
/Users/lukeinkster/Documents/QualitasCorpus-20130901r/Systems/apache-jmeter-2.9/src/components/org/apache/jmeter/control/gui/SwitchControllerGui.java
  init()
/Users/lukeinkster/Documents/QualitasCorpus-20130901r/Systems/apache-jmeter-2.9/src/core/org/apache/jmeter/util/ScopePanel.java
  this(false)
  this(enableVariableButton,true,true)
  init()
/Users/lukeinkster/Documents/QualitasCorpus-20130901r/Systems/apache-jmeter-2.9/src/functions/org/apache/jmeter/functions/FileRowColContainer.java
  log.debug("FRCC("+file+","+delim+")")
  load()
  log.debug("FRCC("+file+")["+DELIMITER+"]")
  load()
/Users/lukeinkster/Documents/QualitasCorpus-20130901r/Systems/apache-jmeter-2.9/src/core/org/apache/jmeter/visualizers/TableSample.java
  this(0,1,0,"","",0,true,0,0)
  this.elapsed=elapsed/sampleCount
  this.bytes=bytes/sampleCount
/Users/lukeinkster/Documents/QualitasCorpus-20130901r/Systems/apache-jmeter-2.9/src/reports/org/apache/jmeter/report/gui/ReportPageGui.java
  init()
/Users/lukeinkster/Documents/QualitasCorpus-20130901r/Systems/apache-jmeter-2.9/src/core/org/apache/jmeter/engine/util/CompoundVariable.java
  this()
/Users/lukeinkster/Documents/QualitasCorpus-20130901r/Systems/apache-jmeter-2.9/src/protocol/http/org/apache/jmeter/protocol/http/config/MultipartUrlConfig.java
  this(null)
/Users/lukeinkster/Documents/QualitasCorpus-20130901r/Systems/apache-jmeter-2.9/src/core/org/apache/jmeter/gui/MainFrame.java
  runningIndicator.setMargin(newInsets(0,0,0,0))
  runningIndicator.setBorder(BorderFactory.createEmptyBorder())
  totalThreads.setToolTipText(JMeterUtils.getResString("total_threads_tooltip"))
  activeThreads.setToolTipText(JMeterUtils.getResString("active_threads_tooltip"))
  warnIndicator.setMargin(newInsets(0,0,0,0))
  warnIndicator.setOpaque(false)
  warnIndicator.setContentAreaFilled(false)
  warnIndicator.setBorderPainted(false)
  warnIndicator.setToolTipText(JMeterUtils.getResString("error_indicator_tooltip"))
  warnIndicator.addActionListener(this)
  errorsOrFatalsLabel.setToolTipText(JMeterUtils.getResString("error_indicator_tooltip"))
  tree=makeTree(treeModel,treeListener)
  GuiPackage.getInstance().setMainFrame(this)
  init()
  initTopLevelDndHandler()
  setDefaultCloseOperation(DO_NOTHING_ON_CLOSE)
/Users/lukeinkster/Documents/QualitasCorpus-20130901r/Systems/apache-jmeter-2.9/src/core/org/apache/jmeter/visualizers/RunningSample.java
  init()
  this.counter=src.counter
  this.errorCount=src.errorCount
  this.firstTime=src.firstTime
  this.index=src.index
  this.label=src.label
  this.lastTime=src.lastTime
  this.max=src.max
  this.min=src.min
  this.runningSum=src.runningSum
/Users/lukeinkster/Documents/QualitasCorpus-20130901r/Systems/apache-jmeter-2.9/src/core/org/apache/jmeter/gui/util/HorizontalPanel.java
  this(5,CENTER_ALIGNMENT)
  this()
  subPanel.setBackground(bk)
  this.setBackground(bk)
  add(subPanel,BorderLayout.CENTER)
/Users/lukeinkster/Documents/QualitasCorpus-20130901r/Systems/apache-jmeter-2.9/test/src/org/apache/jorphan/reflect/TestFunctor.java
  this("")
  this("")
/Users/lukeinkster/Documents/QualitasCorpus-20130901r/Systems/apache-jmeter-2.9/src/protocol/java/org/apache/jmeter/protocol/java/test/JavaTest.java
  LOG.debug(whoAmI()+"\tConstruct")
/Users/lukeinkster/Documents/QualitasCorpus-20130901r/Systems/apache-jmeter-2.9/src/core/org/apache/jmeter/gui/ServerPanel.java
  init()
/Users/lukeinkster/Documents/QualitasCorpus-20130901r/Systems/apache-jmeter-2.9/src/protocol/java/org/apache/jmeter/protocol/java/config/gui/JavaConfigGui.java
  this(true)
  init()
/Users/lukeinkster/Documents/QualitasCorpus-20130901r/Systems/apache-jmeter-2.9/src/monitor/components/org/apache/jmeter/visualizers/MonitorGraph.java
  repaint()
/Users/lukeinkster/Documents/QualitasCorpus-20130901r/Systems/apache-jmeter-2.9/src/core/org/apache/jmeter/visualizers/SamplingStatCalculator.java
  this("")
  init()
/Users/lukeinkster/Documents/QualitasCorpus-20130901r/Systems/apache-jmeter-2.9/src/core/org/apache/jmeter/reporters/gui/SummariserGui.java
  init()
/Users/lukeinkster/Documents/QualitasCorpus-20130901r/Systems/apache-jmeter-2.9/src/core/org/apache/jmeter/testbeans/gui/PasswordEditor.java
  textField.addActionListener(this)
  textField.addFocusListener(this)
/Users/lukeinkster/Documents/QualitasCorpus-20130901r/Systems/apache-jmeter-2.9/src/core/org/apache/jmeter/gui/util/FileListPanel.java
  init()
  init()
  init()
  init()
  listeners.add(l)
/Users/lukeinkster/Documents/QualitasCorpus-20130901r/Systems/apache-jmeter-2.9/src/core/org/apache/jmeter/engine/StandardJMeterEngine.java
  this(null)
  engine=this
/Users/lukeinkster/Documents/QualitasCorpus-20130901r/Systems/apache-jmeter-2.9/src/core/org/apache/jmeter/gui/util/TristateCheckBox.java
  this(null,null,TristateState.DESELECTED)
  this(text,null,TristateState.DESELECTED)
  this(text,null,selected?TristateState.SELECTED:TristateState.DESELECTED)
  this(text,icon,initial,false)
  setModel(newTristateButtonModel(initial,this,original))
  super.addMouseListener(newMouseAdapter(){@OverridepublicvoidmousePressed(MouseEvente){TristateCheckBox.this.iterateState();}})
  actions.put("pressed",newAbstractAction(){privatestaticfinallongserialVersionUID=1L;@OverridepublicvoidactionPerformed(ActionEvente){TristateCheckBox.this.iterateState();}})
  actions.put("released",null)
  SwingUtilities.replaceUIActionMap(this,actions)
  setState(TristateState.DESELECTED)
/Users/lukeinkster/Documents/QualitasCorpus-20130901r/Systems/apache-jmeter-2.9/src/jorphan/org/apache/jorphan/gui/layout/VerticalLayout.java
  this(5,CENTER,TOP)
  this(vgap,CENTER,TOP)
  this(vgap,alignment,TOP)
/Users/lukeinkster/Documents/QualitasCorpus-20130901r/Systems/apache-jmeter-2.9/src/core/org/apache/jmeter/engine/RemoteJMeterEngineImpl.java
  System.out.println("Created remote object: "+this.getRef().remoteToString())
/Users/lukeinkster/Documents/QualitasCorpus-20130901r/Systems/apache-jmeter-2.9/src/core/org/apache/jmeter/testelement/property/AbstractProperty.java
  this("")
/Users/lukeinkster/Documents/QualitasCorpus-20130901r/Systems/apache-jmeter-2.9/src/protocol/http/org/apache/jmeter/protocol/http/sampler/HTTPSampleResult.java
  method=res.method
  cookies=res.cookies
  queryString=res.queryString
  redirectLocation=res.redirectLocation
/Users/lukeinkster/Documents/QualitasCorpus-20130901r/Systems/apache-jmeter-2.9/src/core/org/apache/jmeter/samplers/RemoteTestListenerWrapper.java
  log.warn("Only intended for use in testing")
/Users/lukeinkster/Documents/QualitasCorpus-20130901r/Systems/apache-jmeter-2.9/src/components/org/apache/jmeter/assertions/gui/XMLConfPanel.java
  init()
/Users/lukeinkster/Documents/QualitasCorpus-20130901r/Systems/apache-jmeter-2.9/src/components/org/apache/jmeter/visualizers/SimpleDataWriter.java
  init()
  setName(getStaticLabel())
/Users/lukeinkster/Documents/QualitasCorpus-20130901r/Systems/apache-jmeter-2.9/src/jorphan/org/apache/jorphan/gui/JLabeledChoice.java
  init()
  mLabel.setText(pLabel)
  choiceList.setEditable(editable)
  init()
  this(pLabel,items,false)
  mLabel.setText(pLabel)
  choiceList.setEditable(editable)
  init()
/Users/lukeinkster/Documents/QualitasCorpus-20130901r/Systems/apache-jmeter-2.9/src/core/org/apache/jmeter/gui/NamePanel.java
  setName(getStaticLabel())
  init()
/Users/lukeinkster/Documents/QualitasCorpus-20130901r/Systems/apache-jmeter-2.9/src/core/org/apache/jmeter/util/BeanShellBeanInfoSupport.java
  p=property("resetInterpreter")
  p.setValue(NOT_UNDEFINED,Boolean.TRUE)
  p.setValue(DEFAULT,Boolean.FALSE)
  p.setValue(NOT_EXPRESSION,Boolean.TRUE)
  p.setValue(NOT_OTHER,Boolean.TRUE)
  createPropertyGroup("resetGroup",newString[]{"resetInterpreter"})
  p=property("parameters")
  p.setValue(NOT_UNDEFINED,Boolean.TRUE)
  p.setValue(DEFAULT,"")
  createPropertyGroup("parameterGroup",newString[]{"parameters"})
  p=property("filename")
  p.setValue(NOT_UNDEFINED,Boolean.TRUE)
  p.setValue(DEFAULT,"")
  createPropertyGroup("filenameGroup",newString[]{"filename"})
  p=property("script")
  p.setValue(NOT_UNDEFINED,Boolean.TRUE)
  p.setValue(DEFAULT,"")
  p.setPropertyEditorClass(TextAreaEditor.class)
  createPropertyGroup("scripting",newString[]{"script"})
/Users/lukeinkster/Documents/QualitasCorpus-20130901r/Systems/apache-jmeter-2.9/src/reports/org/apache/jmeter/report/gui/tree/ReportTreeListener.java
  dragIcon.validate()
  dragIcon.setVisible(true)
  dragIcon.validate()
  dragIcon.setVisible(true)
/Users/lukeinkster/Documents/QualitasCorpus-20130901r/Systems/apache-jmeter-2.9/src/monitor/components/org/apache/jmeter/visualizers/ServerPanel.java
  init(model)
/Users/lukeinkster/Documents/QualitasCorpus-20130901r/Systems/apache-jmeter-2.9/src/core/org/apache/jmeter/threads/gui/AbstractThreadGroupGui.java
  init()
  initGui()
/Users/lukeinkster/Documents/QualitasCorpus-20130901r/Systems/apache-jmeter-2.9/src/protocol/http/org/apache/jmeter/protocol/http/modifier/ParamMask.java
  setFieldName("")
  setPrefix("")
  setLowerBound(0)
  setUpperBound(0)
  setIncrement(0)
  setSuffix("")
/Users/lukeinkster/Documents/QualitasCorpus-20130901r/Systems/apache-jmeter-2.9/src/core/org/apache/jmeter/samplers/DiskStoreSampleSender.java
  log.warn("Constructor only intended for use in testing")
  log.info("Using DiskStoreSampleSender for this test run")
/Users/lukeinkster/Documents/QualitasCorpus-20130901r/Systems/apache-jmeter-2.9/src/core/org/apache/jmeter/control/gui/TestFragmentControllerGui.java
  init()
/Users/lukeinkster/Documents/QualitasCorpus-20130901r/Systems/apache-jmeter-2.9/src/protocol/jms/org/apache/jmeter/protocol/jms/client/Publisher.java
  this(useProps,initialContextFactory,providerUrl,connfactory,destinationName,useAuth,securityPrincipal,securityCredentials,true,false)
  this(useProps,initialContextFactory,providerUrl,connfactory,destinationName,useAuth,securityPrincipal,securityCredentials,true,useNonPersistentMessages)
/Users/lukeinkster/Documents/QualitasCorpus-20130901r/Systems/apache-jmeter-2.9/src/components/org/apache/jmeter/control/gui/RandomControlGui.java
  init()
/Users/lukeinkster/Documents/QualitasCorpus-20130901r/Systems/apache-jmeter-2.9/src/core/org/apache/jmeter/util/HttpSSLProtocolSocketFactory.java
  this(sslManager,0)
/Users/lukeinkster/Documents/QualitasCorpus-20130901r/Systems/apache-jmeter-2.9/src/monitor/components/org/apache/jmeter/visualizers/MonitorPerformancePanel.java
  this.MODEL.addListener(this)
  init()
/Users/lukeinkster/Documents/QualitasCorpus-20130901r/Systems/apache-jmeter-2.9/test/src/org/apache/jmeter/protocol/http/sampler/NullURLConnection.java
  this(newURL("http://localhost"))
/Users/lukeinkster/Documents/QualitasCorpus-20130901r/Systems/apache-jmeter-2.9/src/core/org/apache/jmeter/threads/JMeterVariables.java
  preloadVariables()
/Users/lukeinkster/Documents/QualitasCorpus-20130901r/Systems/apache-jmeter-2.9/test/src/org/apache/commons/cli/avalon/ClutilTestCase.java
  this("Command Line Interpreter Test Case")
/Users/lukeinkster/Documents/QualitasCorpus-20130901r/Systems/apache-jmeter-2.9/src/jorphan/org/apache/jorphan/collections/Data.java
  size=currentPos+1
/Users/lukeinkster/Documents/QualitasCorpus-20130901r/Systems/apache-jmeter-2.9/src/core/org/apache/jmeter/gui/JMeterFileFilter.java
  this(extensions,true)
/Users/lukeinkster/Documents/QualitasCorpus-20130901r/Systems/apache-jmeter-2.9/src/protocol/mail/org/apache/jmeter/protocol/smtp/sampler/gui/SmtpPanel.java
  initComponents()
/Users/lukeinkster/Documents/QualitasCorpus-20130901r/Systems/apache-jmeter-2.9/test/src/org/apache/jmeter/resources/PackageTest.java
  this(testName,_lang,MESSAGES)
/Users/lukeinkster/Documents/QualitasCorpus-20130901r/Systems/apache-jmeter-2.9/src/protocol/mail/org/apache/jmeter/protocol/mail/sampler/MailFileFolder.java
  this(store,path.getFile())
/Users/lukeinkster/Documents/QualitasCorpus-20130901r/Systems/apache-jmeter-2.9/src/protocol/http/org/apache/jmeter/protocol/http/config/gui/HttpDefaultsGui.java
  init()
/Users/lukeinkster/Documents/QualitasCorpus-20130901r/Systems/apache-jmeter-2.9/src/core/org/apache/jmeter/config/Arguments.java
  setProperty(newCollectionProperty(ARGUMENTS,newArrayList<Argument>()))
/Users/lukeinkster/Documents/QualitasCorpus-20130901r/Systems/apache-jmeter-2.9/src/jorphan/org/apache/jorphan/collections/ListedHashTree.java
  this()
  data.put(key,newListedHashTree())
  order.add(key)
  this()
  this()
/Users/lukeinkster/Documents/QualitasCorpus-20130901r/Systems/apache-jmeter-2.9/src/core/org/apache/jmeter/control/gui/WhileControllerGui.java
  init()
/Users/lukeinkster/Documents/QualitasCorpus-20130901r/Systems/apache-jmeter-2.9/src/components/org/apache/jmeter/visualizers/Spline3.java
  System.arraycopy(r,0,_r,0,_r.length)
  this._n=n-2
/Users/lukeinkster/Documents/QualitasCorpus-20130901r/Systems/apache-jmeter-2.9/src/protocol/ldap/org/apache/jmeter/protocol/ldap/control/gui/LdapTestSamplerGui.java
  init()
/Users/lukeinkster/Documents/QualitasCorpus-20130901r/Systems/apache-jmeter-2.9/src/protocol/ldap/org/apache/jmeter/protocol/ldap/config/gui/LDAPArgumentsPanel.java
  this(JMeterUtils.getResString("paramtable"))
  init()
/Users/lukeinkster/Documents/QualitasCorpus-20130901r/Systems/apache-jmeter-2.9/src/protocol/http/org/apache/jmeter/protocol/http/gui/AuthPanel.java
  init()
  setOpaque(true)
  setBorder(myBorder)
/Users/lukeinkster/Documents/QualitasCorpus-20130901r/Systems/apache-log4j-1.2.16/src/main/java/org/apache/log4j/spi/RootCategory.java
  setLevel(level)
/Users/lukeinkster/Documents/QualitasCorpus-20130901r/Systems/apache-log4j-1.2.16/src/main/java/org/apache/log4j/lf5/viewer/LogTable.java
  init()
  setModel(newFilteredLogTableModel())
  rowSM.addListSelectionListener(newLogTableListSelectionListener(this))
/Users/lukeinkster/Documents/QualitasCorpus-20130901r/Systems/apache-log4j-1.2.16/contribs/KitchingSimon/DatagramStringWriter.java
  this(host,SYSLOG_PORT,null,null)
  this(host,port,null,null)
  this(host,port,null,null)
/Users/lukeinkster/Documents/QualitasCorpus-20130901r/Systems/apache-log4j-1.2.16/contribs/JamesHouse/LogTextPanelExample.java
  tpa.setThreshold(Priority.DEBUG)
  cat.addAppender(tpa)
  frame.validate()
  frame.setLocation((screenSize.width-frameSize.width)/2,(screenSize.height-frameSize.height)/2)
  frame.setVisible(true)
  enableEvents(AWTEvent.WINDOW_EVENT_MASK)
  contentPane.setLayout(newBorderLayout())
  this.setSize(newDimension(600,400))
  this.setTitle("LogTextPanel Example")
  contentPane.add(tpa.getLogTextPanel(),BorderLayout.CENTER)
  this.setPriority(Thread.NORM_PRIORITY-1)
  this.start()
/Users/lukeinkster/Documents/QualitasCorpus-20130901r/Systems/apache-log4j-1.2.16/src/main/java/org/apache/log4j/lf5/viewer/categoryexplorer/CategoryNodeRenderer.java
  _panel.setBackground(UIManager.getColor("Tree.textBackground"))
  setOpaque(false)
  _checkBox.setOpaque(false)
  _panel.setOpaque(false)
  _panel.setLayout(newFlowLayout(FlowLayout.LEFT,0,0))
  _panel.add(_checkBox)
  _panel.add(this)
  setOpenIcon(_sat)
  setClosedIcon(_sat)
  setLeafIcon(_sat)
/Users/lukeinkster/Documents/QualitasCorpus-20130901r/Systems/apache-log4j-1.2.16/src/main/java/org/apache/log4j/lf5/viewer/categoryexplorer/CategoryNodeEditor.java
  _checkBox.addActionListener(newActionListener(){publicvoidactionPerformed(ActionEvente){_categoryModel.update(_lastEditedNode,_checkBox.isSelected());stopCellEditing();}})
  _renderer.addMouseListener(newMouseAdapter(){publicvoidmousePressed(MouseEvente){if((e.getModifiers()&MouseEvent.BUTTON3_MASK)!=0){showPopup(_lastEditedNode,e.getX(),e.getY());}stopCellEditing();}})
/Users/lukeinkster/Documents/QualitasCorpus-20130901r/Systems/apache-log4j-1.2.16/contribs/KitchingSimon/DatagramStringAppender.java
  this.setDestination(DEFAULT_HOST,DEFAULT_PORT,DEFAULT_ENCODING)
  this.setLayout(layout)
  this.setDestination(DEFAULT_HOST,DEFAULT_PORT,DEFAULT_ENCODING)
  this.setLayout(layout)
  this.setDestination(host,port,DEFAULT_ENCODING)
  this.setLayout(layout)
  this.setDestination(host,port,encoding)
/Users/lukeinkster/Documents/QualitasCorpus-20130901r/Systems/apache-log4j-1.2.16/tests/src/java/org/apache/log4j/helpers/DateLayoutTest.java
  assertNotNull(pos)
  assertNotNull(date)
  assertNull(dateFormat)
/Users/lukeinkster/Documents/QualitasCorpus-20130901r/Systems/apache-log4j-1.2.16/src/main/java/org/apache/log4j/helpers/FileWatchdog.java
  setDaemon(true)
  checkAndConfigure()
/Users/lukeinkster/Documents/QualitasCorpus-20130901r/Systems/apache-log4j-1.2.16/contribs/VolkerMentzner/PluggableHTTPServer.java
  cat.setPriority(Priority.ERROR)
  this(DEFAULT_PORT)
/Users/lukeinkster/Documents/QualitasCorpus-20130901r/Systems/apache-log4j-1.2.16/src/main/java/org/apache/log4j/lf5/viewer/categoryexplorer/CategoryExplorerTree.java
  init()
  setModel(_model)
  init()
/Users/lukeinkster/Documents/QualitasCorpus-20130901r/Systems/apache-log4j-1.2.16/src/main/java/org/apache/log4j/spi/RootLogger.java
  setLevel(level)
/Users/lukeinkster/Documents/QualitasCorpus-20130901r/Systems/apache-log4j-1.2.16/src/main/java/org/apache/log4j/net/SyslogAppender.java
  this.initSyslogFacilityStr()
  this.initSyslogFacilityStr()
  this(layout,syslogFacility)
  setSyslogHost(syslogHost)
/Users/lukeinkster/Documents/QualitasCorpus-20130901r/Systems/apache-log4j-1.2.16/src/main/java/org/apache/log4j/helpers/PatternConverter.java
  min=fi.min
  max=fi.max
  leftAlign=fi.leftAlign
/Users/lukeinkster/Documents/QualitasCorpus-20130901r/Systems/apache-log4j-1.2.16/contribs/JamesHouse/TextPanelAppender.java
  setLogTextPanel(newLogTextPanel())
  this.start()
/Users/lukeinkster/Documents/QualitasCorpus-20130901r/Systems/apache-log4j-1.2.16/src/main/java/org/apache/log4j/config/PropertyPrinter.java
  this(out,false)
  print(out)
  out.flush()
/Users/lukeinkster/Documents/QualitasCorpus-20130901r/Systems/apache-log4j-1.2.16/contribs/VolkerMentzner/RootRequestHandler.java
  this.setTitle("root page")
  this.setDescription("root page")
  this.setHandledPath("/")
/Users/lukeinkster/Documents/QualitasCorpus-20130901r/Systems/apache-log4j-1.2.16/src/main/java/org/apache/log4j/lf5/viewer/configure/ConfigurationManager.java
  load()
/Users/lukeinkster/Documents/QualitasCorpus-20130901r/Systems/apache-log4j-1.2.16/tests/src/java/org/apache/log4j/MyPatternLayout.java
  this(DEFAULT_CONVERSION_PATTERN)
/Users/lukeinkster/Documents/QualitasCorpus-20130901r/Systems/apache-log4j-1.2.16/tests/src/java/org/apache/log4j/LogCapture.java
  root.addAppender(appender)
/Users/lukeinkster/Documents/QualitasCorpus-20130901r/Systems/apache-log4j-1.2.16/src/main/java/org/apache/log4j/net/ZeroConfSupport.java
  this(zone,port,name,newHashMap())
/Users/lukeinkster/Documents/QualitasCorpus-20130901r/Systems/apache-log4j-1.2.16/src/main/java/org/apache/log4j/spi/NOPLogger.java
  this.level=Level.OFF
  this.parent=this
/Users/lukeinkster/Documents/QualitasCorpus-20130901r/Systems/apache-log4j-1.2.16/src/main/java/org/apache/log4j/lf5/viewer/categoryexplorer/CategoryNode.java
  setUserObject(title)
/Users/lukeinkster/Documents/QualitasCorpus-20130901r/Systems/apache-log4j-1.2.16/src/main/java/org/apache/log4j/net/SocketAppender.java
  connect(address,port)
  this.address=getAddressByName(host)
  connect(address,port)
/Users/lukeinkster/Documents/QualitasCorpus-20130901r/Systems/apache-log4j-1.2.16/src/main/java/org/apache/log4j/WriterAppender.java
  this(layout,newOutputStreamWriter(os))
  this.setWriter(writer)
/Users/lukeinkster/Documents/QualitasCorpus-20130901r/Systems/apache-log4j-1.2.16/src/main/java/org/apache/log4j/lf5/util/LogFileParser.java
  this(newFileInputStream(file))
/Users/lukeinkster/Documents/QualitasCorpus-20130901r/Systems/apache-log4j-1.2.16/src/main/java/org/apache/log4j/TTCCLayout.java
  this.setDateFormat(RELATIVE_TIME_DATE_FORMAT,null)
  this.setDateFormat(dateFormatType)
/Users/lukeinkster/Documents/QualitasCorpus-20130901r/Systems/apache-log4j-1.2.16/src/main/java/org/apache/log4j/pattern/BridgePatternConverter.java
  PatternParser.parse(pattern,converters,fields,converterRegistry,PatternParser.getPatternLayoutRules())
/Users/lukeinkster/Documents/QualitasCorpus-20130901r/Systems/apache-log4j-1.2.16/src/main/java/org/apache/log4j/helpers/QuietWriter.java
  setErrorHandler(errorHandler)
/Users/lukeinkster/Documents/QualitasCorpus-20130901r/Systems/apache-log4j-1.2.16/src/main/java/org/apache/log4j/net/SocketHubAppender.java
  startServer()
  monitorThread.setDaemon(true)
  monitorThread.setName("SocketHubAppender-Monitor-"+port)
  monitorThread.start()
/Users/lukeinkster/Documents/QualitasCorpus-20130901r/Systems/apache-log4j-1.2.16/src/main/java/org/apache/log4j/helpers/DateTimeDateFormat.java
  this()
  setCalendar(Calendar.getInstance(timeZone))
/Users/lukeinkster/Documents/QualitasCorpus-20130901r/Systems/apache-log4j-1.2.16/src/main/java/org/apache/log4j/lf5/viewer/LogFactor5ErrorDialog.java
  ok.addActionListener(newActionListener(){publicvoidactionPerformed(ActionEvente){hide();}})
  bottom.setLayout(newFlowLayout())
  bottom.add(ok)
  main.setLayout(newGridBagLayout())
  wrapStringOnPanel(message,main)
  getContentPane().add(main,BorderLayout.CENTER)
  getContentPane().add(bottom,BorderLayout.SOUTH)
  show()
/Users/lukeinkster/Documents/QualitasCorpus-20130901r/Systems/apache-log4j-1.2.16/src/main/java/org/apache/log4j/lf5/util/DateFormatManager.java
  configure()
  configure()
  configure()
  configure()
  configure()
  configure()
  configure()
  configure()
/Users/lukeinkster/Documents/QualitasCorpus-20130901r/Systems/apache-log4j-1.2.16/src/main/java/org/apache/log4j/ConsoleAppender.java
  this(layout,SYSTEM_OUT)
  setLayout(layout)
  setTarget(target)
  activateOptions()
/Users/lukeinkster/Documents/QualitasCorpus-20130901r/Systems/apache-log4j-1.2.16/contribs/KevinSteppe/CompositeRollingAppender.java
  this(layout,filename,datePattern,true)
  activateOptions()
/Users/lukeinkster/Documents/QualitasCorpus-20130901r/Systems/apache-log4j-1.2.16/src/main/java/org/apache/log4j/chainsaw/ControlPanel.java
  setBorder(BorderFactory.createTitledBorder("Controls: "))
  setLayout(gridbag)
  c.anchor=GridBagConstraints.EAST
  gridbag.setConstraints(label,c)
  add(label)
  gridbag.setConstraints(label,c)
  add(label)
  gridbag.setConstraints(label,c)
  add(label)
  gridbag.setConstraints(label,c)
  add(label)
  gridbag.setConstraints(label,c)
  add(label)
  c.anchor=GridBagConstraints.WEST
  priorities.setSelectedItem(lowest)
  aModel.setPriorityFilter(lowest)
  gridbag.setConstraints(priorities,c)
  add(priorities)
  priorities.setEditable(false)
  priorities.addActionListener(newActionListener(){publicvoidactionPerformed(ActionEventaEvent){aModel.setPriorityFilter((Priority)priorities.getSelectedItem());}})
  c.fill=GridBagConstraints.HORIZONTAL
  threadField.getDocument().addDocumentListener(newDocumentListener(){publicvoidinsertUpdate(DocumentEventaEvent){aModel.setThreadFilter(threadField.getText());}publicvoidremoveUpdate(DocumentEventaEvente){aModel.setThreadFilter(threadField.getText());}publicvoidchangedUpdate(DocumentEventaEvent){aModel.setThreadFilter(threadField.getText());}})
  gridbag.setConstraints(threadField,c)
  add(threadField)
  catField.getDocument().addDocumentListener(newDocumentListener(){publicvoidinsertUpdate(DocumentEventaEvent){aModel.setCategoryFilter(catField.getText());}publicvoidremoveUpdate(DocumentEventaEvent){aModel.setCategoryFilter(catField.getText());}publicvoidchangedUpdate(DocumentEventaEvent){aModel.setCategoryFilter(catField.getText());}})
  gridbag.setConstraints(catField,c)
  add(catField)
  ndcField.getDocument().addDocumentListener(newDocumentListener(){publicvoidinsertUpdate(DocumentEventaEvent){aModel.setNDCFilter(ndcField.getText());}publicvoidremoveUpdate(DocumentEventaEvent){aModel.setNDCFilter(ndcField.getText());}publicvoidchangedUpdate(DocumentEventaEvent){aModel.setNDCFilter(ndcField.getText());}})
  gridbag.setConstraints(ndcField,c)
  add(ndcField)
  msgField.getDocument().addDocumentListener(newDocumentListener(){publicvoidinsertUpdate(DocumentEventaEvent){aModel.setMessageFilter(msgField.getText());}publicvoidremoveUpdate(DocumentEventaEvent){aModel.setMessageFilter(msgField.getText());}publicvoidchangedUpdate(DocumentEventaEvent){aModel.setMessageFilter(msgField.getText());}})
  gridbag.setConstraints(msgField,c)
  add(msgField)
  c.fill=GridBagConstraints.HORIZONTAL
  c.anchor=GridBagConstraints.EAST
  exitButton.setMnemonic('x')
  exitButton.addActionListener(ExitAction.INSTANCE)
  gridbag.setConstraints(exitButton,c)
  add(exitButton)
  clearButton.setMnemonic('c')
  clearButton.addActionListener(newActionListener(){publicvoidactionPerformed(ActionEventaEvent){aModel.clear();}})
  gridbag.setConstraints(clearButton,c)
  add(clearButton)
  toggleButton.setMnemonic('p')
  toggleButton.addActionListener(newActionListener(){publicvoidactionPerformed(ActionEventaEvent){aModel.toggle();toggleButton.setText(aModel.isPaused()?"Resume":"Pause");}})
  gridbag.setConstraints(toggleButton,c)
  add(toggleButton)
/Users/lukeinkster/Documents/QualitasCorpus-20130901r/Systems/apache-log4j-1.2.16/contribs/SvenReimers/gui/examples/TextPaneAppenderExample.java
  mainframe.setSize(300,300)
  createLogger()
  createMenuBar()
  mainframe.setVisible(true)
  mainframe.getContentPane().add(logview)
/Users/lukeinkster/Documents/QualitasCorpus-20130901r/Systems/apache-log4j-1.2.16/src/main/java/org/apache/log4j/AsyncAppender.java
  dispatcher.setDaemon(true)
  dispatcher.setName("AsyncAppender-Dispatcher-"+dispatcher.getName())
  dispatcher.start()
/Users/lukeinkster/Documents/QualitasCorpus-20130901r/Systems/apache-log4j-1.2.16/src/main/java/org/apache/log4j/lf5/util/LogMonitorAdapter.java
  _logMonitor.setFrameSize(getDefaultMonitorWidth(),getDefaultMonitorHeight())
  _logMonitor.setFontSize(12)
  _logMonitor.show()
/Users/lukeinkster/Documents/QualitasCorpus-20130901r/Systems/apache-log4j-1.2.16/contribs/SvenReimers/gui/TextPaneAppender.java
  this()
  setTextPane(newJTextPane())
  createAttributes()
  createIcons()
  setTextPane(newJTextPane())
  createAttributes()
  createIcons()
/Users/lukeinkster/Documents/QualitasCorpus-20130901r/Systems/apache-log4j-1.2.16/src/main/java/org/apache/log4j/pattern/LineSeparatorPatternConverter.java
  lineSep=Layout.LINE_SEP
/Users/lukeinkster/Documents/QualitasCorpus-20130901r/Systems/apache-log4j-1.2.16/contribs/SvenReimers/gui/JTableAppender.java
  this.setDefaultRenderer(Object.class,newRenderer())
  System.out.println("Render() called ----------------------")
/Users/lukeinkster/Documents/QualitasCorpus-20130901r/Systems/apache-log4j-1.2.16/contribs/SvenReimers/gui/JListView.java
  this.setCellRenderer(newMyCellRenderer())
  System.out.println("----------------------")
  t.start()
  setName("AddThread"+burst)
/Users/lukeinkster/Documents/QualitasCorpus-20130901r/Systems/apache-log4j-1.2.16/tests/src/java/org/apache/log4j/EnhancedMyPatternLayout.java
  this(DEFAULT_CONVERSION_PATTERN)
/Users/lukeinkster/Documents/QualitasCorpus-20130901r/Systems/apache-log4j-1.2.16/src/main/java/org/apache/log4j/chainsaw/Main.java
  setJMenuBar(menuBar)
  menuBar.add(menu)
  menu.add(exitMenuItem)
  exitMenuItem.addActionListener(ExitAction.INSTANCE)
  getContentPane().add(cp,BorderLayout.NORTH)
  table.setSelectionMode(ListSelectionModel.SINGLE_SELECTION)
  scrollPane.setBorder(BorderFactory.createTitledBorder("Events: "))
  scrollPane.setPreferredSize(newDimension(900,300))
  details.setPreferredSize(newDimension(900,300))
  getContentPane().add(jsp,BorderLayout.CENTER)
  addWindowListener(newWindowAdapter(){publicvoidwindowClosing(WindowEventaEvent){ExitAction.INSTANCE.actionPerformed(null);}})
  pack()
  setVisible(true)
  setupReceiver(model)
/Users/lukeinkster/Documents/QualitasCorpus-20130901r/Systems/apache-log4j-1.2.16/src/main/java/org/apache/log4j/FileAppender.java
  this.setFile(filename,append,bufferedIO,bufferSize)
  this.setFile(filename,append,false,bufferSize)
  this(layout,filename,true)
/Users/lukeinkster/Documents/QualitasCorpus-20130901r/Systems/apache-log4j-1.2.16/src/main/java/org/apache/log4j/lf5/LogRecord.java
  _level=LogLevel.INFO
  _sequenceNumber=getNextId()
/Users/lukeinkster/Documents/QualitasCorpus-20130901r/Systems/apache-log4j-1.2.16/src/main/java/org/apache/log4j/net/TelnetAppender.java
  setName("TelnetAppender-"+getName()+"-"+port)
/Users/lukeinkster/Documents/QualitasCorpus-20130901r/Systems/apache-log4j-1.2.16/examples/MyPatternLayout.java
  this(DEFAULT_CONVERSION_PATTERN)
/Users/lukeinkster/Documents/QualitasCorpus-20130901r/Systems/apache-log4j-1.2.16/contribs/VolkerMentzner/Log4jRequestHandler.java
  this.setTitle("log4j")
  this.setDescription("log4j configuration")
  this.setHandledPath("/log4j/")
/Users/lukeinkster/Documents/QualitasCorpus-20130901r/Systems/apache-log4j-1.2.16/src/main/java/org/apache/log4j/chainsaw/LoggingReceiver.java
  setDaemon(true)
/Users/lukeinkster/Documents/QualitasCorpus-20130901r/Systems/apache-log4j-1.2.16/contribs/CekiGulcu/AppenderTable.java
  this.setDefaultRenderer(Object.class,newRenderer())
/Users/lukeinkster/Documents/QualitasCorpus-20130901r/Systems/apache-log4j-1.2.16/src/main/java/org/apache/log4j/pattern/NameAbbreviator.java
  fragments.toArray(this.fragments)
/Users/lukeinkster/Documents/QualitasCorpus-20130901r/Systems/apache-log4j-1.2.16/src/main/java/org/apache/log4j/helpers/AbsoluteTimeDateFormat.java
  setCalendar(Calendar.getInstance())
  setCalendar(Calendar.getInstance(timeZone))
/Users/lukeinkster/Documents/QualitasCorpus-20130901r/Systems/apache-log4j-1.2.16/src/main/java/org/apache/log4j/lf5/LF5Appender.java
  this(getDefaultInstance())
/Users/lukeinkster/Documents/QualitasCorpus-20130901r/Systems/apache-log4j-1.2.16/src/main/java/org/apache/log4j/spi/LocationInfo.java
  appendFragment(buf,classname)
  buf.append(".")
  appendFragment(buf,method)
  buf.append("(")
  appendFragment(buf,file)
  buf.append(":")
  appendFragment(buf,line)
  buf.append(")")
/Users/lukeinkster/Documents/QualitasCorpus-20130901r/Systems/apache-log4j-1.2.16/tests/src/java/org/apache/log4j/LoggerTestCase.java
  addEventCount=removeEventCount=0
/Users/lukeinkster/Documents/QualitasCorpus-20130901r/Systems/apache-log4j-1.2.16/tests/src/java/org/apache/log4j/xml/XMLLayoutTestCase.java
  logger.info("in X() constructor")
/Users/lukeinkster/Documents/QualitasCorpus-20130901r/Systems/apache-log4j-1.2.16/src/main/java/org/apache/log4j/chainsaw/EventDetails.java
  this(aEvent.timeStamp,aEvent.getLevel(),aEvent.getLoggerName(),aEvent.getNDC(),aEvent.getThreadName(),aEvent.getRenderedMessage(),aEvent.getThrowableStrRep(),(aEvent.getLocationInformation()==null)?null:aEvent.getLocationInformation().fullInfo)
/Users/lukeinkster/Documents/QualitasCorpus-20130901r/Systems/apache-log4j-1.2.16/src/main/java/org/apache/log4j/chainsaw/DetailPanel.java
  setLayout(newBorderLayout())
  setBorder(BorderFactory.createTitledBorder("Details: "))
  mDetails.setEditable(false)
  mDetails.setContentType("text/html")
  add(newJScrollPane(mDetails),BorderLayout.CENTER)
  rowSM.addListSelectionListener(this)
/Users/lukeinkster/Documents/QualitasCorpus-20130901r/Systems/apache-log4j-1.2.16/src/main/java/org/apache/log4j/Dispatcher.java
  this.aai=container.aai
  this.setDaemon(true)
  this.setPriority(Thread.MIN_PRIORITY)
  this.setName("Dispatcher-"+getName())
/Users/lukeinkster/Documents/QualitasCorpus-20130901r/Systems/apache-log4j-1.2.16/src/main/java/org/apache/log4j/lf5/viewer/categoryexplorer/CategoryImmediateEditor.java
  renderer.setIcon(null)
  renderer.setLeafIcon(null)
  renderer.setOpenIcon(null)
  renderer.setClosedIcon(null)
/Users/lukeinkster/Documents/QualitasCorpus-20130901r/Systems/apache-log4j-1.2.16/src/main/java/org/apache/log4j/lf5/viewer/LogFactor5InputDialog.java
  this(jframe,title,label,SIZE)
  bottom.setLayout(newFlowLayout())
  main.setLayout(newFlowLayout())
  main.add(newJLabel(label))
  main.add(_textField)
  addKeyListener(newKeyAdapter(){publicvoidkeyPressed(KeyEvente){if(e.getKeyCode()==KeyEvent.VK_ENTER){hide();}}})
  ok.addActionListener(newActionListener(){publicvoidactionPerformed(ActionEvente){hide();}})
  cancel.addActionListener(newActionListener(){publicvoidactionPerformed(ActionEvente){hide();_textField.setText("");}})
  bottom.add(ok)
  bottom.add(cancel)
  getContentPane().add(main,BorderLayout.CENTER)
  getContentPane().add(bottom,BorderLayout.SOUTH)
  pack()
  centerWindow(this)
  show()
/Users/lukeinkster/Documents/QualitasCorpus-20130901r/Systems/apache-log4j-1.2.16/src/main/java/org/apache/log4j/chainsaw/LoadXMLAction.java
  mParser.setContentHandler(mHandler)
/Users/lukeinkster/Documents/QualitasCorpus-20130901r/Systems/apache-log4j-1.2.16/src/main/java/org/apache/log4j/ProvisionNode.java
  this.addElement(logger)
/Users/lukeinkster/Documents/QualitasCorpus-20130901r/Systems/apache-log4j-1.2.16/src/main/java/org/apache/log4j/jmx/HierarchyDynamicMBean.java
  buildDynamicMBeanInfo()
/Users/lukeinkster/Documents/QualitasCorpus-20130901r/Systems/apache-log4j-1.2.16/src/main/java/org/apache/log4j/lf5/viewer/LogFactor5LoadingDialog.java
  bottom.setLayout(newFlowLayout())
  main.setLayout(newGridBagLayout())
  wrapStringOnPanel(message,main)
  getContentPane().add(main,BorderLayout.CENTER)
  getContentPane().add(bottom,BorderLayout.SOUTH)
  show()
/Users/lukeinkster/Documents/QualitasCorpus-20130901r/Systems/apache-log4j-1.2.16/src/main/java/org/apache/log4j/lf5/viewer/configure/MRUFileManager.java
  load()
  setMaxSize(DEFAULT_MAX_SIZE)
  load()
  setMaxSize(maxSize)
/Users/lukeinkster/Documents/QualitasCorpus-20130901r/Systems/apache-log4j-1.2.16/src/main/java/org/apache/log4j/Hierarchy.java
  setThreshold(Level.ALL)
  this.root.setHierarchy(this)
/Users/lukeinkster/Documents/QualitasCorpus-20130901r/Systems/apache-log4j-1.2.16/src/main/java/org/apache/log4j/net/SMTPAppender.java
  this(newDefaultEvaluator())
/Users/lukeinkster/Documents/QualitasCorpus-20130901r/Systems/apache-log4j-1.2.16/contribs/VolkerMentzner/UserDialogRequestHandler.java
  this(null)
  this.setTitle("user dialog")
  this.setDescription("show user dialog")
  this.setHandledPath("/userdialog/")
/Users/lukeinkster/Documents/QualitasCorpus-20130901r/Systems/apache-log4j-1.2.16/src/main/java/org/apache/log4j/DailyRollingFileAppender.java
  activateOptions()
/Users/lukeinkster/Documents/QualitasCorpus-20130901r/Systems/apache-log4j-1.2.16/src/main/java/org/apache/log4j/nt/NTEventLogAppender.java
  this(null,null,null)
  this(null,source,null)
  this(server,source,null)
  this(null,null,layout)
  this(null,source,layout)
/Users/lukeinkster/Documents/QualitasCorpus-20130901r/Systems/apache-log4j-1.2.16/src/main/java/org/apache/log4j/jmx/AppenderDynamicMBean.java
  buildDynamicMBeanInfo()
/Users/lukeinkster/Documents/QualitasCorpus-20130901r/Systems/apache-log4j-1.2.16/src/main/java/org/apache/log4j/EnhancedPatternLayout.java
  this(DEFAULT_CONVERSION_PATTERN)
/Users/lukeinkster/Documents/QualitasCorpus-20130901r/Systems/apache-log4j-1.2.16/src/main/java/org/apache/log4j/chainsaw/MyTableModel.java
  t.setDaemon(true)
  t.start()
/Users/lukeinkster/Documents/QualitasCorpus-20130901r/Systems/apache-log4j-1.2.16/src/main/java/org/apache/log4j/pattern/CachedDateFormat.java
  previousTime=Long.MIN_VALUE
  slotBegin=Long.MIN_VALUE
/Users/lukeinkster/Documents/QualitasCorpus-20130901r/Systems/apache-log4j-1.2.16/src/main/java/org/apache/log4j/PatternLayout.java
  this(DEFAULT_CONVERSION_PATTERN)
/Users/lukeinkster/Documents/QualitasCorpus-20130901r/Systems/apache-log4j-1.2.16/src/main/java/org/apache/log4j/lf5/viewer/LogBrokerMonitor.java
  initComponents()
  _logMonitorFrame.addWindowListener(newLogBrokerMonitorWindowAdaptor(this))
/Users/lukeinkster/Documents/QualitasCorpus-20130901r/Systems/apache-log4j-1.2.16/src/main/java/org/apache/log4j/jmx/LayoutDynamicMBean.java
  buildDynamicMBeanInfo()
/Users/lukeinkster/Documents/QualitasCorpus-20130901r/Systems/apache-log4j-1.2.16/contribs/JamesHouse/LogTextPanel.java
  constructComponents()
  createDefaultFontAttributes()
/Users/lukeinkster/Documents/QualitasCorpus-20130901r/Systems/apache-log4j-1.2.16/src/main/java/org/apache/log4j/jmx/LoggerDynamicMBean.java
  buildDynamicMBeanInfo()
/Users/lukeinkster/Documents/QualitasCorpus-20130901r/Systems/apache-maven-3.0/maven-core/src/main/java/org/apache/maven/project/DuplicateProjectException.java
  this(null,null,null,message)
/Users/lukeinkster/Documents/QualitasCorpus-20130901r/Systems/apache-maven-3.0/maven-compat/src/main/java/org/apache/maven/repository/metadata/MetadataGraphVertex.java
  this(md)
/Users/lukeinkster/Documents/QualitasCorpus-20130901r/Systems/apache-maven-3.0/maven-embedder/src/main/java/org/apache/maven/cli/MavenCli.java
  this(null)
/Users/lukeinkster/Documents/QualitasCorpus-20130901r/Systems/apache-maven-3.0/maven-model-builder/src/main/java/org/apache/maven/model/interpolation/StringSearchModelInterpolator.java
  interpolationTargets.add(target)
/Users/lukeinkster/Documents/QualitasCorpus-20130901r/Systems/apache-maven-3.0/maven-settings-builder/src/main/java/org/apache/maven/settings/io/SettingsParseException.java
  initCause(cause)
/Users/lukeinkster/Documents/QualitasCorpus-20130901r/Systems/apache-maven-3.0/maven-core/src/main/java/org/apache/maven/project/ProjectModelResolver.java
  this.session=original.session
  this.resolver=original.resolver
  this.remoteRepositoryManager=original.remoteRepositoryManager
  this.pomRepositories=original.pomRepositories
  this.externalRepositories=original.externalRepositories
  this.repositories=original.repositories
  this.repositoryMerging=original.repositoryMerging
  this.modelPool=original.modelPool
/Users/lukeinkster/Documents/QualitasCorpus-20130901r/Systems/apache-maven-3.0/maven-embedder/src/main/java/org/apache/maven/cli/PrintStreamLogger.java
  setStream(out)
/Users/lukeinkster/Documents/QualitasCorpus-20130901r/Systems/apache-maven-3.0/maven-model-builder/src/main/java/org/apache/maven/model/resolution/UnresolvableModelException.java
  this.groupId=(groupId!=null)?groupId:""
  this.artifactId=(artifactId!=null)?artifactId:""
  this.version=(version!=null)?version:""
  this.groupId=(groupId!=null)?groupId:""
  this.artifactId=(artifactId!=null)?artifactId:""
  this.version=(version!=null)?version:""
/Users/lukeinkster/Documents/QualitasCorpus-20130901r/Systems/apache-maven-3.0/maven-compat/src/main/java/org/apache/maven/artifact/repository/DefaultArtifactRepository.java
  this(id,url,layout,null,null)
/Users/lukeinkster/Documents/QualitasCorpus-20130901r/Systems/apache-maven-3.0/maven-compat/src/main/java/org/apache/maven/project/InvalidProjectModelException.java
  this(projectId,message,newFile(pomLocation),validationResult)
  this(projectId,message,newFile(pomLocation))
/Users/lukeinkster/Documents/QualitasCorpus-20130901r/Systems/apache-maven-3.0/maven-settings-builder/src/main/java/org/apache/maven/settings/crypto/DefaultSettingsDecryptionResult.java
  this.servers=(servers!=null)?servers:newArrayList<Server>()
  this.proxies=(proxies!=null)?proxies:newArrayList<Proxy>()
  this.problems=(problems!=null)?problems:newArrayList<SettingsProblem>()
/Users/lukeinkster/Documents/QualitasCorpus-20130901r/Systems/apache-maven-3.0/maven-artifact/src/main/java/org/apache/maven/artifact/versioning/ComparableVersion.java
  parseVersion(version)
/Users/lukeinkster/Documents/QualitasCorpus-20130901r/Systems/apache-maven-3.0/maven-artifact/src/main/java/org/apache/maven/artifact/DefaultArtifact.java
  this(groupId,artifactId,VersionRange.createFromVersion(version),scope,type,classifier,artifactHandler,false)
  this(groupId,artifactId,versionRange,scope,type,classifier,artifactHandler,false)
  selectVersionFromNewRangeIfAvailable()
  validateIdentity()
/Users/lukeinkster/Documents/QualitasCorpus-20130901r/Systems/apache-maven-3.0/maven-core/src/main/java/org/apache/maven/artifact/resolver/filter/ScopeArtifactFilter.java
  addScopeInternal(scope)
/Users/lukeinkster/Documents/QualitasCorpus-20130901r/Systems/apache-maven-3.0/maven-core/src/main/java/org/apache/maven/execution/MavenSession.java
  this(container,request,result,Arrays.asList(newMavenProject[]{project}))
  this(container,settings,localRepository,eventDispatcher,unused,goals,executionRootDir,executionProperties,null,startTime)
  this.request.setUserProperties(userProperties)
  this.request.setLocalRepository(localRepository)
  this.request.setGoals(goals)
  this.request.setBaseDirectory((executionRootDir!=null)?newFile(executionRootDir):null)
  this.request.setStartTime(startTime)
  setProjects(projects)
/Users/lukeinkster/Documents/QualitasCorpus-20130901r/Systems/apache-maven-3.0/maven-model-builder/src/main/java/org/apache/maven/model/building/StringModelSource.java
  this(pom,null)
  this.pom=(pom!=null)?pom.toString():""
  this.location=(location!=null)?location:"(memory)"
/Users/lukeinkster/Documents/QualitasCorpus-20130901r/Systems/apache-maven-3.0/maven-core/src/main/java/org/apache/maven/project/ReactorModelPool.java
  this.groupId=(groupId!=null)?groupId:""
  this.artifactId=(artifactId!=null)?artifactId:""
  this.version=(version!=null)?version:""
/Users/lukeinkster/Documents/QualitasCorpus-20130901r/Systems/apache-maven-3.0/maven-compat/src/main/java/org/apache/maven/repository/metadata/MetadataTreeNode.java
  this(newArtifactMetadata(af),parent,resolved,scope)
/Users/lukeinkster/Documents/QualitasCorpus-20130901r/Systems/apache-maven-3.0/maven-settings-builder/src/main/java/org/apache/maven/settings/building/DefaultSettingsProblem.java
  this.severity=(severity!=null)?severity:Severity.ERROR
  this.source=(source!=null)?source:""
/Users/lukeinkster/Documents/QualitasCorpus-20130901r/Systems/apache-maven-3.0/maven-compat/src/main/java/org/apache/maven/repository/legacy/DefaultUpdateCheckManager.java
  enableLogging(logger)
/Users/lukeinkster/Documents/QualitasCorpus-20130901r/Systems/apache-maven-3.0/maven-core/src/main/java/org/apache/maven/artifact/repository/MavenArtifactRepository.java
  this.protocol=protocol(url)
  this.basedir=basedir(url)
/Users/lukeinkster/Documents/QualitasCorpus-20130901r/Systems/apache-maven-3.0/maven-core/src/main/java/org/apache/maven/lifecycle/LifecyclePhaseNotFoundException.java
  this.lifecyclePhase=(lifecyclePhase!=null)?lifecyclePhase:""
/Users/lukeinkster/Documents/QualitasCorpus-20130901r/Systems/apache-maven-3.0/maven-compat/src/main/java/org/apache/maven/repository/metadata/ClasspathContainer.java
  this(scope)
/Users/lukeinkster/Documents/QualitasCorpus-20130901r/Systems/apache-maven-3.0/maven-core/src/main/java/org/apache/maven/plugin/prefix/DefaultPluginPrefixRequest.java
  setPrefix(prefix)
  setRepositorySession(session.getRepositorySession())
  setPluginGroups(session.getPluginGroups())
/Users/lukeinkster/Documents/QualitasCorpus-20130901r/Systems/apache-maven-3.0/maven-aether-provider/src/main/java/org/apache/maven/repository/internal/DefaultModelResolver.java
  this.session=original.session
  this.context=original.context
  this.resolver=original.resolver
  this.remoteRepositoryManager=original.remoteRepositoryManager
  this.repositories=original.repositories
/Users/lukeinkster/Documents/QualitasCorpus-20130901r/Systems/apache-maven-3.0/maven-core/src/main/java/org/apache/maven/repository/LocalRepositoryNotAccessibleException.java
  initCause(cause)
/Users/lukeinkster/Documents/QualitasCorpus-20130901r/Systems/apache-maven-3.0/maven-artifact/src/main/java/org/apache/maven/artifact/versioning/DefaultArtifactVersion.java
  parseVersion(version)
/Users/lukeinkster/Documents/QualitasCorpus-20130901r/Systems/apache-maven-3.0/maven-core/src/main/java/org/apache/maven/artifact/resolver/ResolutionNode.java
  parents.addAll(parent.parents)
  parents.add(parent.getKey())
/Users/lukeinkster/Documents/QualitasCorpus-20130901r/Systems/apache-maven-3.0/maven-core/src/main/java/org/apache/maven/project/artifact/ActiveProjectArtifact.java
  artifact.setFile(project.getArtifact().getFile())
  artifact.setResolved(true)
/Users/lukeinkster/Documents/QualitasCorpus-20130901r/Systems/apache-maven-3.0/maven-artifact/src/main/java/org/apache/maven/artifact/resolver/ArtifactNotFoundException.java
  this(message,artifact.getGroupId(),artifact.getArtifactId(),artifact.getVersion(),artifact.getType(),artifact.getClassifier(),null,artifact.getDownloadUrl(),artifact.getDependencyTrail())
  this(message,artifact.getGroupId(),artifact.getArtifactId(),artifact.getVersion(),artifact.getType(),artifact.getClassifier(),remoteRepositories,artifact.getDownloadUrl(),artifact.getDependencyTrail(),cause)
/Users/lukeinkster/Documents/QualitasCorpus-20130901r/Systems/apache-maven-3.0/maven-model-builder/src/main/java/org/apache/maven/model/interpolation/AbstractStringBasedModelInterpolator.java
  interpolator=createInterpolator()
/Users/lukeinkster/Documents/QualitasCorpus-20130901r/Systems/apache-maven-3.0/maven-core/src/main/java/org/apache/maven/project/DefaultProjectBuildingResult.java
  this.projectId=(project!=null)?project.getGroupId()+':'+project.getArtifactId()+':'+project.getVersion():""
  this.pomFile=(project!=null)?project.getFile():null
  this.projectId=(projectId!=null)?projectId:""
/Users/lukeinkster/Documents/QualitasCorpus-20130901r/Systems/apache-maven-3.0/maven-core/src/main/java/org/apache/maven/repository/legacy/metadata/ArtifactMetadataRetrievalException.java
  this(message,null,null)
  this(null,cause,null)
  this(message,cause,null)
/Users/lukeinkster/Documents/QualitasCorpus-20130901r/Systems/apache-maven-3.0/maven-core/src/main/java/org/apache/maven/project/artifact/DefaultMavenMetadataCache.java
  this.repositories.add(localRepository)
  this.repositories.addAll(remoteRepositories)
/Users/lukeinkster/Documents/QualitasCorpus-20130901r/Systems/apache-maven-3.0/maven-compat/src/main/java/org/apache/maven/profiles/DefaultProfileManager.java
  this(container,null)
/Users/lukeinkster/Documents/QualitasCorpus-20130901r/Systems/apache-maven-3.0/maven-core/src/main/java/org/apache/maven/repository/legacy/metadata/ResolutionGroup.java
  this(pomArtifact,null,artifacts,null,resolutionRepositories)
/Users/lukeinkster/Documents/QualitasCorpus-20130901r/Systems/apache-maven-3.0/maven-core/src/main/java/org/apache/maven/project/DefaultProjectRealmCache.java
  this.extensionRealms=(extensionRealms!=null)?extensionRealms:Collections.<ClassRealm>emptyList()
/Users/lukeinkster/Documents/QualitasCorpus-20130901r/Systems/apache-maven-3.0/maven-core/src/main/java/org/apache/maven/plugin/DefaultPluginRealmCache.java
  this.parentImports=(parentImports!=null)?parentImports:Collections.<String>emptyList()
/Users/lukeinkster/Documents/QualitasCorpus-20130901r/Systems/apache-maven-3.0/maven-core/src/main/java/org/apache/maven/project/artifact/AttachedArtifact.java
  setDependencyTrail(Collections.singletonList(parent.getId()))
  this(parent,type,null,artifactHandler)
/Users/lukeinkster/Documents/QualitasCorpus-20130901r/Systems/apache-maven-3.0/maven-embedder/src/main/java/org/apache/maven/cli/AbstractMavenTransferListener.java
  this.out=(out!=null)?out:System.out
/Users/lukeinkster/Documents/QualitasCorpus-20130901r/Systems/apache-maven-3.0/maven-compat/src/main/java/org/apache/maven/repository/MetadataGraph.java
  this()
/Users/lukeinkster/Documents/QualitasCorpus-20130901r/Systems/apache-maven-3.0/maven-core/src/main/java/org/apache/maven/plugin/PluginParameterExpressionEvaluator.java
  this(session,mojoExecution)
  this(session,null)
/Users/lukeinkster/Documents/QualitasCorpus-20130901r/Systems/apache-maven-3.0/maven-core/src/main/java/org/apache/maven/project/artifact/ProjectArtifact.java
  setFile(project.getFile())
  setResolved(true)
/Users/lukeinkster/Documents/QualitasCorpus-20130901r/Systems/apache-maven-3.0/maven-compat/src/main/java/org/apache/maven/repository/metadata/MetadataGraph.java
  init(nVertices,2*nVertices)
  init(nVertices,nEdges)
  checkVertex(entry)
  checkVertices(1)
  entry.setCompareVersion(versionedVertices)
  entry.setCompareScope(scopedVertices)
  vertices.add(entry)
  this(tree,false,false)
  setVersionedVertices(versionedVertices)
  setScopedVertices(scopedVertices)
  this.versionedVertices=scopedVertices||versionedVertices
  init(count,count+(count/2))
  processTreeNodes(null,tree,0,0)
/Users/lukeinkster/Documents/QualitasCorpus-20130901r/Systems/apache-maven-3.0/maven-core/src/main/java/org/apache/maven/artifact/resolver/filter/CumulativeScopeArtifactFilter.java
  addScopes(scopes)
/Users/lukeinkster/Documents/QualitasCorpus-20130901r/Systems/apache-maven-3.0/maven-artifact/src/main/java/org/apache/maven/artifact/repository/ArtifactRepositoryPolicy.java
  this(true,null,null)
  this(policy.isEnabled(),policy.getUpdatePolicy(),policy.getChecksumPolicy())
/Users/lukeinkster/Documents/QualitasCorpus-20130901r/Systems/apache-maven-3.0/maven-aether-provider/src/main/java/org/apache/maven/repository/internal/VersionsMetadataGenerator.java
  this(session,request.getMetadata())
  this(session,request.getMetadata())
/Users/lukeinkster/Documents/QualitasCorpus-20130901r/Systems/apache-maven-3.0/maven-core/src/main/java/org/apache/maven/project/MavenProject.java
  model.setGroupId(EMPTY_PROJECT_GROUP_ID)
  model.setArtifactId(EMPTY_PROJECT_ARTIFACT_ID)
  model.setVersion(EMPTY_PROJECT_VERSION)
  setModel(model)
  setModel(model)
  deepCopy(project)
  setModel(model)
/Users/lukeinkster/Documents/QualitasCorpus-20130901r/Systems/apache-maven-3.0/maven-compat/src/main/java/org/apache/maven/repository/metadata/ArtifactMetadata.java
  this(groupId,name,version,null)
  this(groupId,name,version,type,null)
  this(groupId,name,version,type,artifactScope,null)
  this(groupId,name,version,type,artifactScope,classifier,null)
  this(groupId,name,version,type,artifactScope,classifier,artifactUri,null,true,null)
  this(groupId,name,version,type,scopeString==null?ArtifactScopeEnum.DEFAULT_SCOPE:ArtifactScopeEnum.valueOf(scopeString),classifier,artifactUri,why,resolved,error)
/Users/lukeinkster/Documents/QualitasCorpus-20130901r/Systems/apache-maven-3.0/maven-artifact/src/main/java/org/apache/maven/artifact/resolver/MultipleArtifactsNotFoundException.java
  this(originatingArtifact,newArrayList<Artifact>(),missingArtifacts,remoteRepositories)
/Users/lukeinkster/Documents/QualitasCorpus-20130901r/Systems/apache-maven-3.0/maven-core/src/test/java/org/apache/maven/repository/TestArtifactHandler.java
  this(type,type)
/Users/lukeinkster/Documents/QualitasCorpus-20130901r/Systems/apache-maven-3.0/maven-settings-builder/src/main/java/org/apache/maven/settings/building/DefaultSettingsProblemCollector.java
  this.problems=(problems!=null)?problems:newArrayList<SettingsProblem>()
/Users/lukeinkster/Documents/QualitasCorpus-20130901r/Systems/apache-maven-3.0/maven-core/src/main/java/org/apache/maven/DuplicateProjectException.java
  this.collisions=(collisions!=null)?collisions:newLinkedHashMap<String,List<File>>()
/Users/lukeinkster/Documents/QualitasCorpus-20130901r/Systems/apache-maven-3.0/maven-aether-provider/src/main/java/org/apache/maven/repository/internal/MavenRepositorySystemSession.java
  setMirrorSelector(newDefaultMirrorSelector())
  setAuthenticationSelector(newDefaultAuthenticationSelector())
  setProxySelector(newDefaultProxySelector())
  setDependencyTraverser(depTraverser)
  setDependencyManager(depManager)
  setDependencySelector(depFilter)
  setDependencyGraphTransformer(transformer)
  stereotypes.add(newDefaultArtifactType("pom"))
  stereotypes.add(newDefaultArtifactType("maven-plugin","jar","","java"))
  stereotypes.add(newDefaultArtifactType("jar","jar","","java"))
  stereotypes.add(newDefaultArtifactType("ejb","jar","","java"))
  stereotypes.add(newDefaultArtifactType("ejb-client","jar","client","java"))
  stereotypes.add(newDefaultArtifactType("test-jar","jar","tests","java"))
  stereotypes.add(newDefaultArtifactType("javadoc","jar","javadoc","java"))
  stereotypes.add(newDefaultArtifactType("java-source","jar","sources","java",false,false))
  stereotypes.add(newDefaultArtifactType("war","war","","java",false,true))
  stereotypes.add(newDefaultArtifactType("ear","ear","","java",false,true))
  stereotypes.add(newDefaultArtifactType("rar","rar","","java",false,true))
  stereotypes.add(newDefaultArtifactType("par","par","","java",false,true))
  setArtifactTypeRegistry(stereotypes)
  setIgnoreInvalidArtifactDescriptor(true)
  setIgnoreMissingArtifactDescriptor(true)
  setSystemProps(System.getProperties())
  setConfigProps(System.getProperties())
/Users/lukeinkster/Documents/QualitasCorpus-20130901r/Systems/apache-maven-3.0/maven-compat/src/main/java/org/apache/maven/repository/UserLocalArtifactRepository.java
  setLayout(localRepository.getLayout())
/Users/lukeinkster/Documents/QualitasCorpus-20130901r/Systems/apache-maven-3.0/maven-model-builder/src/main/java/org/apache/maven/model/building/DefaultModelProblem.java
  this(message,severity,ModelProblemUtils.toPath(source),lineNumber,columnNumber,ModelProblemUtils.toId(source),exception)
  this.severity=(severity!=null)?severity:Severity.ERROR
  this.source=(source!=null)?source:""
  this.modelId=(modelId!=null)?modelId:""
/Users/lukeinkster/Documents/QualitasCorpus-20130901r/Systems/apache-maven-3.0/maven-core/src/main/java/org/apache/maven/project/DefaultDependencyResolutionRequest.java
  setMavenProject(project)
  setRepositorySession(session)
/Users/lukeinkster/Documents/QualitasCorpus-20130901r/Systems/apache-maven-3.0/maven-core/src/main/java/org/apache/maven/lifecycle/internal/BuildLogItem.java
  this(upstreamProject,null,null,null,message)
/Users/lukeinkster/Documents/QualitasCorpus-20130901r/Systems/apache-maven-3.0/maven-core/src/main/java/org/apache/maven/project/ReactorModelCache.java
  this.groupId=(groupId!=null)?groupId:""
  this.artifactId=(artifactId!=null)?artifactId:""
  this.version=(version!=null)?version:""
  this.tag=(tag!=null)?tag:""
/Users/lukeinkster/Documents/QualitasCorpus-20130901r/Systems/apache-maven-3.0/maven-compat/src/main/java/org/apache/maven/repository/MetadataGraphNode.java
  this()
/Users/lukeinkster/Documents/QualitasCorpus-20130901r/Systems/apache-maven-3.0/maven-core/src/main/java/org/apache/maven/repository/ArtifactTransferEvent.java
  setEventType(eventType)
  setRequestType(requestType)
  this(wagon,TRANSFER_ERROR,requestType,artifact)
/Users/lukeinkster/Documents/QualitasCorpus-20130901r/Systems/apache-maven-3.0/maven-core/src/main/java/org/apache/maven/lifecycle/LifecycleExecutionException.java
  this(createMessage(execution,project,cause),execution,project,cause)
/Users/lukeinkster/Documents/QualitasCorpus-20130901r/Systems/apache-maven-3.0/maven-core/src/main/java/org/apache/maven/plugin/internal/WagonExcluder.java
  this(false)
/Users/lukeinkster/Documents/QualitasCorpus-20130901r/Systems/apache-maven-3.0/maven-settings-builder/src/main/java/org/apache/maven/settings/crypto/DefaultSettingsDecryptionRequest.java
  setServers(settings.getServers())
  setProxies(settings.getProxies())
/Users/lukeinkster/Documents/QualitasCorpus-20130901r/Systems/apache-maven-3.0/maven-core/src/main/java/org/apache/maven/artifact/resolver/ArtifactResolutionRequest.java
  setLocalRepository(request.getLocalRepository())
  setRemoteRepositories(request.getRemoteRepositories())
  setOffline(request.isOffline())
  setForceUpdate(request.isForceUpdate())
/Users/lukeinkster/Documents/QualitasCorpus-20130901r/Systems/apache-maven-3.0/maven-model-builder/src/main/java/org/apache/maven/model/building/ModelBuildingException.java
  this.modelId=(modelId!=null)?modelId:""
/Users/lukeinkster/Documents/QualitasCorpus-20130901r/Systems/apache-maven-3.0/maven-core/src/main/java/org/apache/maven/toolchain/DefaultToolchain.java
  this(model,logger)
/Users/lukeinkster/Documents/QualitasCorpus-20130901r/Systems/apache-maven-3.0/maven-core/src/main/java/org/apache/maven/project/artifact/PluginArtifact.java
  setFile(pluginArtifact.getFile())
  setResolved(true)
/Users/lukeinkster/Documents/QualitasCorpus-20130901r/Systems/apache-maven-3.0/maven-core/src/main/java/org/apache/maven/artifact/repository/DefaultRepositoryRequest.java
  setLocalRepository(repositoryRequest.getLocalRepository())
  setRemoteRepositories(repositoryRequest.getRemoteRepositories())
  setOffline(repositoryRequest.isOffline())
  setForceUpdate(repositoryRequest.isForceUpdate())
/Users/lukeinkster/Documents/QualitasCorpus-20130901r/Systems/apache-maven-3.0/maven-core/src/main/java/org/apache/maven/exception/ExceptionSummary.java
  this(exception,message,reference,null)
  this.message=(message!=null)?message:""
  this.reference=(reference!=null)?reference:""
  this.children=(children!=null)?children:Collections.<ExceptionSummary>emptyList()
/Users/lukeinkster/Documents/QualitasCorpus-20130901r/Systems/apache-maven-3.0/maven-embedder/src/main/java/org/apache/maven/cli/CLIManager.java
  options.addOption(OptionBuilder.withLongOpt("file").hasArg().withDescription("Force the use of an alternate POM file.").create(ALTERNATE_POM_FILE))
  options.addOption(OptionBuilder.withLongOpt("define").hasArg().withDescription("Define a system property").create(SET_SYSTEM_PROPERTY))
  options.addOption(OptionBuilder.withLongOpt("offline").withDescription("Work offline").create(OFFLINE))
  options.addOption(OptionBuilder.withLongOpt("help").withDescription("Display help information").create(HELP))
  options.addOption(OptionBuilder.withLongOpt("version").withDescription("Display version information").create(VERSION))
  options.addOption(OptionBuilder.withLongOpt("quiet").withDescription("Quiet output - only show errors").create(QUIET))
  options.addOption(OptionBuilder.withLongOpt("debug").withDescription("Produce execution debug output").create(DEBUG))
  options.addOption(OptionBuilder.withLongOpt("errors").withDescription("Produce execution error messages").create(ERRORS))
  options.addOption(OptionBuilder.withLongOpt("non-recursive").withDescription("Do not recurse into sub-projects").create(NON_RECURSIVE))
  options.addOption(OptionBuilder.withLongOpt("update-snapshots").withDescription("Forces a check for updated releases and snapshots on remote repositories").create(UPDATE_SNAPSHOTS))
  options.addOption(OptionBuilder.withLongOpt("activate-profiles").withDescription("Comma-delimited list of profiles to activate").hasArg().create(ACTIVATE_PROFILES))
  options.addOption(OptionBuilder.withLongOpt("batch-mode").withDescription("Run in non-interactive (batch) mode").create(BATCH_MODE))
  options.addOption(OptionBuilder.withLongOpt("no-snapshot-updates").withDescription("Supress SNAPSHOT updates").create(SUPRESS_SNAPSHOT_UPDATES))
  options.addOption(OptionBuilder.withLongOpt("strict-checksums").withDescription("Fail the build if checksums don't match").create(CHECKSUM_FAILURE_POLICY))
  options.addOption(OptionBuilder.withLongOpt("lax-checksums").withDescription("Warn if checksums don't match").create(CHECKSUM_WARNING_POLICY))
  options.addOption(OptionBuilder.withLongOpt("settings").withDescription("Alternate path for the user settings file").hasArg().create(ALTERNATE_USER_SETTINGS))
  options.addOption(OptionBuilder.withLongOpt("global-settings").withDescription("Alternate path for the global settings file").hasArg().create(ALTERNATE_GLOBAL_SETTINGS))
  options.addOption(OptionBuilder.withLongOpt("toolchains").withDescription("Alternate path for the user toolchains file").hasArg().create(ALTERNATE_USER_TOOLCHAINS))
  options.addOption(OptionBuilder.withLongOpt("fail-fast").withDescription("Stop at first failure in reactorized builds").create(FAIL_FAST))
  options.addOption(OptionBuilder.withLongOpt("fail-at-end").withDescription("Only fail the build afterwards; allow all non-impacted builds to continue").create(FAIL_AT_END))
  options.addOption(OptionBuilder.withLongOpt("fail-never").withDescription("NEVER fail the build, regardless of project result").create(FAIL_NEVER))
  options.addOption(OptionBuilder.withLongOpt("resume-from").hasArg().withDescription("Resume reactor from specified project").create(RESUME_FROM))
  options.addOption(OptionBuilder.withLongOpt("projects").withDescription("Build specified reactor projects instead of all projects. A project can be specified by [groupId]:artifactId or by its relative path.").hasArg().create(PROJECT_LIST))
  options.addOption(OptionBuilder.withLongOpt("also-make").withDescription("If project list is specified, also build projects required by the list").create(ALSO_MAKE))
  options.addOption(OptionBuilder.withLongOpt("also-make-dependents").withDescription("If project list is specified, also build projects that depend on projects on the list").create(ALSO_MAKE_DEPENDENTS))
  options.addOption(OptionBuilder.withLongOpt("log-file").hasArg().withDescription("Log file to where all build output will go.").create(LOG_FILE))
  options.addOption(OptionBuilder.withLongOpt("show-version").withDescription("Display version information WITHOUT stopping build").create(SHOW_VERSION))
  options.addOption(OptionBuilder.withLongOpt("encrypt-master-password").hasArg().withDescription("Encrypt master security password").create(ENCRYPT_MASTER_PASSWORD))
  options.addOption(OptionBuilder.withLongOpt("encrypt-password").hasArg().withDescription("Encrypt server password").create(ENCRYPT_PASSWORD))
  options.addOption(OptionBuilder.withLongOpt("threads").hasArg().withDescription("Thread count, for instance 2.0C where C is core multiplied").create(THREADS))
  options.addOption(OptionBuilder.withLongOpt("no-plugin-registry").withDescription("Ineffective, only kept for backward compatibility").create("npr"))
  options.addOption(OptionBuilder.withLongOpt("check-plugin-updates").withDescription("Ineffective, only kept for backward compatibility").create("cpu"))
  options.addOption(OptionBuilder.withLongOpt("update-plugins").withDescription("Ineffective, only kept for backward compatibility").create("up"))
  options.addOption(OptionBuilder.withLongOpt("no-plugin-updates").withDescription("Ineffective, only kept for backward compatibility").create("npu"))
/Users/lukeinkster/Documents/QualitasCorpus-20130901r/Systems/apache-maven-3.0/maven-model-builder/src/main/java/org/apache/maven/model/building/DefaultModelBuildingRequest.java
  setPomFile(request.getPomFile())
  setModelSource(request.getModelSource())
  setValidationLevel(request.getValidationLevel())
  setProcessPlugins(request.isProcessPlugins())
  setTwoPhaseBuilding(request.isTwoPhaseBuilding())
  setProfiles(request.getProfiles())
  setActiveProfileIds(request.getActiveProfileIds())
  setInactiveProfileIds(request.getInactiveProfileIds())
  setSystemProperties(request.getSystemProperties())
  setUserProperties(request.getUserProperties())
  setBuildStartTime(request.getBuildStartTime())
  setModelResolver(request.getModelResolver())
  setModelBuildingListener(request.getModelBuildingListener())
  setModelCache(request.getModelCache())
/Users/lukeinkster/Documents/QualitasCorpus-20130901r/Systems/apache-maven-3.0/maven-settings-builder/src/main/java/org/apache/maven/settings/building/DefaultSettingsBuildingResult.java
  this.problems=(problems!=null)?problems:newArrayList<SettingsProblem>()
/Users/lukeinkster/Documents/QualitasCorpus-20130901r/Systems/apache-maven-3.0/maven-core/src/main/java/org/apache/maven/lifecycle/LifecycleNotFoundException.java
  this.lifecycleId=(lifecycleId!=null)?lifecycleId:""
/Users/lukeinkster/Documents/QualitasCorpus-20130901r/Systems/apache-maven-3.0/maven-core/src/main/java/org/apache/maven/artifact/repository/metadata/io/MetadataParseException.java
  initCause(cause)
/Users/lukeinkster/Documents/QualitasCorpus-20130901r/Systems/apache-maven-3.0/maven-aether-provider/src/main/java/org/apache/maven/repository/internal/DefaultVersionResolver.java
  this.timestamp=(timestamp!=null)?timestamp:""
/Users/lukeinkster/Documents/QualitasCorpus-20130901r/Systems/apache-maven-3.0/maven-core/src/test/java/org/apache/maven/AbstractCoreMavenComponentTestCase.java
  model.setModelVersion("4.0.0")
  model.setGroupId(groupId)
  model.setArtifactId(artifactId)
  model.setVersion(version)
  model.setBuild(newBuild())
  plugin.setGroupId(groupId)
  plugin.setArtifactId(artifactId)
  plugin.setVersion(version)
/Users/lukeinkster/Documents/QualitasCorpus-20130901r/Systems/apache-maven-3.0/maven-aether-provider/src/main/java/org/apache/maven/repository/internal/DefaultServiceLocator.java
  addService(ArtifactDescriptorReader.class,DefaultArtifactDescriptorReader.class)
  addService(VersionResolver.class,DefaultVersionResolver.class)
  addService(VersionRangeResolver.class,DefaultVersionRangeResolver.class)
  addService(MetadataGeneratorFactory.class,SnapshotMetadataGeneratorFactory.class)
  addService(MetadataGeneratorFactory.class,VersionsMetadataGeneratorFactory.class)
/Users/lukeinkster/Documents/QualitasCorpus-20130901r/Systems/apache-maven-3.0/maven-core/src/main/java/org/apache/maven/plugin/version/DefaultPluginVersionRequest.java
  setGroupId(plugin.getGroupId())
  setArtifactId(plugin.getArtifactId())
  setRepositorySession(session.getRepositorySession())
  setGroupId(plugin.getGroupId())
  setArtifactId(plugin.getArtifactId())
  setRepositorySession(session)
  setRepositories(repositories)
/Users/lukeinkster/Documents/QualitasCorpus-20130901r/Systems/apache-maven-3.0/maven-model-builder/src/main/java/org/apache/maven/model/building/DefaultModelProblemCollector.java
  this.problems=(problems!=null)?problems:newArrayList<ModelProblem>()
/Users/lukeinkster/Documents/QualitasCorpus-20130901r/Systems/apache-maven-3.0/maven-compat/src/main/java/org/apache/maven/project/interpolation/StringSearchModelInterpolator.java
  interpolationTargets.add(target)
/Users/lukeinkster/Documents/QualitasCorpus-20130901r/Systems/apache-maven-3.0/maven-core/src/main/java/org/apache/maven/project/DefaultProjectBuildingRequest.java
  this()
  setProcessPlugins(request.isProcessPlugins())
  setProfiles(request.getProfiles())
  setActiveProfileIds(request.getActiveProfileIds())
  setInactiveProfileIds(request.getInactiveProfileIds())
  setSystemProperties(request.getSystemProperties())
  setUserProperties(request.getUserProperties())
  setRemoteRepositories(request.getRemoteRepositories())
  setPluginArtifactRepositories(request.getPluginArtifactRepositories())
  setRepositorySession(request.getRepositorySession())
  setLocalRepository(request.getLocalRepository())
  setBuildStartTime(request.getBuildStartTime())
  setProject(request.getProject())
  setResolveDependencies(request.isResolveDependencies())
  setValidationLevel(request.getValidationLevel())
/Users/lukeinkster/Documents/QualitasCorpus-20130901r/Systems/apache-maven-3.0/maven-compat/src/main/java/org/apache/maven/repository/metadata/MetadataRetrievalException.java
  this(message,null,null)
  this(null,cause,null)
  this(message,cause,null)
/Users/lukeinkster/Documents/QualitasCorpus-20130901r/Systems/apache-maven-3.0/maven-model-builder/src/main/java/org/apache/maven/model/io/ModelParseException.java
  initCause(cause)
/Users/lukeinkster/Documents/QualitasCorpus-20130901r/Systems/apache-maven-3.0/maven-artifact/src/main/java/org/apache/maven/artifact/resolver/AbstractArtifactResolutionException.java
  this(message,groupId,artifactId,version,type,classifier,remoteRepositories,path,null)
  this.path=constructArtifactPath(path,"")
  this(message,artifact,null)
  this(message,artifact,remoteRepositories,null)
  this(message,artifact.getGroupId(),artifact.getArtifactId(),artifact.getVersion(),artifact.getType(),artifact.getClassifier(),remoteRepositories,artifact.getDependencyTrail(),t)
/Users/lukeinkster/Documents/QualitasCorpus-20130901r/Systems/apache-maven-3.0/maven-model-builder/src/main/java/org/apache/maven/model/building/ModelData.java
  setGroupId(groupId)
  setArtifactId(artifactId)
  setVersion(version)
/Users/lukeinkster/Documents/QualitasCorpus-20130901r/Systems/apache-maven-3.0/maven-plugin-api/src/main/java/org/apache/maven/plugin/descriptor/MojoDescriptor.java
  setInstantiationStrategy(DEFAULT_INSTANTIATION_STRATEGY)
  setComponentFactory(DEFAULT_LANGUAGE)
/Users/lukeinkster/Documents/QualitasCorpus-20130901r/Systems/apache-maven-3.0/maven-core/src/main/java/org/apache/maven/project/artifact/ProjectArtifactMetadata.java
  this(artifact,null)
/Users/lukeinkster/Documents/QualitasCorpus-20130901r/Systems/apache-maven-3.0/maven-core/src/main/java/org/apache/maven/lifecycle/internal/ThreadOutputMuxer.java
  setNext()
  System.setOut(newThreadBoundPrintStream(this.originalSystemOUtStream))
  newThread(printer).start()
  printer.waitUntilRunning(true)
/Users/lukeinkster/Documents/QualitasCorpus-20130901r/Systems/apache-maven-3.0/maven-core/src/main/java/org/apache/maven/artifact/repository/metadata/ArtifactRepositoryMetadata.java
  this(artifact,null)
/Users/lukeinkster/Documents/QualitasCorpus-20130901r/Systems/apache-maven-3.0/maven-aether-provider/src/main/java/org/apache/maven/repository/internal/RelocatedArtifact.java
  this.groupId=(groupId!=null&&groupId.length()>0)?groupId:null
  this.artifactId=(artifactId!=null&&artifactId.length()>0)?artifactId:null
  this.version=(version!=null&&version.length()>0)?version:null
/Users/lukeinkster/Documents/QualitasCorpus-20130901r/Systems/apache-maven-3.0/maven-compat/src/test/java/org/apache/maven/artifact/testutils/TestFileManager.java
  initializeCleanupMonitoring()
/Users/lukeinkster/Documents/QualitasCorpus-20130901r/Systems/apache-maven-3.0/maven-compat/src/main/java/org/apache/maven/repository/metadata/MetadataResolution.java
  this(artifactMetadata)
/Users/lukeinkster/Documents/QualitasCorpus-20130901r/Systems/apache-roller-src-4.0.1/apps/planet/src/java/org/apache/roller/planet/util/rome/PlanetRSS091UParser.java
  this("rss_0.91U")
/Users/lukeinkster/Documents/QualitasCorpus-20130901r/Systems/apache-roller-src-4.0.1/contrib/plugins/src/org/apache/roller/ui/rendering/plugins/TextilePlugin.java
  mLogger.debug("Textile Plugin instantiated.")
/Users/lukeinkster/Documents/QualitasCorpus-20130901r/Systems/apache-roller-src-4.0.1/apps/weblogger/src/java/org/apache/roller/weblogger/business/jpa/JPAPropertiesManagerImpl.java
  log.debug("Instantiating JPA Properties Manager")
/Users/lukeinkster/Documents/QualitasCorpus-20130901r/Systems/apache-roller-src-4.0.1/apps/planet/src/java/org/apache/roller/planet/business/jpa/JPAPropertiesManagerImpl.java
  log.debug("Instantiating JPA Properties Manager")
/Users/lukeinkster/Documents/QualitasCorpus-20130901r/Systems/apache-roller-src-4.0.1/apps/weblogger/src/java/org/apache/roller/weblogger/ui/rendering/pagers/WeblogEntriesLatestPager.java
  getEntries()
/Users/lukeinkster/Documents/QualitasCorpus-20130901r/Systems/apache-roller-src-4.0.1/apps/weblogger/src/java/org/apache/roller/weblogger/ui/rendering/util/cache/PlanetCache.java
  cacheProps.put("id",CACHE_ID)
  log.info("Planet cache = "+cacheProps)
/Users/lukeinkster/Documents/QualitasCorpus-20130901r/Systems/apache-roller-src-4.0.1/apps/weblogger/src/java/org/apache/roller/weblogger/webservices/adminprotocol/Authenticator.java
  setRequest(req)
  setRoller(WebloggerFactory.getWeblogger())
/Users/lukeinkster/Documents/QualitasCorpus-20130901r/Systems/apache-roller-src-4.0.1/apps/weblogger/src/java/org/apache/roller/weblogger/webservices/adminprotocol/sdk/WeblogEntry.java
  populate(e,urlPrefix)
  populate(e,urlPrefix)
  setHref(href)
  setHandle(handle)
/Users/lukeinkster/Documents/QualitasCorpus-20130901r/Systems/apache-roller-src-4.0.1/apps/weblogger/src/java/org/apache/roller/weblogger/ui/rendering/pagers/WeblogEntriesDayPager.java
  getEntries()
  day=parseDate(dateString)
  cal.setTime(day)
  cal.add(Calendar.DAY_OF_MONTH,1)
  cal.set(Calendar.HOUR,0)
  cal.set(Calendar.MINUTE,0)
  cal.set(Calendar.SECOND,0)
  cal.setTime(day)
  cal.add(Calendar.DAY_OF_MONTH,-1)
  cal.set(Calendar.HOUR,23)
  cal.set(Calendar.MINUTE,59)
  cal.set(Calendar.SECOND,59)
/Users/lukeinkster/Documents/QualitasCorpus-20130901r/Systems/apache-roller-src-4.0.1/apps/planet/src/java/org/apache/roller/planet/business/DatabaseProvider.java
  successMessage("SUCCESS: Got parameters. Using configuration type "+type)
/Users/lukeinkster/Documents/QualitasCorpus-20130901r/Systems/apache-roller-src-4.0.1/apps/weblogger/src/java/org/apache/roller/weblogger/business/jpa/JPARefererManagerImpl.java
  log.debug("Instantiating JPA Referer Manager")
/Users/lukeinkster/Documents/QualitasCorpus-20130901r/Systems/apache-roller-src-4.0.1/apps/weblogger/src/java/org/apache/roller/weblogger/ui/rendering/pagers/CommentsPager.java
  getItems()
/Users/lukeinkster/Documents/QualitasCorpus-20130901r/Systems/apache-roller-src-4.0.1/apps/weblogger/src/java/org/apache/roller/weblogger/util/GenericThrottle.java
  cacheProps.put("id","throttle")
  cacheProps.put("size",""+maxEntries)
  cacheProps.put("timeout",""+this.interval)
/Users/lukeinkster/Documents/QualitasCorpus-20130901r/Systems/apache-roller-src-4.0.1/apps/weblogger/src/java/org/apache/roller/weblogger/business/jpa/JPABookmarkManagerImpl.java
  log.debug("Instantiating JPA Bookmark Manager")
/Users/lukeinkster/Documents/QualitasCorpus-20130901r/Systems/apache-roller-src-4.0.1/apps/weblogger/src/java/org/apache/roller/weblogger/ui/rendering/pagers/AbstractWeblogEntriesPager.java
  this.offset=length*page
/Users/lukeinkster/Documents/QualitasCorpus-20130901r/Systems/apache-roller-src-4.0.1/apps/planet/src/java/org/apache/roller/planet/util/rome/PlanetConverterForRSS20.java
  this("rss_2.0")
/Users/lukeinkster/Documents/QualitasCorpus-20130901r/Systems/apache-roller-src-4.0.1/apps/weblogger/src/java/org/apache/roller/weblogger/ui/rendering/util/cache/SiteWideCache.java
  cacheProps.put("id",CACHE_ID)
  log.info(cacheProps)
/Users/lukeinkster/Documents/QualitasCorpus-20130901r/Systems/apache-roller-src-4.0.1/apps/weblogger/src/java/org/apache/roller/weblogger/ui/rendering/velocity/deprecated/OldFeedRequest.java
  mLogger.debug("parsing url "+request.getRequestURL())
/Users/lukeinkster/Documents/QualitasCorpus-20130901r/Systems/apache-roller-src-4.0.1/apps/planet/src/java/org/apache/roller/planet/util/rome/PlanetRSS091NParser.java
  this("rss_0.91N")
/Users/lukeinkster/Documents/QualitasCorpus-20130901r/Systems/apache-roller-src-4.0.1/apps/planet/src/java/org/apache/roller/planet/ui/rendering/util/PlanetGroupRequest.java
  log.debug("parsing path "+myPathInfo)
/Users/lukeinkster/Documents/QualitasCorpus-20130901r/Systems/apache-roller-src-4.0.1/apps/planet/src/java/org/apache/roller/planet/util/rome/PlanetConverterForRSS091N.java
  this("rss_0.91N")
/Users/lukeinkster/Documents/QualitasCorpus-20130901r/Systems/apache-roller-src-4.0.1/apps/planet/src/java/org/apache/roller/planet/util/rome/PlanetConverterForRSS091U.java
  this("rss_0.91U")
/Users/lukeinkster/Documents/QualitasCorpus-20130901r/Systems/apache-roller-src-4.0.1/apps/weblogger/src/java/org/apache/roller/weblogger/ui/core/plugins/UIPluginManagerImpl.java
  loadEntryEditorClasses()
/Users/lukeinkster/Documents/QualitasCorpus-20130901r/Systems/apache-roller-src-4.0.1/apps/planet/src/java/org/apache/roller/planet/util/Technorati.java
  this(key)
  System.setProperty("proxySet","true")
  System.setProperty("http.proxyHost",proxy)
  System.setProperty("http.proxyPort",Integer.toString(proxyPort))
  this()
  System.setProperty("proxySet","true")
  System.setProperty("http.proxyHost",proxy)
  System.setProperty("http.proxyPort",Integer.toString(proxyPort))
  args.put("url",url)
  args.put("type",type)
  args.put("format","xml")
  args.put("key",mKey)
  mName=getString(elem,"name")
  mUrl=getString(elem,"url")
  mRssurl=getString(elem,"rssurl")
  mLastupdate=getString(elem,"lastupdate")
  mNearestpermalink=getString(elem,"nearestpermalink")
  mExcerpt=getString(elem,"excerpt")
/Users/lukeinkster/Documents/QualitasCorpus-20130901r/Systems/apache-roller-src-4.0.1/apps/weblogger/src/java/org/apache/roller/weblogger/ui/rendering/util/cache/WeblogPageCache.java
  cacheProps.put("id",CACHE_ID)
  log.info(cacheProps)
/Users/lukeinkster/Documents/QualitasCorpus-20130901r/Systems/apache-roller-src-4.0.1/apps/weblogger/src/java/org/apache/roller/weblogger/ui/rendering/velocity/deprecated/OldCommentsRequest.java
  log.debug("parsing url "+request.getRequestURL())
/Users/lukeinkster/Documents/QualitasCorpus-20130901r/Systems/apache-roller-src-4.0.1/apps/weblogger/src/java/org/apache/roller/weblogger/ui/rendering/pagers/WeblogEntriesListPager.java
  getItems()
/Users/lukeinkster/Documents/QualitasCorpus-20130901r/Systems/apache-roller-src-4.0.1/apps/weblogger/src/java/org/apache/roller/weblogger/webservices/adminprotocol/sdk/Service.java
  setHref(href)
  populate(d)
  populate(d)
/Users/lukeinkster/Documents/QualitasCorpus-20130901r/Systems/apache-roller-src-4.0.1/apps/planet/src/java/org/apache/roller/planet/ui/rendering/util/PlanetGroupFeedRequest.java
  log.debug("parsing path "+pathInfo)
/Users/lukeinkster/Documents/QualitasCorpus-20130901r/Systems/apache-roller-src-4.0.1/apps/weblogger/src/java/org/apache/roller/weblogger/ui/rendering/pagers/UsersPager.java
  getItems()
  getItems()
/Users/lukeinkster/Documents/QualitasCorpus-20130901r/Systems/apache-roller-src-4.0.1/apps/weblogger/src/java/org/apache/roller/weblogger/ui/rendering/pagers/WeblogEntriesPermalinkPager.java
  getEntries()
/Users/lukeinkster/Documents/QualitasCorpus-20130901r/Systems/apache-roller-src-4.0.1/apps/weblogger/src/java/org/apache/roller/weblogger/webservices/adminprotocol/AppUrl.java
  handle=parseHandle(url)
/Users/lukeinkster/Documents/QualitasCorpus-20130901r/Systems/apache-roller-src-4.0.1/apps/weblogger/src/java/org/apache/roller/weblogger/ui/rendering/pagers/PlanetEntriesPager.java
  getItems()
/Users/lukeinkster/Documents/QualitasCorpus-20130901r/Systems/apache-roller-src-4.0.1/apps/weblogger/src/java/org/apache/roller/weblogger/business/plugins/PluginManagerImpl.java
  loadPagePluginClasses()
  loadCommentPlugins()
/Users/lukeinkster/Documents/QualitasCorpus-20130901r/Systems/apache-roller-src-4.0.1/apps/weblogger/src/java/org/apache/roller/weblogger/ui/rendering/util/PlanetRequest.java
  log.debug("parsing url "+request.getRequestURL())
/Users/lukeinkster/Documents/QualitasCorpus-20130901r/Systems/apache-roller-src-4.0.1/apps/weblogger/src/java/org/apache/roller/weblogger/util/cache/CachedContent.java
  this(size)
/Users/lukeinkster/Documents/QualitasCorpus-20130901r/Systems/apache-roller-src-4.0.1/apps/weblogger/src/java/org/apache/roller/weblogger/business/themes/SharedThemeFromDir.java
  loadThemeFromDisk()
/Users/lukeinkster/Documents/QualitasCorpus-20130901r/Systems/apache-roller-src-4.0.1/apps/weblogger/src/java/org/apache/roller/weblogger/business/plugins/entry/SearchPluginBase.java
  mLogger=getLogger()
/Users/lukeinkster/Documents/QualitasCorpus-20130901r/Systems/apache-roller-src-4.0.1/apps/weblogger/src/java/org/apache/roller/weblogger/business/plugins/entry/ConvertLineBreaksPlugin.java
  mLogger.debug("Instantiating ConvertLineBreaksPlugin v"+this.version)
/Users/lukeinkster/Documents/QualitasCorpus-20130901r/Systems/apache-roller-src-4.0.1/apps/weblogger/src/java/org/apache/roller/weblogger/util/MediacastResource.java
  this.setUrl(u)
  this.setContentType(c)
  this.setLength(l)
/Users/lukeinkster/Documents/QualitasCorpus-20130901r/Systems/apache-roller-src-4.0.1/apps/weblogger/src/java/org/apache/roller/weblogger/pojos/WeblogEntry.java
  this.setData(otherData)
/Users/lukeinkster/Documents/QualitasCorpus-20130901r/Systems/apache-roller-src-4.0.1/apps/weblogger/src/java/org/apache/roller/weblogger/ui/core/filters/CompressionFilter.java
  intStream=System.out
/Users/lukeinkster/Documents/QualitasCorpus-20130901r/Systems/apache-roller-src-4.0.1/apps/weblogger/src/java/org/apache/roller/weblogger/business/plugins/entry/SmileysPlugin.java
  log.debug("SmileysPlugin instantiated.")
/Users/lukeinkster/Documents/QualitasCorpus-20130901r/Systems/apache-roller-src-4.0.1/apps/planet/src/java/org/apache/roller/planet/business/jpa/JPAPlanetManagerImpl.java
  log.debug("Instantiating JPA Planet Manager")
/Users/lukeinkster/Documents/QualitasCorpus-20130901r/Systems/apache-roller-src-4.0.1/apps/weblogger/src/java/org/apache/roller/weblogger/business/plugins/entry/ObfuscateEmailPlugin.java
  mLogger.debug("ObfuscateEmailPlugin instantiated.")
/Users/lukeinkster/Documents/QualitasCorpus-20130901r/Systems/apache-roller-src-4.0.1/apps/planet/src/java/org/apache/roller/planet/ui/rendering/util/PlanetRequest.java
  log.debug("parsing path "+path)
/Users/lukeinkster/Documents/QualitasCorpus-20130901r/Systems/apache-roller-src-4.0.1/apps/planet/src/java/org/apache/roller/planet/ui/rendering/util/PlanetGroupPageRequest.java
  log.debug("parsing path "+pathInfo)
/Users/lukeinkster/Documents/QualitasCorpus-20130901r/Systems/apache-roller-src-4.0.1/apps/planet/src/java/org/apache/roller/planet/ui/rendering/util/PlanetGroupOpmlRequest.java
  log.debug("parsing path "+pathInfo)
/Users/lukeinkster/Documents/QualitasCorpus-20130901r/Systems/apache-roller-src-4.0.1/apps/weblogger/src/java/org/apache/roller/weblogger/util/IPBanList.java
  log.debug("INIT")
  this.myLastModified=lastModified()
/Users/lukeinkster/Documents/QualitasCorpus-20130901r/Systems/apache-roller-src-4.0.1/apps/weblogger/src/java/org/apache/roller/weblogger/webservices/adminprotocol/sdk/UserEntrySet.java
  setHref(urlPrefix+"/"+Types.USERS)
  populate(d,urlPrefix)
  populate(d,urlPrefix)
/Users/lukeinkster/Documents/QualitasCorpus-20130901r/Systems/apache-roller-src-4.0.1/apps/weblogger/src/java/org/apache/roller/weblogger/ui/rendering/util/WeblogPageRequest.java
  log.debug("parsing path "+pathInfo)
  customParams.remove("entry")
  customParams.remove("anchor")
  customParams.remove("date")
  customParams.remove("cat")
  customParams.remove("page")
  customParams.remove("tags")
/Users/lukeinkster/Documents/QualitasCorpus-20130901r/Systems/apache-roller-src-4.0.1/apps/weblogger/src/java/org/apache/roller/weblogger/business/startup/StartupException.java
  this.startupLog=Collections.EMPTY_LIST
  this.startupLog=Collections.EMPTY_LIST
/Users/lukeinkster/Documents/QualitasCorpus-20130901r/Systems/apache-roller-src-4.0.1/apps/weblogger/src/java/org/apache/roller/weblogger/pojos/StatCount.java
  this.setSubjectId(subjectId)
  this.setSubjectNameShort(subjectNameShort)
  this.setSubjectNameLong(subjectNameLong)
  this.setTypeKey(typeKey)
  this.setCount(count)
/Users/lukeinkster/Documents/QualitasCorpus-20130901r/Systems/apache-roller-src-4.0.1/apps/weblogger/src/java/org/apache/roller/weblogger/business/jpa/JPAUserManagerImpl.java
  log.debug("Instantiating JPA User Manager")
/Users/lukeinkster/Documents/QualitasCorpus-20130901r/Systems/apache-roller-src-4.0.1/apps/weblogger/src/java/org/apache/roller/weblogger/ui/rendering/pagers/WeblogEntriesMonthPager.java
  getEntries()
  month=parseDate(dateString)
  cal.setTime(month)
  cal.add(Calendar.MONTH,1)
  cal.setTime(month)
  cal.add(Calendar.MONTH,-1)
/Users/lukeinkster/Documents/QualitasCorpus-20130901r/Systems/apache-roller-src-4.0.1/apps/weblogger/src/java/org/apache/roller/weblogger/business/DatabaseProvider.java
  successMessage("SUCCESS: Got parameters. Using configuration type "+type)
/Users/lukeinkster/Documents/QualitasCorpus-20130901r/Systems/apache-roller-src-4.0.1/apps/weblogger/src/java/org/apache/roller/weblogger/business/search/IndexManagerImpl.java
  mLogger.info("search enabled: "+this.searchEnabled)
  mLogger.info("index dir: "+this.indexDir)
/Users/lukeinkster/Documents/QualitasCorpus-20130901r/Systems/apache-roller-src-4.0.1/apps/weblogger/src/java/org/apache/roller/weblogger/ui/struts2/editor/Members.java
  log.debug("Instantiating members action")
/Users/lukeinkster/Documents/QualitasCorpus-20130901r/Systems/apache-roller-src-4.0.1/apps/weblogger/src/java/org/apache/roller/weblogger/webservices/adminprotocol/Handler.java
  auth.authenticate()
  setUserName(auth.getUserName())
/Users/lukeinkster/Documents/QualitasCorpus-20130901r/Systems/apache-roller-src-4.0.1/apps/weblogger/src/java/org/apache/roller/weblogger/ui/rendering/velocity/deprecated/OldPageRequest.java
  mLogger.debug("parsing url "+request.getRequestURL())
/Users/lukeinkster/Documents/QualitasCorpus-20130901r/Systems/apache-roller-src-4.0.1/apps/weblogger/src/java/org/apache/roller/weblogger/business/startup/SQLScriptRunner.java
  log.debug("instantiated")
  in.close()
  this(newFileInputStream(scriptPath))
/Users/lukeinkster/Documents/QualitasCorpus-20130901r/Systems/apache-roller-src-4.0.1/apps/weblogger/src/java/org/apache/roller/weblogger/webservices/adminprotocol/sdk/MemberEntry.java
  populate(e,urlPrefix)
  setHref(href)
  setHandle(handle)
  setName(userName)
  populate(e,urlPrefix)
/Users/lukeinkster/Documents/QualitasCorpus-20130901r/Systems/apache-roller-src-4.0.1/apps/weblogger/src/java/org/apache/roller/weblogger/business/plugins/entry/AcronymsPlugin.java
  mLogger.debug("AcronymsPlugin instantiated.")
/Users/lukeinkster/Documents/QualitasCorpus-20130901r/Systems/apache-roller-src-4.0.1/apps/weblogger/src/java/org/apache/roller/weblogger/ui/struts2/util/KeyValueObject.java
  this.setKey(key)
  this.setValue(value)
/Users/lukeinkster/Documents/QualitasCorpus-20130901r/Systems/apache-roller-src-4.0.1/apps/weblogger/src/java/org/apache/roller/weblogger/webservices/adminprotocol/sdk/WeblogEntrySet.java
  setHref(urlPrefix+"/"+Types.WEBLOGS)
  populate(d,urlPrefix)
  populate(d,urlPrefix)
/Users/lukeinkster/Documents/QualitasCorpus-20130901r/Systems/apache-roller-src-4.0.1/apps/weblogger/src/java/org/apache/roller/weblogger/business/referrers/ReferrerQueueManagerImpl.java
  mLogger.info("Instantiating Referrer Queue Manager")
  mLogger.info("Asynchronous referrer processing = "+this.asyncMode)
/Users/lukeinkster/Documents/QualitasCorpus-20130901r/Systems/apache-roller-src-4.0.1/apps/weblogger/src/java/org/apache/roller/weblogger/webservices/adminprotocol/sdk/MemberEntrySet.java
  setHref(urlPrefix+"/"+Types.MEMBERS)
  populate(d,urlPrefix)
  populate(d,urlPrefix)
/Users/lukeinkster/Documents/QualitasCorpus-20130901r/Systems/apache-roller-src-4.0.1/apps/weblogger/src/java/org/apache/roller/weblogger/ui/rendering/pagers/WeblogsPager.java
  getItems()
  getItems()
/Users/lukeinkster/Documents/QualitasCorpus-20130901r/Systems/apache-roller-src-4.0.1/apps/weblogger/src/java/org/apache/roller/weblogger/business/HitCountQueue.java
  worker.start()
/Users/lukeinkster/Documents/QualitasCorpus-20130901r/Systems/apache-roller-src-4.0.1/contrib/plugins/src/org/apache/roller/ui/rendering/plugins/ReadMorePlugin.java
  log.debug("ReadMorePlugin instantiated.")
/Users/lukeinkster/Documents/QualitasCorpus-20130901r/Systems/apache-roller-src-4.0.1/apps/weblogger/src/java/org/apache/roller/weblogger/business/plugins/entry/BookmarkPlugin.java
  mLogger.debug("BookmarkPlugin instantiated.")
/Users/lukeinkster/Documents/QualitasCorpus-20130901r/Systems/apache-roller-src-4.0.1/apps/weblogger/src/java/org/apache/roller/weblogger/business/jpa/JPAThreadManagerImpl.java
  log.debug("Instantiating JPA Thread Manager")
/Users/lukeinkster/Documents/QualitasCorpus-20130901r/Systems/apache-roller-src-4.0.1/apps/weblogger/src/java/org/apache/roller/weblogger/webservices/adminprotocol/sdk/UserEntry.java
  setName(name)
  setHref(href)
  populate(e,urlPrefix)
  populate(e,urlPrefix)
/Users/lukeinkster/Documents/QualitasCorpus-20130901r/Systems/apache-roller-src-4.0.1/apps/weblogger/src/java/org/apache/roller/weblogger/ui/rendering/util/WeblogFeedRequest.java
  log.debug("parsing path "+pathInfo)
/Users/lukeinkster/Documents/QualitasCorpus-20130901r/Systems/apache-roller-src-4.0.1/apps/weblogger/test/java/org/apache/roller/weblogger/webservices/adminapi/HandlerBaseTest.java
  this(status,null)
/Users/lukeinkster/Documents/QualitasCorpus-20130901r/Systems/apache-roller-src-4.0.1/apps/weblogger/src/java/org/apache/roller/weblogger/business/jpa/JPAWeblogManagerImpl.java
  log.debug("Instantiating JPA Weblog Manager")
/Users/lukeinkster/Documents/QualitasCorpus-20130901r/Systems/apache-roller-src-4.0.1/apps/weblogger/src/java/org/apache/roller/weblogger/ui/rendering/plugins/comments/CommentValidationManager.java
  log.info("Configured "+validators.size()+" CommentValidators")
/Users/lukeinkster/Documents/QualitasCorpus-20130901r/Systems/apache-roller-src-4.0.1/apps/planet/src/java/org/apache/roller/planet/ui/rendering/pagers/PlanetEntriesPager.java
  getItems()
/Users/lukeinkster/Documents/QualitasCorpus-20130901r/Systems/apache-roller-src-4.0.1/apps/planet/src/java/org/apache/roller/planet/business/startup/StartupException.java
  this.startupLog=Collections.EMPTY_LIST
  this.startupLog=Collections.EMPTY_LIST
/Users/lukeinkster/Documents/QualitasCorpus-20130901r/Systems/apache-roller-src-4.0.1/apps/weblogger/src/java/org/apache/roller/weblogger/ui/rendering/util/cache/WeblogFeedCache.java
  cacheProps.put("id",CACHE_ID)
  log.info(cacheProps)
/Users/lukeinkster/Documents/QualitasCorpus-20130901r/Systems/apache-roller-src-4.0.1/apps/weblogger/src/java/org/apache/roller/weblogger/business/runnable/ThreadManagerImpl.java
  log.info("Instantiating Thread Manager")
/Users/lukeinkster/Documents/QualitasCorpus-20130901r/Systems/apache-roller-src-4.0.1/apps/weblogger/src/java/org/apache/roller/weblogger/ui/rendering/util/WeblogRequest.java
  log.debug("parsing path "+path)
/Users/lukeinkster/Documents/QualitasCorpus-20130901r/Systems/apache-roller-src-4.0.1/apps/weblogger/src/java/org/apache/roller/weblogger/ui/rendering/util/WeblogResourceRequest.java
  log.debug("parsing path "+pathInfo)
/Users/lukeinkster/Documents/QualitasCorpus-20130901r/Systems/apache-tomcat-7.0.2/webapps/examples/WEB-INF/classes/num/NumberGuessBean.java
  reset()
/Users/lukeinkster/Documents/QualitasCorpus-20130901r/Systems/apache-tomcat-7.0.2/webapps/examples/WEB-INF/classes/dates/JspCalendar.java
  calendar.setTime(trialTime)
/Users/lukeinkster/Documents/QualitasCorpus-20130901r/Systems/apache-tomcat-7.0.2/webapps/examples/WEB-INF/classes/async/AsyncStockServlet.java
  System.out.println("AsyncStockServlet created")
/Users/lukeinkster/Documents/QualitasCorpus-20130901r/Systems/apache-tomcat-7.0.2/webapps/examples/WEB-INF/classes/cal/JspCalendar.java
  calendar.setTime(trialTime)
/Users/lukeinkster/Documents/QualitasCorpus-20130901r/Systems/apache-tomcat-7.0.2-src/java/org/apache/naming/resources/RecyclableNamingEnumeration.java
  recycle()
/Users/lukeinkster/Documents/QualitasCorpus-20130901r/Systems/apache-tomcat-7.0.2-src/java/org/apache/catalina/startup/HostRuleSet.java
  this("")
/Users/lukeinkster/Documents/QualitasCorpus-20130901r/Systems/apache-tomcat-7.0.2-src/java/org/apache/jasper/compiler/Generator.java
  this(null,null)
/Users/lukeinkster/Documents/QualitasCorpus-20130901r/Systems/apache-tomcat-7.0.2-src/java/org/apache/tomcat/util/digester/SetPropertyRule.java
  this(name,value)
/Users/lukeinkster/Documents/QualitasCorpus-20130901r/Systems/apache-tomcat-7.0.2-src/java/org/apache/jasper/compiler/JavacErrorDetail.java
  this(javaFileName,javaLineNum,errMsg)
/Users/lukeinkster/Documents/QualitasCorpus-20130901r/Systems/apache-tomcat-7.0.2-src/java/org/apache/coyote/ajp/AjpAprProcessor.java
  request.setInputBuffer(newSocketInputBuffer())
  response.setHook(this)
  response.setOutputBuffer(newSocketOutputBuffer())
  request.setResponse(response)
  getBodyMessage.reset()
  getBodyMessage.appendByte(Constants.JK_AJP13_GET_BODY_CHUNK)
  getBodyMessage.appendInt(Constants.MAX_READ_SIZE+packetSize-Constants.MAX_PACKET_SIZE)
  getBodyMessage.end()
  getBodyMessageBuffer.put(getBodyMessage.getBuffer(),0,getBodyMessage.getLen())
  inputBuffer.limit(0)
  HexUtils.load()
  HttpMessages.getMessage(200)
/Users/lukeinkster/Documents/QualitasCorpus-20130901r/Systems/apache-tomcat-7.0.2-src/java/org/apache/catalina/tribes/membership/McastServiceImpl.java
  init()
  setName("Tribes-MembershipReceiver")
  setName("Tribes-MembershipSender")
/Users/lukeinkster/Documents/QualitasCorpus-20130901r/Systems/apache-tomcat-7.0.2-src/java/org/apache/catalina/valves/AccessLogValve.java
  dayFormatter.setTimeZone(tz)
  monthFormatter.setTimeZone(tz)
  yearFormatter.setTimeZone(tz)
  timeFormatter.setTimeZone(tz)
/Users/lukeinkster/Documents/QualitasCorpus-20130901r/Systems/apache-tomcat-7.0.2-src/java/org/apache/jasper/compiler/PageInfo.java
  imports.addAll(Constants.STANDARD_IMPORTS)
/Users/lukeinkster/Documents/QualitasCorpus-20130901r/Systems/apache-tomcat-7.0.2-src/java/org/apache/catalina/core/ApplicationContext.java
  populateSessionTrackingModes()
  uriCC.setLimit(-1)
/Users/lukeinkster/Documents/QualitasCorpus-20130901r/Systems/apache-tomcat-7.0.2-src/java/org/apache/tomcat/util/bcel/classfile/ConstantNameAndType.java
  this(file.readUnsignedShort(),file.readUnsignedShort())
/Users/lukeinkster/Documents/QualitasCorpus-20130901r/Systems/apache-tomcat-7.0.2-src/java/org/apache/jasper/runtime/BodyContentImpl.java
  bufferSize=Constants.DEFAULT_TAG_BUFFER_SIZE
/Users/lukeinkster/Documents/QualitasCorpus-20130901r/Systems/apache-tomcat-7.0.2-src/java/org/apache/catalina/loader/WebappClassLoader.java
  this.parent=getParent()
  system=getSystemClassLoader()
  this.parent=getParent()
  system=getSystemClassLoader()
/Users/lukeinkster/Documents/QualitasCorpus-20130901r/Systems/apache-tomcat-7.0.2-src/java/org/apache/tomcat/util/digester/ObjectCreateRule.java
  this(className,(String)null)
  this(clazz.getName(),(String)null)
  this(clazz.getName(),attributeName)
/Users/lukeinkster/Documents/QualitasCorpus-20130901r/Systems/apache-tomcat-7.0.2-src/java/org/apache/catalina/util/StringParser.java
  this(null)
  setString(string)
/Users/lukeinkster/Documents/QualitasCorpus-20130901r/Systems/apache-tomcat-7.0.2-src/java/org/apache/tomcat/util/bcel/classfile/ConstantString.java
  this(file.readUnsignedShort())
/Users/lukeinkster/Documents/QualitasCorpus-20130901r/Systems/apache-tomcat-7.0.2-src/java/org/apache/tomcat/util/buf/C2BConverter.java
  this(newByteChunk(1024),encoding)
/Users/lukeinkster/Documents/QualitasCorpus-20130901r/Systems/apache-tomcat-7.0.2-src/java/org/apache/tomcat/util/bcel/classfile/Deprecated.java
  this(name_index,length,(byte[])null,constant_pool)
/Users/lukeinkster/Documents/QualitasCorpus-20130901r/Systems/apache-tomcat-7.0.2-src/java/org/apache/tomcat/util/bcel/classfile/ExceptionTable.java
  setExceptionIndexTable(exception_index_table)
  this(name_index,length,(int[])null,constant_pool)
/Users/lukeinkster/Documents/QualitasCorpus-20130901r/Systems/apache-tomcat-7.0.2-src/java/org/apache/catalina/servlets/CGIServlet.java
  setupFromContext(context)
  setupFromRequest(req)
  this.valid=setCGIEnvironment(req)
  updateReadyStatus()
/Users/lukeinkster/Documents/QualitasCorpus-20130901r/Systems/apache-tomcat-7.0.2-src/java/org/apache/jasper/compiler/PageDataImpl.java
  page.visit(firstPass)
  page.visit(secondPass)
  this.rootAttrs.addAttribute("","","version","CDATA",JSP_VERSION)
/Users/lukeinkster/Documents/QualitasCorpus-20130901r/Systems/apache-tomcat-7.0.2-src/java/org/apache/catalina/tribes/group/RpcChannel.java
  channel.addChannelListener(this)
/Users/lukeinkster/Documents/QualitasCorpus-20130901r/Systems/apache-tomcat-7.0.2-src/test/org/apache/catalina/filters/TestRemoteIpFilter.java
  setCoyoteRequest(neworg.apache.coyote.Request())
  setConnector(newConnector())
/Users/lukeinkster/Documents/QualitasCorpus-20130901r/Systems/apache-tomcat-7.0.2-src/java/org/apache/coyote/ajp/AjpProtocol.java
  setSoLinger(Constants.DEFAULT_CONNECTION_LINGER)
  setSoTimeout(Constants.DEFAULT_CONNECTION_TIMEOUT)
  setTcpNoDelay(Constants.DEFAULT_TCP_NO_DELAY)
/Users/lukeinkster/Documents/QualitasCorpus-20130901r/Systems/apache-tomcat-7.0.2-src/java/org/apache/catalina/tribes/transport/nio/ParallelNioSender.java
  setConnected(true)
/Users/lukeinkster/Documents/QualitasCorpus-20130901r/Systems/apache-tomcat-7.0.2-src/java/org/apache/catalina/startup/ContextRuleSet.java
  this("")
/Users/lukeinkster/Documents/QualitasCorpus-20130901r/Systems/apache-tomcat-7.0.2-src/java/org/apache/naming/SelectorContext.java
  this(env)
/Users/lukeinkster/Documents/QualitasCorpus-20130901r/Systems/apache-tomcat-7.0.2-src/java/org/apache/catalina/ssi/SSIMediator.java
  setConfigTimeFmt(DEFAULT_CONFIG_TIME_FMT,true)
/Users/lukeinkster/Documents/QualitasCorpus-20130901r/Systems/apache-tomcat-7.0.2-src/java/org/apache/jasper/compiler/TagPluginManager.java
  n.setAtETag(curNodes)
  n.setAtSTag(curNodes)
  n.setUseTagPlugin(true)
/Users/lukeinkster/Documents/QualitasCorpus-20130901r/Systems/apache-tomcat-7.0.2-src/java/org/apache/el/parser/TokenMgrError.java
  this(LexicalError(EOFSeen,lexState,errorLine,errorColumn,errorAfter,curChar),reason)
/Users/lukeinkster/Documents/QualitasCorpus-20130901r/Systems/apache-tomcat-7.0.2-src/java/org/apache/catalina/startup/Catalina.java
  setSecurityProtection()
/Users/lukeinkster/Documents/QualitasCorpus-20130901r/Systems/apache-tomcat-7.0.2-src/java/org/apache/catalina/tribes/group/GroupChannel.java
  addInterceptor(this)
  this.setPriority(MIN_PRIORITY)
  setName("GroupChannel-Heartbeat-"+inc())
  setDaemon(true)
/Users/lukeinkster/Documents/QualitasCorpus-20130901r/Systems/apache-tomcat-7.0.2-src/java/org/apache/catalina/startup/TldRuleSet.java
  this("")
/Users/lukeinkster/Documents/QualitasCorpus-20130901r/Systems/apache-tomcat-7.0.2-src/java/org/apache/catalina/core/ApplicationResponse.java
  this(response,false)
  setIncluded(included)
/Users/lukeinkster/Documents/QualitasCorpus-20130901r/Systems/apache-tomcat-7.0.2-src/java/org/apache/tomcat/util/bcel/classfile/LineNumber.java
  this(file.readUnsignedShort(),file.readUnsignedShort())
/Users/lukeinkster/Documents/QualitasCorpus-20130901r/Systems/apache-tomcat-7.0.2-src/java/org/apache/catalina/util/CharsetMapper.java
  this(DEFAULT_RESOURCE)
/Users/lukeinkster/Documents/QualitasCorpus-20130901r/Systems/apache-tomcat-7.0.2-src/test/org/apache/catalina/tribes/test/channel/TestUdpPackages.java
  Arrays.fill(nrs,0)
/Users/lukeinkster/Documents/QualitasCorpus-20130901r/Systems/apache-tomcat-7.0.2-src/test/org/apache/catalina/tribes/test/channel/TestMulticastPackages.java
  Arrays.fill(nrs,0)
/Users/lukeinkster/Documents/QualitasCorpus-20130901r/Systems/apache-tomcat-7.0.2-src/java/org/apache/coyote/Request.java
  parameters.setQuery(queryMB)
  parameters.setURLDecoder(urlDecoder)
/Users/lukeinkster/Documents/QualitasCorpus-20130901r/Systems/apache-tomcat-7.0.2-src/java/org/apache/tomcat/util/threads/TaskThreadFactory.java
  group=(s!=null)?s.getThreadGroup():Thread.currentThread().getThreadGroup()
/Users/lukeinkster/Documents/QualitasCorpus-20130901r/Systems/apache-tomcat-7.0.2-src/java/org/apache/tomcat/util/net/SecureNioChannel.java
  bufHandler.expand(bufHandler.getReadBuffer(),appBufSize)
  bufHandler.expand(bufHandler.getWriteBuffer(),appBufSize)
  reset()
/Users/lukeinkster/Documents/QualitasCorpus-20130901r/Systems/apache-tomcat-7.0.2-src/java/org/apache/catalina/startup/EngineRuleSet.java
  this("")
/Users/lukeinkster/Documents/QualitasCorpus-20130901r/Systems/apache-tomcat-7.0.2-src/java/org/apache/catalina/core/ApplicationFilterConfig.java
  setFilterDef(filterDef)
/Users/lukeinkster/Documents/QualitasCorpus-20130901r/Systems/apache-tomcat-7.0.2-src/java/org/apache/catalina/valves/ValveBase.java
  this(false)
/Users/lukeinkster/Documents/QualitasCorpus-20130901r/Systems/apache-tomcat-7.0.2-src/java/org/apache/catalina/ant/JKStatusUpdateTask.java
  setUrl("http://localhost/status")
/Users/lukeinkster/Documents/QualitasCorpus-20130901r/Systems/apache-tomcat-7.0.2-src/java/org/apache/catalina/LifecycleEvent.java
  this(lifecycle,type,null)
/Users/lukeinkster/Documents/QualitasCorpus-20130901r/Systems/apache-tomcat-7.0.2-src/java/org/apache/coyote/ajp/AjpAprProtocol.java
  setSoLinger(Constants.DEFAULT_CONNECTION_LINGER)
  setSoTimeout(Constants.DEFAULT_CONNECTION_TIMEOUT)
  setTcpNoDelay(Constants.DEFAULT_TCP_NO_DELAY)
/Users/lukeinkster/Documents/QualitasCorpus-20130901r/Systems/apache-tomcat-7.0.2-src/java/org/apache/jasper/xmlparser/XMLStringBuffer.java
  this(DEFAULT_SIZE)
  this(1)
  append(c)
  this(s.length())
  append(s)
  this(length)
  append(ch,offset,length)
  this(s.length)
  append(s)
/Users/lukeinkster/Documents/QualitasCorpus-20130901r/Systems/apache-tomcat-7.0.2-src/java/org/apache/catalina/filters/ExpiresFilter.java
  this(startingPoint,Arrays.asList(durations))
/Users/lukeinkster/Documents/QualitasCorpus-20130901r/Systems/apache-tomcat-7.0.2-src/java/org/apache/catalina/core/StandardPipeline.java
  this(null)
  setContainer(container)
/Users/lukeinkster/Documents/QualitasCorpus-20130901r/Systems/apache-tomcat-7.0.2-src/java/org/apache/jasper/compiler/TldLocation.java
  this(entryName,(JarResource)null)
  this(entryName,getJarResource(resourceUrl))
/Users/lukeinkster/Documents/QualitasCorpus-20130901r/Systems/apache-tomcat-7.0.2-src/java/org/apache/catalina/core/StandardContext.java
  pipeline.setBasic(newStandardContextValve())
/Users/lukeinkster/Documents/QualitasCorpus-20130901r/Systems/apache-tomcat-7.0.2-src/java/org/apache/naming/NamingContext.java
  this(env,name)
/Users/lukeinkster/Documents/QualitasCorpus-20130901r/Systems/apache-tomcat-7.0.2-src/java/org/apache/naming/resources/Resource.java
  setContent(inputStream)
  setContent(binaryContent)
/Users/lukeinkster/Documents/QualitasCorpus-20130901r/Systems/apache-tomcat-7.0.2-src/java/org/apache/tomcat/util/digester/SetRootRule.java
  this(methodName)
  this(methodName,paramType)
  this(methodName,null)
/Users/lukeinkster/Documents/QualitasCorpus-20130901r/Systems/apache-tomcat-7.0.2-src/java/org/apache/catalina/tribes/membership/MemberImpl.java
  setHostname(host)
  this(host,port,aliveTime)
  setPayload(payload)
/Users/lukeinkster/Documents/QualitasCorpus-20130901r/Systems/apache-tomcat-7.0.2-src/java/org/apache/catalina/authenticator/SingleSignOnEntry.java
  updateCredentials(principal,authType,username,password)
/Users/lukeinkster/Documents/QualitasCorpus-20130901r/Systems/apache-tomcat-7.0.2-src/java/org/apache/catalina/ssi/ExpressionParseTree.java
  parseExpression(expr)
/Users/lukeinkster/Documents/QualitasCorpus-20130901r/Systems/apache-tomcat-7.0.2-src/java/org/apache/catalina/tribes/tipis/AbstractReplicatedMap.java
  init(owner,channel,mapContextName,timeout,channelSendOptions,cls)
  setKey(key)
  setValue(value)
  setValue(value)
  setKey(key)
/Users/lukeinkster/Documents/QualitasCorpus-20130901r/Systems/apache-tomcat-7.0.2-src/java/org/apache/catalina/connector/Response.java
  urlEncoder.addSafeCharacter('/')
/Users/lukeinkster/Documents/QualitasCorpus-20130901r/Systems/apache-tomcat-7.0.2-src/java/org/apache/tomcat/util/bcel/classfile/Annotations.java
  this(annotation_type,name_index,length,(AnnotationEntry[])null,constant_pool)
  setAnnotationTable(annotation_table)
/Users/lukeinkster/Documents/QualitasCorpus-20130901r/Systems/apache-tomcat-7.0.2-src/java/org/apache/catalina/deploy/LoginConfig.java
  setAuthMethod(authMethod)
  setRealmName(realmName)
  setLoginPage(loginPage)
  setErrorPage(errorPage)
/Users/lukeinkster/Documents/QualitasCorpus-20130901r/Systems/apache-tomcat-7.0.2-src/java/org/apache/el/parser/ELParserTokenManager.java
  this(stream)
  SwitchTo(lexState)
/Users/lukeinkster/Documents/QualitasCorpus-20130901r/Systems/apache-tomcat-7.0.2-src/java/org/apache/tomcat/util/net/JIoEndpoint.java
  this(socket)
/Users/lukeinkster/Documents/QualitasCorpus-20130901r/Systems/apache-tomcat-7.0.2-src/java/org/apache/catalina/users/MemoryUser.java
  setUsername(username)
  setPassword(password)
  setFullName(fullName)
/Users/lukeinkster/Documents/QualitasCorpus-20130901r/Systems/apache-tomcat-7.0.2-src/java/org/apache/coyote/http11/Http11AprProtocol.java
  setSoLinger(Constants.DEFAULT_CONNECTION_LINGER)
  setSoTimeout(Constants.DEFAULT_CONNECTION_TIMEOUT)
  setTcpNoDelay(Constants.DEFAULT_TCP_NO_DELAY)
/Users/lukeinkster/Documents/QualitasCorpus-20130901r/Systems/apache-tomcat-7.0.2-src/java/org/apache/coyote/http11/InternalNioOutputBuffer.java
  this(response,Constants.DEFAULT_HTTP_HEADER_BUFFER_SIZE)
  HttpMessages.getMessage(200)
/Users/lukeinkster/Documents/QualitasCorpus-20130901r/Systems/apache-tomcat-7.0.2-src/java/org/apache/tomcat/util/bcel/classfile/ConstantValue.java
  this(name_index,length,file.readUnsignedShort(),constant_pool)
/Users/lukeinkster/Documents/QualitasCorpus-20130901r/Systems/apache-tomcat-7.0.2-src/java/org/apache/tomcat/util/bcel/classfile/LocalVariable.java
  this(file.readUnsignedShort(),file.readUnsignedShort(),file.readUnsignedShort(),file.readUnsignedShort(),file.readUnsignedShort(),constant_pool)
/Users/lukeinkster/Documents/QualitasCorpus-20130901r/Systems/apache-tomcat-7.0.2-src/java/org/apache/catalina/ha/backend/CollectedInfo.java
  init(host,port)
/Users/lukeinkster/Documents/QualitasCorpus-20130901r/Systems/apache-tomcat-7.0.2-src/java/javax/el/CompositeELResolver.java
  this.guaranteeIterator()
/Users/lukeinkster/Documents/QualitasCorpus-20130901r/Systems/apache-tomcat-7.0.2-src/java/org/apache/catalina/connector/OutputBuffer.java
  this(DEFAULT_BUFFER_SIZE)
  bb.setLimit(size)
  bb.setByteOutputChannel(this)
/Users/lukeinkster/Documents/QualitasCorpus-20130901r/Systems/apache-tomcat-7.0.2-src/java/org/apache/tomcat/util/buf/UEncoder.java
  initSafeChars()
/Users/lukeinkster/Documents/QualitasCorpus-20130901r/Systems/apache-tomcat-7.0.2-src/java/org/apache/coyote/http11/InternalAprOutputBuffer.java
  this(response,Constants.DEFAULT_HTTP_HEADER_BUFFER_SIZE)
  HttpMessages.getMessage(200)
/Users/lukeinkster/Documents/QualitasCorpus-20130901r/Systems/apache-tomcat-7.0.2-src/java/org/apache/tomcat/util/bcel/classfile/InnerClasses.java
  setInnerClasses(inner_classes)
  this(name_index,length,(InnerClass[])null,constant_pool)
/Users/lukeinkster/Documents/QualitasCorpus-20130901r/Systems/apache-tomcat-7.0.2-src/java/org/apache/tomcat/util/bcel/classfile/CodeException.java
  this(file.readUnsignedShort(),file.readUnsignedShort(),file.readUnsignedShort(),file.readUnsignedShort())
/Users/lukeinkster/Documents/QualitasCorpus-20130901r/Systems/apache-tomcat-7.0.2-src/java/org/apache/tomcat/util/http/fileupload/FileCleaningTracker.java
  setPriority(Thread.MAX_PRIORITY)
  setDaemon(true)
/Users/lukeinkster/Documents/QualitasCorpus-20130901r/Systems/apache-tomcat-7.0.2-src/java/javax/servlet/jsp/tagext/TagAttributeInfo.java
  this(name,required,type,reqTime)
  this(name,required,type,reqTime,fragment)
/Users/lukeinkster/Documents/QualitasCorpus-20130901r/Systems/apache-tomcat-7.0.2-src/java/org/apache/tomcat/util/digester/CallParamRule.java
  this(paramIndex,null)
/Users/lukeinkster/Documents/QualitasCorpus-20130901r/Systems/apache-tomcat-7.0.2-src/java/org/apache/tomcat/util/net/jsse/JSSEImplementation.java
  Class.forName(SSLSocketClass)
/Users/lukeinkster/Documents/QualitasCorpus-20130901r/Systems/apache-tomcat-7.0.2-src/java/org/apache/tomcat/util/bcel/classfile/EnclosingMethod.java
  this(nameIndex,len,dis.readUnsignedShort(),dis.readUnsignedShort(),cpool)
/Users/lukeinkster/Documents/QualitasCorpus-20130901r/Systems/apache-tomcat-7.0.2-src/java/org/apache/tomcat/util/http/fileupload/DeferredFileOutputStream.java
  this(threshold,(File)null)
/Users/lukeinkster/Documents/QualitasCorpus-20130901r/Systems/apache-tomcat-7.0.2-src/java/org/apache/tomcat/util/bcel/classfile/StackMapType.java
  this(file.readByte(),-1,constant_pool)
  setConstantPool(constant_pool)
  setType(type)
  setIndex(index)
  setConstantPool(constant_pool)
/Users/lukeinkster/Documents/QualitasCorpus-20130901r/Systems/apache-tomcat-7.0.2-src/java/org/apache/tomcat/util/digester/ObjectParamRule.java
  this(paramIndex,null,param)
/Users/lukeinkster/Documents/QualitasCorpus-20130901r/Systems/apache-tomcat-7.0.2-src/java/org/apache/jasper/xmlparser/XMLString.java
  setValues(ch,offset,length)
  setValues(string)
/Users/lukeinkster/Documents/QualitasCorpus-20130901r/Systems/apache-tomcat-7.0.2-src/java/org/apache/tomcat/util/bcel/classfile/Unknown.java
  unknown_attributes.put(name,this)
  this(name_index,length,(byte[])null,constant_pool)
/Users/lukeinkster/Documents/QualitasCorpus-20130901r/Systems/apache-tomcat-7.0.2-src/java/org/apache/tomcat/util/bcel/classfile/StackMapEntry.java
  this(file.readShort(),file.readShort(),null,-1,null)
/Users/lukeinkster/Documents/QualitasCorpus-20130901r/Systems/apache-tomcat-7.0.2-src/java/org/apache/catalina/realm/JAASCallbackHandler.java
  this(realm,username,password)
/Users/lukeinkster/Documents/QualitasCorpus-20130901r/Systems/apache-tomcat-7.0.2-src/java/javax/servlet/ServletSecurityElement.java
  addHttpMethodConstraints(httpMethodConstraints)
  this(httpConstraintElement,null)
  addHttpMethodConstraints(httpMethodConstraints)
  this(newHttpConstraintElement(annotation.value().value(),annotation.value().transportGuarantee(),annotation.value().rolesAllowed()))
  addHttpMethodConstraints(l)
/Users/lukeinkster/Documents/QualitasCorpus-20130901r/Systems/apache-tomcat-7.0.2-src/java/org/apache/coyote/http11/Http11Processor.java
  request.setInputBuffer(inputBuffer)
  response.setHook(this)
  response.setOutputBuffer(outputBuffer)
  request.setResponse(response)
  initializeFilters()
  HexUtils.load()
/Users/lukeinkster/Documents/QualitasCorpus-20130901r/Systems/apache-tomcat-7.0.2-src/java/org/apache/jasper/runtime/JspContextWrapper.java
  syncBeginTagFile()
/Users/lukeinkster/Documents/QualitasCorpus-20130901r/Systems/apache-tomcat-7.0.2-src/java/org/apache/el/parser/SimpleCharStream.java
  column=startcolumn-1
  available=bufsize=buffersize
  this(dstream,startline,startcolumn,4096)
  this(dstream,1,1,4096)
  this(encoding==null?newjava.io.InputStreamReader(dstream):newjava.io.InputStreamReader(dstream,encoding),startline,startcolumn,buffersize)
  this(newjava.io.InputStreamReader(dstream),startline,startcolumn,buffersize)
  this(dstream,encoding,startline,startcolumn,4096)
  this(dstream,startline,startcolumn,4096)
  this(dstream,encoding,1,1,4096)
  this(dstream,1,1,4096)
/Users/lukeinkster/Documents/QualitasCorpus-20130901r/Systems/apache-tomcat-7.0.2-src/java/org/apache/catalina/tribes/transport/bio/util/FastQueue.java
  lock.setAddWaitTimeout(addWaitTimeout)
  lock.setRemoveWaitTimeout(removeWaitTimeout)
/Users/lukeinkster/Documents/QualitasCorpus-20130901r/Systems/apache-tomcat-7.0.2-src/java/org/apache/catalina/ha/session/DeltaRequest.java
  init(type,action,name,value)
/Users/lukeinkster/Documents/QualitasCorpus-20130901r/Systems/apache-tomcat-7.0.2-src/java/org/apache/coyote/http11/InternalOutputBuffer.java
  this(response,Constants.DEFAULT_HTTP_HEADER_BUFFER_SIZE)
  socketBuffer.setByteOutputChannel(this)
/Users/lukeinkster/Documents/QualitasCorpus-20130901r/Systems/apache-tomcat-7.0.2-src/java/org/apache/tomcat/util/bcel/classfile/LocalVariableTable.java
  setLocalVariableTable(local_variable_table)
  this(name_index,length,(LocalVariable[])null,constant_pool)
/Users/lukeinkster/Documents/QualitasCorpus-20130901r/Systems/apache-tomcat-7.0.2-src/java/org/apache/tomcat/util/bcel/classfile/ConstantClass.java
  this(file.readUnsignedShort())
/Users/lukeinkster/Documents/QualitasCorpus-20130901r/Systems/apache-tomcat-7.0.2-src/java/org/apache/juli/FileHandler.java
  this(null,null,null)
  configure()
  openWriter()
/Users/lukeinkster/Documents/QualitasCorpus-20130901r/Systems/apache-tomcat-7.0.2-src/java/org/apache/catalina/tribes/group/ChannelCoordinator.java
  this()
  this.setClusterReceiver(receiver)
  this.setClusterSender(sender)
  this.setMembershipService(service)
/Users/lukeinkster/Documents/QualitasCorpus-20130901r/Systems/apache-tomcat-7.0.2-src/java/org/apache/tomcat/util/bcel/classfile/LineNumberTable.java
  setLineNumberTable(line_number_table)
  this(name_index,length,(LineNumber[])null,constant_pool)
/Users/lukeinkster/Documents/QualitasCorpus-20130901r/Systems/apache-tomcat-7.0.2-src/java/org/apache/tomcat/util/net/URL.java
  this(null,spec)
  this(protocol,host,-1,file)
/Users/lukeinkster/Documents/QualitasCorpus-20130901r/Systems/apache-tomcat-7.0.2-src/java/org/apache/catalina/realm/GenericPrincipal.java
  this(name,password,null)
  this(name,password,roles,null)
  this(name,password,roles,userPrincipal,null)
/Users/lukeinkster/Documents/QualitasCorpus-20130901r/Systems/apache-tomcat-7.0.2-src/java/org/apache/tomcat/util/bcel/classfile/InnerClass.java
  this(file.readUnsignedShort(),file.readUnsignedShort(),file.readUnsignedShort(),file.readUnsignedShort())
/Users/lukeinkster/Documents/QualitasCorpus-20130901r/Systems/apache-tomcat-7.0.2-src/java/org/apache/tomcat/util/bcel/classfile/LocalVariableTypeTable.java
  setLocalVariableTable(local_variable_table)
  this(nameIdx,len,(LocalVariable[])null,cpool)
/Users/lukeinkster/Documents/QualitasCorpus-20130901r/Systems/apache-tomcat-7.0.2-src/java/org/apache/coyote/http11/InternalInputBuffer.java
  this(request,Constants.DEFAULT_HTTP_HEADER_BUFFER_SIZE)
/Users/lukeinkster/Documents/QualitasCorpus-20130901r/Systems/apache-tomcat-7.0.2-src/java/org/apache/jasper/compiler/AttributeParser.java
  this.type=getType(input)
/Users/lukeinkster/Documents/QualitasCorpus-20130901r/Systems/apache-tomcat-7.0.2-src/java/org/apache/juli/logging/LogConfigurationException.java
  this(((cause==null)?null:cause.toString()),cause)
/Users/lukeinkster/Documents/QualitasCorpus-20130901r/Systems/apache-tomcat-7.0.2-src/java/org/apache/catalina/startup/WebRuleSet.java
  this("",false)
  this("",fragment)
/Users/lukeinkster/Documents/QualitasCorpus-20130901r/Systems/apache-tomcat-7.0.2-src/java/org/apache/catalina/users/MemoryRole.java
  setRolename(rolename)
  setDescription(description)
/Users/lukeinkster/Documents/QualitasCorpus-20130901r/Systems/apache-tomcat-7.0.2-src/java/org/apache/tomcat/util/modeler/ManagedBean.java
  ai.setName("modelerType")
  ai.setDescription("Type of the modeled resource. Can be set only once")
  ai.setType("java.lang.String")
  ai.setWriteable(false)
  addAttribute(ai)
/Users/lukeinkster/Documents/QualitasCorpus-20130901r/Systems/apache-tomcat-7.0.2-src/java/org/apache/jasper/xmlparser/SymbolTable.java
  this(TABLE_SIZE)
  symbol.getChars(0,characters.length,characters,0)
  System.arraycopy(ch,offset,characters,0,length)
/Users/lukeinkster/Documents/QualitasCorpus-20130901r/Systems/apache-tomcat-7.0.2-src/java/org/apache/catalina/startup/ClusterRuleSetFactory.java
  this("")
/Users/lukeinkster/Documents/QualitasCorpus-20130901r/Systems/apache-tomcat-7.0.2-src/java/org/apache/catalina/startup/Embedded.java
  this(null)
  setRealm(realm)
  setSecurityProtection()
/Users/lukeinkster/Documents/QualitasCorpus-20130901r/Systems/apache-tomcat-7.0.2-src/java/org/apache/tomcat/util/net/NioEndpoint.java
  reset(ch,k,intOps)
  reset(socket,status)
/Users/lukeinkster/Documents/QualitasCorpus-20130901r/Systems/apache-tomcat-7.0.2-src/java/org/apache/catalina/tribes/transport/SenderState.java
  this(READY)
/Users/lukeinkster/Documents/QualitasCorpus-20130901r/Systems/apache-tomcat-7.0.2-src/java/org/apache/jasper/compiler/Node.java
  addToParent(parent)
  addToParent(parent)
  addToParent(parent)
  addToParent(parent)
  this(JSP_PAGE_DIRECTIVE_ACTION,attrs,null,null,start,parent)
  this(JSP_INCLUDE_DIRECTIVE_ACTION,attrs,null,null,start,parent)
  this(JSP_TAG_DIRECTIVE_ACTION,attrs,null,null,start,parent)
  this(JSP_ATTRIBUTE_DIRECTIVE_ACTION,attrs,null,null,start,parent)
  this(JSP_VARIABLE_DIRECTIVE_ACTION,attrs,null,null,start,parent)
  this(JSP_INVOKE_ACTION,attrs,null,null,start,parent)
  this(JSP_DOBODY_ACTION,attrs,null,null,start,parent)
  this(JSP_PARAM_ACTION,attrs,null,null,start,parent)
  this(JSP_PARAMS_ACTION,null,null,start,parent)
  this(JSP_FALLBACK_ACTION,null,null,start,parent)
  this(JSP_INCLUDE_ACTION,attrs,null,null,start,parent)
  this(JSP_FORWARD_ACTION,attrs,null,null,start,parent)
  this(JSP_GET_PROPERTY_ACTION,attrs,null,null,start,parent)
  this(JSP_SET_PROPERTY_ACTION,attrs,null,null,start,parent)
  this(JSP_USE_BEAN_ACTION,attrs,null,null,start,parent)
  this(JSP_PLUGIN_ACTION,attrs,null,null,start,parent)
  this(JSP_ELEMENT_ACTION,attrs,null,null,start,parent)
  this(qName,prefix,localName,uri,attrs,null,null,start,parent,tagInfo,tagHandlerClass)
  this.customNestingLevel=makeCustomNestingLevel()
  this(qName,prefix,localName,uri,attrs,null,null,start,parent,tagFileInfo)
  this.customNestingLevel=makeCustomNestingLevel()
  this(JSP_ATTRIBUTE_ACTION,attrs,null,null,start,parent)
  this(JSP_BODY_ACTION,null,null,start,parent)
  list.add(root)
/Users/lukeinkster/Documents/QualitasCorpus-20130901r/Systems/apache-tomcat-7.0.2-src/java/org/apache/catalina/util/ManifestResource.java
  processManifest(manifest)
/Users/lukeinkster/Documents/QualitasCorpus-20130901r/Systems/apache-tomcat-7.0.2-src/java/org/apache/tomcat/util/buf/B2CConverter.java
  reset()
/Users/lukeinkster/Documents/QualitasCorpus-20130901r/Systems/apache-tomcat-7.0.2-src/java/org/apache/tomcat/util/bcel/classfile/StackMapTable.java
  setStackMapTable(map)
  this(name_index,length,(StackMapTableEntry[])null,constant_pool)
/Users/lukeinkster/Documents/QualitasCorpus-20130901r/Systems/apache-tomcat-7.0.2-src/java/org/apache/jasper/xmlparser/UCSReader.java
  this(inputStream,DEFAULT_BUFFER_SIZE,encoding)
/Users/lukeinkster/Documents/QualitasCorpus-20130901r/Systems/apache-tomcat-7.0.2-src/java/org/apache/catalina/util/DOMWriter.java
  this(getWriterEncoding(),canonical)
/Users/lukeinkster/Documents/QualitasCorpus-20130901r/Systems/apache-tomcat-7.0.2-src/java/org/apache/catalina/ha/session/DeltaSession.java
  this(null)
  this.resetDeltaRequest()
/Users/lukeinkster/Documents/QualitasCorpus-20130901r/Systems/apache-tomcat-7.0.2-src/java/org/apache/coyote/http11/InternalNioInputBuffer.java
  headerParsePos=HeaderParsePosition.HEADER_START
  headerData.recycle()
/Users/lukeinkster/Documents/QualitasCorpus-20130901r/Systems/apache-tomcat-7.0.2-src/java/org/apache/tomcat/util/bcel/classfile/StackMap.java
  setStackMap(map)
  this(name_index,length,(StackMapEntry[])null,constant_pool)
/Users/lukeinkster/Documents/QualitasCorpus-20130901r/Systems/apache-tomcat-7.0.2-src/webapps/examples/WEB-INF/classes/num/NumberGuessBean.java
  reset()
/Users/lukeinkster/Documents/QualitasCorpus-20130901r/Systems/apache-tomcat-7.0.2-src/java/org/apache/catalina/core/ApplicationRequest.java
  setRequest(request)
/Users/lukeinkster/Documents/QualitasCorpus-20130901r/Systems/apache-tomcat-7.0.2-src/java/org/apache/tomcat/util/bcel/classfile/SourceFile.java
  this(name_index,length,file.readUnsignedShort(),constant_pool)
/Users/lukeinkster/Documents/QualitasCorpus-20130901r/Systems/apache-tomcat-7.0.2-src/java/org/apache/tomcat/util/http/fileupload/FileUploadException.java
  this(null,null)
  this(msg,null)
/Users/lukeinkster/Documents/QualitasCorpus-20130901r/Systems/apache-tomcat-7.0.2-src/java/org/apache/naming/EjbRef.java
  this(ejbType,home,remote,link,null,null)
/Users/lukeinkster/Documents/QualitasCorpus-20130901r/Systems/apache-tomcat-7.0.2-src/java/org/apache/catalina/ssi/SSIProcessor.java
  addBuiltinCommands()
/Users/lukeinkster/Documents/QualitasCorpus-20130901r/Systems/apache-tomcat-7.0.2-src/java/org/apache/coyote/http11/Http11AprProcessor.java
  request.setInputBuffer(inputBuffer)
  response.setHook(this)
  response.setOutputBuffer(outputBuffer)
  request.setResponse(response)
  initializeFilters()
  HexUtils.load()
/Users/lukeinkster/Documents/QualitasCorpus-20130901r/Systems/apache-tomcat-7.0.2-src/java/org/apache/catalina/connector/Request.java
  formats[0].setTimeZone(GMT_ZONE)
  formats[1].setTimeZone(GMT_ZONE)
  formats[2].setTimeZone(GMT_ZONE)
/Users/lukeinkster/Documents/QualitasCorpus-20130901r/Systems/apache-tomcat-7.0.2-src/java/org/apache/catalina/core/ApplicationHttpRequest.java
  setRequest(request)
/Users/lukeinkster/Documents/QualitasCorpus-20130901r/Systems/apache-tomcat-7.0.2-src/java/org/apache/tomcat/util/bcel/classfile/Code.java
  this(name_index,length,file.readUnsignedShort(),file.readUnsignedShort(),(byte[])null,(CodeException[])null,(Attribute[])null,constant_pool)
  file.readFully(code)
  setCode(code)
  setExceptionTable(exception_table)
  setAttributes(attributes)
/Users/lukeinkster/Documents/QualitasCorpus-20130901r/Systems/apache-tomcat-7.0.2-src/java/org/apache/tomcat/util/bcel/classfile/Signature.java
  this(name_index,length,file.readUnsignedShort(),constant_pool)
/Users/lukeinkster/Documents/QualitasCorpus-20130901r/Systems/apache-tomcat-7.0.2-src/java/org/apache/catalina/tribes/io/XByteBuffer.java
  this(data,data.length+128,discard)
  System.arraycopy(data,0,buf,0,data.length)
  bufSize=data.length
/Users/lukeinkster/Documents/QualitasCorpus-20130901r/Systems/apache-tomcat-7.0.2-src/java/org/apache/catalina/core/StandardServer.java
  globalNamingResources.setContainer(this)
/Users/lukeinkster/Documents/QualitasCorpus-20130901r/Systems/apache-tomcat-7.0.2-src/java/org/apache/naming/ResourceLinkRef.java
  this(resourceClass,globalName,null,null)
/Users/lukeinkster/Documents/QualitasCorpus-20130901r/Systems/apache-tomcat-7.0.2-src/java/org/apache/catalina/tribes/UniqueId.java
  System.arraycopy(id,offset,this.id,0,length)
/Users/lukeinkster/Documents/QualitasCorpus-20130901r/Systems/apache-tomcat-7.0.2-src/java/org/apache/tomcat/util/http/fileupload/FileUploadBase.java
  boundary=getBoundary(contentType)
  multi.setHeaderEncoding(charEncoding)
  findNextItem()
/Users/lukeinkster/Documents/QualitasCorpus-20130901r/Systems/apache-tomcat-7.0.2-src/java/org/apache/catalina/users/MemoryGroup.java
  setGroupname(groupname)
  setDescription(description)
/Users/lukeinkster/Documents/QualitasCorpus-20130901r/Systems/apache-tomcat-7.0.2-src/java/org/apache/tomcat/util/http/fileupload/MultipartStream.java
  System.arraycopy(BOUNDARY_PREFIX,0,this.boundary,0,BOUNDARY_PREFIX.length)
  System.arraycopy(boundary,0,this.boundary,BOUNDARY_PREFIX.length,boundary.length)
  this(input,boundary,DEFAULT_BUFSIZE,pNotifier)
  findSeparator()
/Users/lukeinkster/Documents/QualitasCorpus-20130901r/Systems/apache-tomcat-7.0.2-src/java/org/apache/catalina/connector/ClientAbortException.java
  this(null,null)
  this(message,null)
  this(null,throwable)
/Users/lukeinkster/Documents/QualitasCorpus-20130901r/Systems/apache-tomcat-7.0.2-src/java/org/apache/jasper/compiler/JspReader.java
  this(ctxt,fname,encoding,JspUtil.getReader(fname,encoding,jarFile,ctxt,err),err)
  pushFile(fname,encoding,reader)
/Users/lukeinkster/Documents/QualitasCorpus-20130901r/Systems/apache-tomcat-7.0.2-src/java/org/apache/coyote/http11/Http11NioProtocol.java
  setSoLinger(Constants.DEFAULT_CONNECTION_LINGER)
  setSoTimeout(Constants.DEFAULT_CONNECTION_TIMEOUT)
  setTcpNoDelay(Constants.DEFAULT_TCP_NO_DELAY)
/Users/lukeinkster/Documents/QualitasCorpus-20130901r/Systems/apache-tomcat-7.0.2-src/java/org/apache/catalina/tribes/group/interceptors/MessageDispatchInterceptor.java
  setOptionFlag(Channel.SEND_OPTIONS_ASYNCHRONOUS)
/Users/lukeinkster/Documents/QualitasCorpus-20130901r/Systems/apache-tomcat-7.0.2-src/java/org/apache/catalina/deploy/SecurityCollection.java
  this(null,null)
  this(name,null)
  setName(name)
  setDescription(description)
/Users/lukeinkster/Documents/QualitasCorpus-20130901r/Systems/apache-tomcat-7.0.2-src/java/org/apache/catalina/tribes/membership/Membership.java
  this(local,false)
  this(local,comp,false)
  this(local,includeLocal)
/Users/lukeinkster/Documents/QualitasCorpus-20130901r/Systems/apache-tomcat-7.0.2-src/java/org/apache/tomcat/util/net/jsse/JSSESupport.java
  sock.addHandshakeCompletedListener(listener)
/Users/lukeinkster/Documents/QualitasCorpus-20130901r/Systems/apache-tomcat-7.0.2-src/java/org/apache/el/parser/Token.java
  this(kind,null)
/Users/lukeinkster/Documents/QualitasCorpus-20130901r/Systems/apache-tomcat-7.0.2-src/java/org/apache/tomcat/util/bcel/classfile/ConstantDouble.java
  this(file.readDouble())
/Users/lukeinkster/Documents/QualitasCorpus-20130901r/Systems/apache-tomcat-7.0.2-src/java/org/apache/el/parser/ELParser.java
  this(stream,null)
/Users/lukeinkster/Documents/QualitasCorpus-20130901r/Systems/apache-tomcat-7.0.2-src/java/org/apache/catalina/util/Enumerator.java
  this(collection.iterator())
  this(collection.iterator(),clone)
  this(map.values().iterator())
  this(map.values().iterator(),clone)
/Users/lukeinkster/Documents/QualitasCorpus-20130901r/Systems/apache-tomcat-7.0.2-src/java/org/apache/tomcat/util/bcel/classfile/Synthetic.java
  this(name_index,length,(byte[])null,constant_pool)
/Users/lukeinkster/Documents/QualitasCorpus-20130901r/Systems/apache-tomcat-7.0.2-src/java/org/apache/catalina/core/StandardWrapper.java
  pipeline.setBasic(swValve)
/Users/lukeinkster/Documents/QualitasCorpus-20130901r/Systems/apache-tomcat-7.0.2-src/java/org/apache/catalina/startup/RealmRuleSet.java
  this("")
/Users/lukeinkster/Documents/QualitasCorpus-20130901r/Systems/apache-tomcat-7.0.2-src/java/org/apache/catalina/tribes/membership/McastService.java
  properties.setProperty("mcastPort","45564")
  properties.setProperty("mcastAddress","228.0.0.4")
  properties.setProperty("memberDropTime","3000")
  properties.setProperty("mcastFrequency","500")
/Users/lukeinkster/Documents/QualitasCorpus-20130901r/Systems/apache-tomcat-7.0.2-src/java/org/apache/catalina/startup/NamingRuleSet.java
  this("")
/Users/lukeinkster/Documents/QualitasCorpus-20130901r/Systems/apache-tomcat-7.0.2-src/java/org/apache/catalina/core/StandardEngine.java
  pipeline.setBasic(newStandardEngineValve())
/Users/lukeinkster/Documents/QualitasCorpus-20130901r/Systems/apache-tomcat-7.0.2-src/java/org/apache/jasper/util/Enumerator.java
  this(collection.iterator())
  this(collection.iterator(),clone)
  this(map.values().iterator())
  this(map.values().iterator(),clone)
/Users/lukeinkster/Documents/QualitasCorpus-20130901r/Systems/apache-tomcat-7.0.2-src/java/org/apache/naming/ServiceRef.java
  this(refname,serviceInterface,serviceQname,wsdl,jaxrpcmapping,null,null)
/Users/lukeinkster/Documents/QualitasCorpus-20130901r/Systems/apache-tomcat-7.0.2-src/java/org/apache/catalina/ha/ClusterRuleSet.java
  this("")
/Users/lukeinkster/Documents/QualitasCorpus-20130901r/Systems/apache-tomcat-7.0.2-src/java/org/apache/naming/resources/FileDirContext.java
  getCreation()
  getLastModified()
/Users/lukeinkster/Documents/QualitasCorpus-20130901r/Systems/apache-tomcat-7.0.2-src/java/org/apache/naming/ResourceRef.java
  this(resourceClass,description,scope,auth,null,null)
/Users/lukeinkster/Documents/QualitasCorpus-20130901r/Systems/apache-tomcat-7.0.2-src/java/org/apache/tomcat/util/buf/CharChunk.java
  allocate(size,-1)
/Users/lukeinkster/Documents/QualitasCorpus-20130901r/Systems/apache-tomcat-7.0.2-src/java/org/apache/catalina/core/StandardHost.java
  pipeline.setBasic(newStandardHostValve())
/Users/lukeinkster/Documents/QualitasCorpus-20130901r/Systems/apache-tomcat-7.0.2-src/java/org/apache/tomcat/util/digester/SetTopRule.java
  this(methodName)
  this(methodName,paramType)
  this(methodName,null)
/Users/lukeinkster/Documents/QualitasCorpus-20130901r/Systems/apache-tomcat-7.0.2-src/java/org/apache/catalina/connector/InputBuffer.java
  this(DEFAULT_BUFFER_SIZE)
  bb.setLimit(size)
  bb.setByteInputChannel(this)
  cb.setLimit(size)
  cb.setOptimizedWrite(false)
  cb.setCharInputChannel(this)
  cb.setCharOutputChannel(this)
/Users/lukeinkster/Documents/QualitasCorpus-20130901r/Systems/apache-tomcat-7.0.2-src/java/org/apache/tomcat/util/bcel/classfile/PMGClass.java
  this(name_index,length,file.readUnsignedShort(),file.readUnsignedShort(),constant_pool)
/Users/lukeinkster/Documents/QualitasCorpus-20130901r/Systems/apache-tomcat-7.0.2-src/java/org/apache/catalina/connector/Connector.java
  this(null)
  setProtocol(protocol)
/Users/lukeinkster/Documents/QualitasCorpus-20130901r/Systems/apache-tomcat-7.0.2-src/java/org/apache/coyote/http11/Http11NioProcessor.java
  request.setInputBuffer(inputBuffer)
  response.setHook(this)
  response.setOutputBuffer(outputBuffer)
  request.setResponse(response)
  initializeFilters()
  HexUtils.load()
/Users/lukeinkster/Documents/QualitasCorpus-20130901r/Systems/apache-tomcat-7.0.2-src/java/org/apache/jasper/JspCompilationContext.java
  this.jspUri=canonicalURI(jspUri)
  this.basePackageName=Constants.JSP_PACKAGE_NAME
  this(tagfile,false,options,context,jsw,rctxt)
/Users/lukeinkster/Documents/QualitasCorpus-20130901r/Systems/apache-tomcat-7.0.2-src/java/org/apache/tomcat/util/bcel/classfile/ConstantFloat.java
  this(file.readFloat())
/Users/lukeinkster/Documents/QualitasCorpus-20130901r/Systems/apache-tomcat-7.0.2-src/java/org/apache/catalina/tribes/transport/ReceiverBase.java
  group=(s!=null)?s.getThreadGroup():Thread.currentThread().getThreadGroup()
/Users/lukeinkster/Documents/QualitasCorpus-20130901r/Systems/apache-tomcat-7.0.2-src/java/org/apache/tomcat/util/bcel/classfile/ParameterAnnotations.java
  this(parameter_annotation_type,name_index,length,(ParameterAnnotationEntry[])null,constant_pool)
  setParameterAnnotationTable(parameter_annotation_table)
/Users/lukeinkster/Documents/QualitasCorpus-20130901r/Systems/apache-tomcat-7.0.2-src/java/org/apache/tomcat/util/digester/SetNextRule.java
  this(methodName)
  this(methodName,paramType)
  this(methodName,null)
/Users/lukeinkster/Documents/QualitasCorpus-20130901r/Systems/apache-tomcat-7.0.2-src/java/org/apache/jasper/compiler/JspUtil.java
  this(name,mandatory,false)
  this(name,false)
/Users/lukeinkster/Documents/QualitasCorpus-20130901r/Systems/apache-tomcat-7.0.2-src/java/org/apache/catalina/realm/MemoryRuleSet.java
  this("tomcat-users/")
/Users/lukeinkster/Documents/QualitasCorpus-20130901r/Systems/apache-tomcat-7.0.2-src/java/org/apache/juli/AsyncFileHandler.java
  this(null,null,null)
  open()
  this.setDaemon(true)
  this.setName("AsyncFileHandlerWriter-"+System.identityHashCode(this))
/Users/lukeinkster/Documents/QualitasCorpus-20130901r/Systems/apache-tomcat-7.0.2-src/java/org/apache/catalina/ha/session/SessionMessageImpl.java
  this(contextName,eventtype,session,sessionID)
/Users/lukeinkster/Documents/QualitasCorpus-20130901r/Systems/apache-tomcat-7.0.2-src/java/org/apache/tomcat/util/http/fileupload/disk/DiskFileItemFactory.java
  this(DEFAULT_SIZE_THRESHOLD,null)
/Users/lukeinkster/Documents/QualitasCorpus-20130901r/Systems/apache-tomcat-7.0.2-src/java/org/apache/tomcat/util/buf/ByteChunk.java
  allocate(initial,-1)
/Users/lukeinkster/Documents/QualitasCorpus-20130901r/Systems/apache-tomcat-7.0.2-src/java/org/apache/catalina/tribes/io/ObjectReader.java
  this(channel.socket())
/Users/lukeinkster/Documents/QualitasCorpus-20130901r/Systems/apache-tomcat-7.0.2-src/java/org/apache/catalina/ha/session/SerializablePrincipal.java
  this(name,password,null)
  this(name,password,roles,null)
/Users/lukeinkster/Documents/QualitasCorpus-20130901r/Systems/apache-tomcat-7.0.2-src/java/org/apache/catalina/core/ApplicationHttpResponse.java
  this(response,false)
  setIncluded(included)
/Users/lukeinkster/Documents/QualitasCorpus-20130901r/Systems/apache-tomcat-7.0.2-src/test/org/apache/catalina/tribes/demos/MapDemo.java
  channel.addChannelListener(this)
  channel.addMembershipListener(this)
  this.messageReceived(null,null)
  this.setComponentOrientation(ComponentOrientation.LEFT_TO_RIGHT)
  table.setPreferredScrollableViewportSize(newDimension(WIDTH,150))
  setLayout(newBoxLayout(this,BoxLayout.Y_AXIS))
  add(scrollPane)
  addpanel.setPreferredSize(newDimension(WIDTH,30))
  addpanel.add(createButton("Add","add"))
  addpanel.add(txtAddKey)
  addpanel.add(txtAddValue)
  addpanel.setMaximumSize(newDimension(WIDTH,30))
  add(addpanel)
  removepanel.setPreferredSize(newDimension(WIDTH,30))
  removepanel.add(createButton("Remove","remove"))
  removepanel.add(txtRemoveKey)
  removepanel.setMaximumSize(newDimension(WIDTH,30))
  add(removepanel)
  changepanel.add(createButton("Change","change"))
  changepanel.add(txtChangeKey)
  changepanel.add(txtChangeValue)
  changepanel.setPreferredSize(newDimension(WIDTH,30))
  changepanel.setMaximumSize(newDimension(WIDTH,30))
  add(changepanel)
  syncpanel.add(createButton("Synchronize","sync"))
  syncpanel.add(createButton("Replicate","replicate"))
  syncpanel.add(createButton("Random","random"))
  syncpanel.setPreferredSize(newDimension(WIDTH,30))
  syncpanel.setMaximumSize(newDimension(WIDTH,30))
  add(syncpanel)
/Users/lukeinkster/Documents/QualitasCorpus-20130901r/Systems/apache-tomcat-7.0.2-src/java/org/apache/coyote/http11/Http11Protocol.java
  setSoLinger(Constants.DEFAULT_CONNECTION_LINGER)
  setSoTimeout(Constants.DEFAULT_CONNECTION_TIMEOUT)
  setTcpNoDelay(Constants.DEFAULT_TCP_NO_DELAY)
/Users/lukeinkster/Documents/QualitasCorpus-20130901r/Systems/apache-tomcat-7.0.2-src/java/org/apache/tomcat/util/bcel/classfile/ConstantCP.java
  this(tag,file.readUnsignedShort(),file.readUnsignedShort())
/Users/lukeinkster/Documents/QualitasCorpus-20130901r/Systems/apache-tomcat-7.0.2-src/java/org/apache/tomcat/jni/Library.java
  System.loadLibrary(libraryName)
/Users/lukeinkster/Documents/QualitasCorpus-20130901r/Systems/apache-tomcat-7.0.2-src/java/org/apache/tomcat/util/bcel/classfile/ConstantInteger.java
  this(file.readInt())
/Users/lukeinkster/Documents/QualitasCorpus-20130901r/Systems/apache-tomcat-7.0.2-src/java/org/apache/jasper/compiler/SmapUtil.java
  orig=readWhole(inClassFile)
  addSDE()
  outStream.write(gen,0,genPos)
  outStream.close()
/Users/lukeinkster/Documents/QualitasCorpus-20130901r/Systems/apache-tomcat-7.0.2-src/java/org/apache/catalina/valves/ExtendedAccessLogValve.java
  currentTimestampFormat.setTimeZone(TimeZone.getTimeZone("GMT"))
/Users/lukeinkster/Documents/QualitasCorpus-20130901r/Systems/apache-tomcat-7.0.2-src/webapps/examples/WEB-INF/classes/dates/JspCalendar.java
  calendar.setTime(trialTime)
/Users/lukeinkster/Documents/QualitasCorpus-20130901r/Systems/apache-tomcat-7.0.2-src/java/org/apache/tomcat/util/bcel/classfile/StackMapTableEntry.java
  this(file.read(),-1,-1,null,-1,null)
/Users/lukeinkster/Documents/QualitasCorpus-20130901r/Systems/apache-tomcat-7.0.2-src/java/org/apache/jasper/el/ELContextImpl.java
  this(ELResolverImpl.getDefaultResolver())
/Users/lukeinkster/Documents/QualitasCorpus-20130901r/Systems/apache-tomcat-7.0.2-src/java/org/apache/naming/TransactionRef.java
  this(null,null)
/Users/lukeinkster/Documents/QualitasCorpus-20130901r/Systems/apache-tomcat-7.0.2-src/java/org/apache/tomcat/util/http/fileupload/ByteArrayOutputStream.java
  this(1024)
  needNewBuffer(size)
/Users/lukeinkster/Documents/QualitasCorpus-20130901r/Systems/apache-tomcat-7.0.2-src/java/org/apache/catalina/core/ApplicationContextFacade.java
  initClassCache()
/Users/lukeinkster/Documents/QualitasCorpus-20130901r/Systems/apache-tomcat-7.0.2-src/java/org/apache/juli/ClassLoaderLogManager.java
  this(parent,null)
/Users/lukeinkster/Documents/QualitasCorpus-20130901r/Systems/apache-tomcat-7.0.2-src/java/org/apache/jasper/compiler/JarURLResource.java
  this(jarURL.toExternalForm())
/Users/lukeinkster/Documents/QualitasCorpus-20130901r/Systems/apache-tomcat-7.0.2-src/java/org/apache/tomcat/util/bcel/classfile/FieldOrMethod.java
  this(file.readUnsignedShort(),file.readUnsignedShort(),file.readUnsignedShort(),null,constant_pool)
  setAttributes(attributes)
/Users/lukeinkster/Documents/QualitasCorpus-20130901r/Systems/apache-tomcat-7.0.2-src/webapps/examples/WEB-INF/classes/async/AsyncStockServlet.java
  System.out.println("AsyncStockServlet created")
/Users/lukeinkster/Documents/QualitasCorpus-20130901r/Systems/apache-tomcat-7.0.2-src/java/org/apache/tomcat/util/digester/CallMethodRule.java
  this(0,methodName,paramCount)
  this(0,methodName,0,(Class[])null)
  this(targetOffset,methodName,0,(Class[])null)
  this(0,methodName,paramCount,paramTypes)
  this(0,methodName,paramCount,paramTypes)
/Users/lukeinkster/Documents/QualitasCorpus-20130901r/Systems/apache-tomcat-7.0.2-src/java/org/apache/tomcat/util/digester/NodeCreateRule.java
  this(Node.ELEMENT_NODE)
  this(Node.ELEMENT_NODE,documentBuilder)
  this(nodeType,DocumentBuilderFactory.newInstance().newDocumentBuilder())
/Users/lukeinkster/Documents/QualitasCorpus-20130901r/Systems/apache-tomcat-7.0.2-src/test/org/apache/catalina/tribes/demos/MembersWithProperties.java
  channel.addMembershipListener(this)
  mchannel.getMembershipService().setPayload(getPayload(props))
/Users/lukeinkster/Documents/QualitasCorpus-20130901r/Systems/apache-tomcat-7.0.2-src/webapps/examples/WEB-INF/classes/cal/JspCalendar.java
  calendar.setTime(trialTime)
/Users/lukeinkster/Documents/QualitasCorpus-20130901r/Systems/apache-tomcat-7.0.2-src/java/org/apache/jasper/runtime/JspWriterImpl.java
  this(response,Constants.DEFAULT_BUFFER_SIZE,true)
/Users/lukeinkster/Documents/QualitasCorpus-20130901r/Systems/apache-tomcat-7.0.2-src/java/org/apache/jasper/compiler/JspRuntimeContext.java
  classpath=initClassPath()
/Users/lukeinkster/Documents/QualitasCorpus-20130901r/Systems/apache-tomcat-7.0.2-src/java/org/apache/catalina/tribes/group/interceptors/NonBlockingCoordinator.java
  parse()
  this.write()
  this.view=((NonBlockingCoordinator)interceptor).view
  this.suggestedView=((NonBlockingCoordinator)interceptor).suggestedView
/Users/lukeinkster/Documents/QualitasCorpus-20130901r/Systems/apache-tomcat-7.0.2-src/java/org/apache/jasper/xmlparser/TreeNode.java
  this(name,null)
/Users/lukeinkster/Documents/QualitasCorpus-20130901r/Systems/apache-tomcat-7.0.2-src/java/org/apache/catalina/LifecycleException.java
  this(null,null)
  this(message,null)
  this(null,throwable)
/Users/lukeinkster/Documents/QualitasCorpus-20130901r/Systems/apache-tomcat-7.0.2-src/java/org/apache/coyote/ajp/AjpProcessor.java
  request.setInputBuffer(newSocketInputBuffer())
  response.setHook(this)
  response.setOutputBuffer(newSocketOutputBuffer())
  request.setResponse(response)
  getBodyMessage.reset()
  getBodyMessage.appendByte(Constants.JK_AJP13_GET_BODY_CHUNK)
  getBodyMessage.appendInt(Constants.MAX_READ_SIZE+packetSize-Constants.MAX_PACKET_SIZE)
  getBodyMessage.end()
  System.arraycopy(getBodyMessage.getBuffer(),0,getBodyMessageArray,0,getBodyMessage.getLen())
  HexUtils.load()
  HttpMessages.getMessage(200)
/Users/lukeinkster/Documents/QualitasCorpus-20130901r/Systems/apache-tomcat-7.0.2-src/java/org/apache/jasper/compiler/Mark.java
  this.reader=other.reader
  this.stream=other.stream
  this.fileId=other.fileId
  this.fileName=other.fileName
  this.cursor=other.cursor
  this.line=other.line
  this.col=other.col
  this.baseDir=other.baseDir
  this.encoding=other.encoding
/Users/lukeinkster/Documents/QualitasCorpus-20130901r/Systems/apache-tomcat-7.0.2-src/java/org/apache/tomcat/util/bcel/classfile/ConstantLong.java
  this(file.readLong())
/Users/lukeinkster/Documents/QualitasCorpus-20130901r/Systems/apache-tomcat-7.0.2-src/java/org/apache/catalina/tribes/io/ChannelData.java
  this(true)
/Users/lukeinkster/Documents/QualitasCorpus-20130901r/Systems/apache-tomcat-7.0.2-src/java/org/apache/naming/HandlerRef.java
  this(refname,handlerClass,null,null)
/Users/lukeinkster/Documents/QualitasCorpus-20130901r/Systems/apache-tomcat-7.0.2-src/java/org/apache/tomcat/util/digester/FactoryCreateRule.java
  this(className,false)
  this(clazz,false)
  this(className,attributeName,false)
  this(clazz,attributeName,false)
  this(creationFactory,false)
  this(className,null,ignoreCreateExceptions)
  this(clazz,null,ignoreCreateExceptions)
  this(clazz.getName(),attributeName,ignoreCreateExceptions)
/Users/lukeinkster/Documents/QualitasCorpus-20130901r/Systems/apache-tomcat-7.0.2-src/java/org/apache/tomcat/util/digester/SetPropertiesRule.java
  this()
/Users/lukeinkster/Documents/QualitasCorpus-20130901r/Systems/apache-tomcat-7.0.2-src/java/org/apache/tomcat/util/http/MimeHeaders.java
  findNext()
  findNext()
/Users/lukeinkster/Documents/QualitasCorpus-20130901r/Systems/apache-tomcat-7.0.2-src/java/org/apache/tomcat/util/bcel/classfile/AnnotationDefault.java
  this(name_index,length,(ElementValue)null,constant_pool)
  setDefaultValue(defaultValue)
/Users/lukeinkster/Documents/QualitasCorpus-20130901r/Systems/apache-tomcat-7.0.2-src/java/org/apache/catalina/realm/JAASMemoryLoginModule.java
  log.debug("MEMORY LOGIN MODULE")
/Users/lukeinkster/Documents/QualitasCorpus-20130901r/Systems/apache-tomcat-7.0.2-src/java/org/apache/catalina/loader/WebappLoader.java
  this(null)
/Users/lukeinkster/Documents/QualitasCorpus-20130901r/Systems/apache-tomcat-7.0.2-src/java/org/apache/jasper/xmlparser/XMLEncodingDetector.java
  fCurrentEntity=this
/Users/lukeinkster/Documents/QualitasCorpus-20130901r/Systems/api.debugger/examples/importdebug/org/netbeans/modules/debugger/importd/ImportWatch.java
  init()
/Users/lukeinkster/Documents/QualitasCorpus-20130901r/Systems/api.debugger/src/org/netbeans/debugger/registry/ContextAwareServiceHandler.java
  this(serviceName,serviceClasses,methodValues,null)
/Users/lukeinkster/Documents/QualitasCorpus-20130901r/Systems/api.debugger/examples/importdebugII/org/netbeans/modules/debugger/importd2/ImportWatch.java
  init()
/Users/lukeinkster/Documents/QualitasCorpus-20130901r/Systems/api.debugger/src/org/netbeans/api/debugger/Lookup.java
  setContext(this)
  setUp()
  moduleLookupResult.addLookupListener(WeakListeners.create(org.openide.util.LookupListener.class,modulesChangeListener,moduleLookupResult))
  this(list(folder,service),listLookup(folder,service),service)
  this(l,lr,getHiddenClassNames(l),service)
  fillInstances(l,lr,s)
  listenOnDisabledModules()
/Users/lukeinkster/Documents/QualitasCorpus-20130901r/Systems/api.debugger/src/org/netbeans/api/debugger/Session.java
  System.arraycopy(services,0,s,0,services.length)
  s[s.length-1]=this
/Users/lukeinkster/Documents/QualitasCorpus-20130901r/Systems/api.debugger/src/org/netbeans/api/debugger/DebuggerEngine.java
  System.arraycopy(services,0,services1,0,services.length)
  services1[services1.length-1]=this
/Users/lukeinkster/Documents/QualitasCorpus-20130901r/Systems/api.debugger/src/org/netbeans/api/debugger/DebuggerInfo.java
  System.arraycopy(services,0,s,0,services.length)
  s[s.length-1]=this
/Users/lukeinkster/Documents/QualitasCorpus-20130901r/Systems/api.debugger.jpda/src/org/netbeans/api/debugger/jpda/DebuggerStartException.java
  initCause(t)
/Users/lukeinkster/Documents/QualitasCorpus-20130901r/Systems/api.java.classpath/src/org/netbeans/api/java/classpath/ClassPath.java
  this.impl.addPropertyChangeListener(WeakListeners.propertyChange(this.pListener,this.impl))
/Users/lukeinkster/Documents/QualitasCorpus-20130901r/Systems/api.java.classpath/test/unit/src/org/netbeans/api/java/classpath/GlobalPathRegistryTest.java
  MockServices.setServices(SFBQImpl.class,DeadLockSFBQImpl.class)
/Users/lukeinkster/Documents/QualitasCorpus-20130901r/Systems/api.java.classpath/src/org/netbeans/modules/java/classpath/SimplePathResourceImplementation.java
  verify(root,null)
/Users/lukeinkster/Documents/QualitasCorpus-20130901r/Systems/api.java.classpath/src/org/netbeans/modules/java/classpath/SimpleClassPathImplementation.java
  this(newArrayList<PathResourceImplementation>())
/Users/lukeinkster/Documents/QualitasCorpus-20130901r/Systems/api.java.classpath/src/org/netbeans/api/java/classpath/ClassLoaderSupport.java
  setDefaultPermissions(getAllPermissions())
  cp.addPropertyChangeListener(propListener)
/Users/lukeinkster/Documents/QualitasCorpus-20130901r/Systems/api.progress/test/unit/src/org/netbeans/api/progress/ProgressHandleTest.java
  getContentPane().add(component)
/Users/lukeinkster/Documents/QualitasCorpus-20130901r/Systems/api.progress/src/org/netbeans/modules/progress/spi/Controller.java
  timer.setRepeats(false)
/Users/lukeinkster/Documents/QualitasCorpus-20130901r/Systems/api.progress/src/org/netbeans/api/progress/ProgressHandle.java
  LOG.fine(internal.getDisplayName())
/Users/lukeinkster/Documents/QualitasCorpus-20130901r/Systems/api.progress/src/org/netbeans/modules/progress/spi/ProgressEvent.java
  this(src,type,isWatched)
  this(src,TYPE_PROGRESS,isWatched)
  this(src,msg,units,percentage,estimate,isWatched)
/Users/lukeinkster/Documents/QualitasCorpus-20130901r/Systems/api.visual/src/org/netbeans/modules/visual/layout/CardLayout.java
  cardLayoutWidget.setCheckClipping(true)
/Users/lukeinkster/Documents/QualitasCorpus-20130901r/Systems/api.visual/src/org/netbeans/api/visual/animator/AnimatorEvent.java
  this(animator,Double.NaN)
/Users/lukeinkster/Documents/QualitasCorpus-20130901r/Systems/api.visual/src/org/netbeans/modules/visual/graph/layout/HierarchicalLayout.java
  this(scene,animate,inverted,X_OFFSET,LAYER_OFFSET)
  this(scene,animate,false)
  this(null,false)
/Users/lukeinkster/Documents/QualitasCorpus-20130901r/Systems/api.visual/src/org/netbeans/api/visual/anchor/Anchor.java
  this(anchorSceneLocation,EnumSet.of(direction))
/Users/lukeinkster/Documents/QualitasCorpus-20130901r/Systems/api.visual/src/org/netbeans/api/visual/vmd/VMDPinWidget.java
  this(scene,VMDFactory.getOriginalScheme())
  setLayout(LayoutFactory.createHorizontalFlowLayout(LayoutFactory.SerialAlignment.CENTER,8))
  addChild(nameWidget=newLabelWidget(scene))
  addChild(glyphsWidget=newVMDGlyphSetWidget(scene))
  scheme.installUI(this)
  notifyStateChanged(ObjectState.createNormal(),ObjectState.createNormal())
/Users/lukeinkster/Documents/QualitasCorpus-20130901r/Systems/api.visual/src/org/netbeans/modules/visual/graph/layout/orthogonalsupport/FlowNetwork.java
  this()
  this()
  production=4-vertex.getDegree()
  sourceNode.addOutputArc(this)
  destinationNode.addInputArc(this)
  source=getNode(network.getSource())
  sink=getNode(network.getSink())
  setCost(arc.getCost())
/Users/lukeinkster/Documents/QualitasCorpus-20130901r/Systems/api.visual/src/org/netbeans/api/visual/vmd/VMDNodeWidget.java
  this(scene,VMDFactory.getOriginalScheme())
  setLayout(LayoutFactory.createVerticalFlowLayout())
  setMinimumSize(newDimension(128,8))
  header.setLayout(LayoutFactory.createHorizontalFlowLayout(LayoutFactory.SerialAlignment.CENTER,8))
  addChild(header)
  minimizeWidget.setCursor(Cursor.getPredefinedCursor(Cursor.HAND_CURSOR))
  minimizeWidget.getActions().addAction(newToggleMinimizedAction())
  header.addChild(imageWidget)
  nameWidget.setFont(scene.getDefaultFont().deriveFont(Font.BOLD))
  header.addChild(nameWidget)
  typeWidget.setForeground(Color.BLACK)
  header.addChild(typeWidget)
  header.addChild(glyphSetWidget)
  addChild(pinsSeparator)
  addChild(topLayer)
  stateModel.addListener(this)
  scheme.installUI(this)
  notifyStateChanged(ObjectState.createNormal(),ObjectState.createNormal())
/Users/lukeinkster/Documents/QualitasCorpus-20130901r/Systems/api.visual/src/org/netbeans/api/visual/widget/general/ListItemWidget.java
  GeomUtil.LOG.warning("org.netbeans.api